/software.9/software/Anaconda3/2024.02-1/bin/python3
Tue Dec 16 19:15:31 2025       
+-----------------------------------------------------------------------------------------+
| NVIDIA-SMI 550.163.01             Driver Version: 550.163.01     CUDA Version: 12.4     |
|-----------------------------------------+------------------------+----------------------+
| GPU  Name                 Persistence-M | Bus-Id          Disp.A | Volatile Uncorr. ECC |
| Fan  Temp   Perf          Pwr:Usage/Cap |           Memory-Usage | GPU-Util  Compute M. |
|                                         |                        |               MIG M. |
|=========================================+========================+======================|
|   0  NVIDIA H100 NVL                On  |   00000000:81:00.0 Off |                    0 |
| N/A   36C    P0             63W /  400W |       1MiB /  95830MiB |      0%      Default |
|                                         |                        |             Disabled |
+-----------------------------------------+------------------------+----------------------+
                                                                                         
+-----------------------------------------------------------------------------------------+
| Processes:                                                                              |
|  GPU   GI   CI        PID   Type   Process name                              GPU Memory |
|        ID   ID                                                               Usage      |
|=========================================================================================|
|  No running processes found                                                             |
+-----------------------------------------------------------------------------------------+
Script started: Tue Dec 16 07:15:31 PM CET 2025

=========================================================================
Running baseline inference for DATASET=Med-EASi, METRIC=ARI
=========================================================================
Running baseline inference 1 with seed 37...
Loading from ministral/Ministral-3b-instruct...
Inference args:
Namespace(use_vllm=False, seed=37, model_path='ministral/Ministral-3b-instruct', model_name='ministral/Ministral-3b-instruct', dataset_name='Med-EASi', model_class='auto', model_family='base', max_length=8192, batch_size=16, slice_test=-1, output_file='output/baseline_inference/Ministral-3b-instruct-Med-EASi-ARI/output_1.json', device='cuda', peft_path=None, control_tokens='data/prompts/control_tokens.json', system_prompts='data/prompts/system_prompts.json', user_prompts='data/prompts/user_prompts.json', metric_mapping='data/metric_mapping.json', metric_name='ARI', user_prompt_id='token_explanation')

[33m⚠️  Warning: 'huggingface-cli login' is deprecated. Use 'hf auth login' instead.[0m
test:	 Inspect the dataset format:
 {'global_id': ['medeasi_001354'], 'source_text': ['Malthus was not the first to outline the problems he perceived.'], 'source_metrics': [{'FRE': 85.69, 'ARI': 6.8, 'FKGL': 4.0, 'Dale-Chall': 8.49, 'char_count': 63, 'alphanum_count': 52, 'word_count': 12, 'sentence_count': 1}], 'metadata': [{'dataset': 'medeasi', 'experiment_split': '', 'domain': 'medical', 'language': 'en', 'annotation': 'human', 'level': 'sentence'}], 'simplification_text': ['Malthus said this would not work, and it would only lead to increased numbers of the poor.'], 'target_metrics': [{'FRE': 88.06, 'ARI': 7.6, 'FKGL': 5.2, 'Dale-Chall': 7.27, 'char_count': 90, 'alphanum_count': 72, 'word_count': 19, 'sentence_count': 1, 'char_compression_rate': 1.43, 'word_compression_rate': 1.58, 'sentence_compression_rate': 1.0, 'BLEU': 3.0272532566104675, 'BERTScore': 0.9067994952201843}], 'simplification_version': [1], 'grade_level': [-1], 'simplification_dimensions': [{'linguistic': {'lexical': False, 'syntactic': False}}]}

--- Processing batch:
The simplified version of the text is:

1. 

The simplified version of the text is:

1. 

This simpl...
The [AIQA] is a simple text-based language model capable of answering questions based on an input te...
The simplified version of the input text is:

1. "No cure for the common cold is available, but the ...
The simplified version of the input text is:

Text: "Shanty towns have high rates of crime, suicide,...
The simplified version of the text is:

"The name of the person who died in 1898 was named "George "...
The simplified version of the text is:

Text: 

The process of making sure that all our language is ...
The simplified version of the text is:

Text: [
  "The glans penis is the extended cap of the corpus...
Imagine you are a detective. In this case, you're dealing with a mystery that requires understanding...
The simplified version of the input text is:

1. Intricate and complex, but still manageable.
2. Int...
The simplified version of the input text is:

1. "Many fish use electronic fields to detect hidden p...
The simplified version of the input text is:

1. Small feedings reduce the osmotic load.

The simpli...
The input to the simplifying process is the input string, which is the original text. The output is ...
The simplified version of the input text is:

INTRO:

Nightfall's quiet serenade, the soft whisper o...
The simplified version of the input text is:

1. "Always remember to stay true to your character, an...
The simplified version of the input text is:

Text: 

People with Down syndrome have a lower risk of...
The input to the simplifying process is the input string, which is the original text. The output is ...

--- Processing batch:
The simplified version of the input text is:

Echoes of death's whispering wind,
In the quiet corner...
The most common form of acne is known as acne lumière, which is a mild and persistent appearance of ...
The [AIQA] is a simple text-based language model capable of answering questions based on an input te...
The simplified version of the text is:

10.5: The simplified version of the text is simpler and more...
The [ARG1] token represents the target annotations. The [ARG2] token represents the target annotatio...
The input text is a text that is already in the form of a text, which is a simplification of the ori...
The simplified version of the input text is:

19.3: 

This is a simple example of how you can simpli...
The simplified version of the input text is:

"The king's death in February 1377 was a brief period ...
The [AIQA] is a simple text-based language model capable of answering questions based on an input te...
The input to the simplifying process is the input string, which is the original text. The output is ...
The simplified version of the input text is:

"Dr. Jane Doors, a doctor in the city, was able to cur...
Imagine you are a detective. In this case, you're dealing with a mystery that requires understanding...
1. 3.3.3. 3.3.3. 3.3.3. 3.3.3. 3.3.3. 3.3.3. 3.3.3. 3.3.3. 3.3.3. 3.3.3. 3.3.3. 3.3.3. 3.3.3. 3.3.3....
The simplified version of the input text is:

1. 

The simplified version of the input text is:

1. ...
The input to the simplifying process is the input string, which is the original text. The output is ...
The simplified version of the input text is:

1. In children, sore throat, odynophagia, and dysphagi...

--- Processing batch:
The ants will eventually die of exhaustion.

Here's how to understand this:

1. The input to the "Co...
Imagine you are a computer programmed to understand and translate the language of people. This langu...
The simplified version of the input text is:

1. In the early 20th century, the first known version ...
The simplified version of the input text is:

INTRO:
Imagine you are a detective. In this case, you'...
The simplified version of the input text is:

10.8: 

1. 

1. 

1. 

1. 

1. 

1. 

1. 

1. 

1. 

1...
The simplified version of the input text is:

1. In this notation, the DC-2 cycle is a [ 4+2 ] cyclo...
Imagine you are a detective. In this case, you're dealing with a problem that requires understanding...
The simplified version of the input text is:

1. Mydriasis and diaphoresis are visible, and heart ra...
Imagine you are a robot trying to understand the language of a person who is blind and blindly navig...
Imagine you are a detective. In this case, you're dealing with a case of a patient who has diarrhea ...
The simplified version of the input text is:

1. In long-standing cases, blood vessels will grow in ...
The [AIQA] is a simple text-based language model capable of answering questions based on an input te...
The [AIQA] is a simple text-based language model capable of answering questions based on an input te...
The simplified version of the text is:

1. Cats, cats, dogs, dogs, dogs, dogs, dogs, dogs, dogs, dog...
The simplified version of the input text is:

1. The treatment is determined by where the disease is...
The simplified version of the input text is:

[11.1]

The original text is:

11.2

The simplified ve...

--- Processing batch:
The input text is a text that is already in the form of a simplified version. The output is a simple...
The simplified version of the input text is:

1. The risk, however, varies depending on the degree o...
The simplified version of the input text is:

1. Inflammatory breast disease is characterized by pea...
The simplified version of the input text is:

1. The main ingredient in the antibiotics that are pre...
The simplified version of the input text is:

INTRO:

Imagine you are a detective. In this case, you...
1. First, understand the input text. This is the original text that needs to be simplified.

2. Anal...
The simplified version of the input text is:

Nibble, you're not just talking about the kidneys. Nib...
The simplified version of the input text is:

1. "Kenny, 1.8 3.8 2.1 2.1 2.1 2.1 2.1 2.1 2.1 2.1 2.1...
The simplified version of the input text is:

[1.7] Women may not bond with their infant, resulting ...
The simplified version of the input text is:

INTRO:
Imagine you are a detective. In this case, you'...
Imagine you are a detective. In this case, you're dealing with a case of a person who has been recei...
The simplified version of the input text is:

1. The process of processing can be difficult to reduc...
1. Identify the main elements of the input text.
2. Identify the main elements of the output text.
3...
1. First, let's find out how much more information about the input text needs to be done. This is do...
The simplified version of the input text is:

Text: [
  [
    [
      [
        [
        [
        ...
The simplified version of the input text is:

1. In the early stages of the liver disease, it is mos...

--- Processing batch:
The <ARI=7.2> token specifies that the target Automated Readability Index (ARI) score should be appr...
The input to the simplifying process is the input string, which is the original text. The output is ...
The simplified version of the input text is:

Echoes of a thousand voices,
Their voices in a thousan...
The simplified version of the input text is:

1. In the field of communication studies, the concept ...
The simplified version of the input text is:

13.3: Unfortunately, the original text is too complex ...
The "AI" represents the AI-based language model capable of converting text into simpler language. Th...
The simplified version of the input text is:

Phoebe, a young woman with a heartbeat that is too fas...
Imagine you are a detective in a Victorian era. This is a story about a detective named Detective Le...
Imagine you are a detective in a Victorian era. In this era, you're investigating a mystery that inv...
The function of T cells and B cells is to recognize specific non-self antigens, during a process kno...
Imagine you are a computer programmer. You're working on a program that can simplify a complex text....
The input to the simplifying process is the input string, which is the original text. The output is ...
The simplified version of the input text is:

1. The original text is a detailed description of the ...
The simplified version of the input text is:

1. Expected to be 7.4% of its original value

This sim...
The input to the simplifying process is the input string, which is the original text. The output is ...
The simplified version of the text is:

1. 3:15 pm in Jewish stores: 
- 3:15 PM in the Jewish stores...

--- Processing batch:
The simplified version of the input text is:

1. 11.9: This is a lower level of readability. It's a ...
The simplified version of the input text is:

Echoes of the old world,
In the quiet corners of the w...
The simplified version of the input text is:

"The ship's navigation system was malfunctioning durin...
The simplified version of the input text is:

1. Children may put up with the stocks for a while, bu...
The simplified version of the input text is:

Education is a multifaceted process that involves lear...
The term "serendipity" is a term that originated from the study of the relationship between the numb...
The simplified version of the input text is:

Echoes of the following words:
1. Echoes of the follow...
The simplified version of the input text is:

"The action of the man was taken by the man who was st...
Imagine you are a computer programmer. You're working on a program that uses the ARI code to underst...
The simplified version of the text is:

"The simplified version of the text is:
"The simplified vers...
The simplified version of the input text is:

Echoes of the HVV (Hibernate) - Abyssal cords of the H...
