/storage/homefs/hh25g551/ondemand/data/taming-CATS/venv/bin/python3
Sun Jan 25 23:23:45 2026       
+-----------------------------------------------------------------------------------------+
| NVIDIA-SMI 550.163.01             Driver Version: 550.163.01     CUDA Version: 12.4     |
|-----------------------------------------+------------------------+----------------------+
| GPU  Name                 Persistence-M | Bus-Id          Disp.A | Volatile Uncorr. ECC |
| Fan  Temp   Perf          Pwr:Usage/Cap |           Memory-Usage | GPU-Util  Compute M. |
|                                         |                        |               MIG M. |
|=========================================+========================+======================|
|   0  NVIDIA H100 NVL                On  |   00000000:A1:00.0 Off |                    0 |
| N/A   35C    P0             59W /  400W |       1MiB /  95830MiB |      0%      Default |
|                                         |                        |             Disabled |
+-----------------------------------------+------------------------+----------------------+
                                                                                         
+-----------------------------------------------------------------------------------------+
| Processes:                                                                              |
|  GPU   GI   CI        PID   Type   Process name                              GPU Memory |
|        ID   ID                                                               Usage      |
|=========================================================================================|
|  No running processes found                                                             |
+-----------------------------------------------------------------------------------------+
Script started: Sun Jan 25 11:23:45 PM CET 2026

=========================================================================
Running baseline inference for DATASET=Med-EASi, METRIC=ARI
=========================================================================
Running baseline inference 1 with seed 37...
Loading from ministral/Ministral-3b-instruct...
Inference args:
Namespace(use_vllm=False, seed=37, model_path='ministral/Ministral-3b-instruct', model_name='ministral/Ministral-3b-instruct', dataset_name='Med-EASi', model_class='auto', model_family='base', max_length=4096, batch_size=16, slice_test=-1, output_file='output/baseline_inference/Ministral-3b-instruct-Med-EASi-ARI/output_1.json', device='cuda', peft_path=None, temperature=-1.0, control_tokens='data/prompts/control_tokens.json', system_prompts='data/prompts/system_prompts.json', user_prompts='data/prompts/user_prompts.json', metric_mapping='data/metric_mapping.json', metric_name='ARI', user_prompt_id='token_explanation')

test:	 Inspect the dataset format:
 {'global_id': ['medeasi_001354'], 'source_text': ['Malthus was not the first to outline the problems he perceived.'], 'source_metrics': [{'FRE': 85.69, 'ARI': 6.8, 'FKGL': 4.0, 'Dale-Chall': 8.49, 'char_count': 63, 'alphanum_count': 52, 'word_count': 12, 'sentence_count': 1}], 'metadata': [{'dataset': 'medeasi', 'experiment_split': '', 'domain': 'medical', 'language': 'en', 'annotation': 'human', 'level': 'sentence'}], 'simplification_text': ['Malthus said this would not work, and it would only lead to increased numbers of the poor.'], 'target_metrics': [{'FRE': 88.06, 'ARI': 7.6, 'FKGL': 5.2, 'Dale-Chall': 7.27, 'char_count': 90, 'alphanum_count': 72, 'word_count': 19, 'sentence_count': 1, 'char_compression_rate': 1.43, 'word_compression_rate': 1.58, 'sentence_compression_rate': 1.0, 'BLEU': 3.0272532566104675, 'BERTScore': 0.9067994952201843}], 'simplification_version': [1], 'grade_level': [-1], 'simplification_dimensions': [{'linguistic': {'lexical': False, 'syntactic': False}}]}
Using model's default temperature settings

--- Processing batch:
The simplified version of the text is:

1. 

The first to outline the problems he perceived.

1. 

T...
The [AIQA] is a simple text-based language model that can be used to simplify a given text. This lan...
The simplified version of the input text is:

1. "No cure for the common cold is available, but the ...
The simplified version of the input text is:

Text: "Shanty towns have high rates of crime, suicide,...
The simplified version of the text is:

"The name of the person who died in 1898 was named "George "...
The simplified version of the text is:

"The process of making sure that all our language is easy to...
The simplified version of the text is:

1. The glans penis is the extended cap of the corpus spongio...
The simplified version of the input text is:

1. "Imagine you are a detective in a Victorian era. In...
The simplified version of the input text is:

"The term "Computer Science" refers to a broad field t...
The simplified version of the input text is:

1. "Many fish use electronic fields to detect hidden p...
The simplified version of the input text is:

1. Small feedings reduce the osmotic load.

The simpli...
The input to the simplifying process is the input string, which is the original text. The output is ...
The simplified version of the input text is:

1. "Ncturnal thy waking hours are filled with the rhyt...
The simplified version of the input text is:

1. "Always remember to stay true to your family's valu...
The simplified version of the input text is:

1. People with Down syndrome have a lower risk of hard...
The simplified version of the input text will be:

1. 

The main ingredient in this new version of t...

--- Processing batch:
The simplified version of the input text is:

"The final answer is 6.2. 

The original text is:

"Th...
The simplified version of the input text is:

1. "The most common form of acne is known as acne lumi...
The [AIQA] is a simple text-based language model capable of answering questions based on an input te...
The simplified version of the text is:

10.5: The world is a sphere with a diameter of 10.5 centimet...
The [ARG1] token represents the target annotations for the following text. The input is a string tha...
The simplified version of the input text is:

[
  "The following is a simplified version of the orig...
The simplified version of the input text is:

19.3 * 19.3 = 99.3

The simplified version of the inpu...
The simplified version of the input text is:

"The king's death in February 1377 marked a brief peri...
The simplified version of the input text will be:

Original Text: [
  "The <ARI=3.8> system is used ...
The input to the simplifying process is the input string, which is the original text. The output is ...
The simplified version of the input text is:

"Dr. Jane Doors, a doctor in the city, was able to cur...
The simplified version of the input text is:

Text: [
  "The following symptoms are commonly associa...
The simplified version of the input text is:

1. 1.2 * 11.2 = 12.2

The simplified version of the in...
The simplified version of the input text will be:

1. 

1. 

1. 

1. 

1. 

1. 

1. 

1. 

1. 

1. 
...
The simplified version of the text is:

1. The appendix is located near the junction of the small in...
The simplified version of the input text is:

1. In children, sore throat, odynophagia, and dysphagi...

--- Processing batch:
The simplified version of the input text will be:

1. The ants will eventually die of exhaustion.

T...
The simplified version of the input text is:

1. Anaphyliasis is pronounced at least 3.8% of the tim...
The simplified version of the input text is:

1. It was first described by the Japanese physician Ha...
The simplified version of the input text is:

1. 

The simplified version of the input text is:

1. ...
The simplified version of the text is:

10.8: 

1. "Improve the overall readability of the text."
2....
The simplified version of the input text is:

1. In this notation, the DECRI is 12.2.

The key to un...
The simplified version of the input text is:

1. **Easy to understand**: The main ingredient in the ...
The simplified version of the input text is:

1. Mydriasis and diaphoresis are visible, and heart ra...
The simplified version of the input text is:

1. "The purpose of this text is to help users understa...
The simplified version of the input text is:

1. Patients who have diarrhea after meals should take ...
The simplified version of the input text will be:

1. In long-standing cases, blood vessels will gro...
The simplified version of the input text is:

1. 

The following is a simplified version of the inpu...
The [AIQA] is a simple text-based language model that can be used to simplify a given text. It uses ...
The simplified version of the text is:

1. Cats, cats, dogs, dogs, dogs, dogs, dogs, dogs, dogs, dog...
The simplified version of the text is:

"The treatment is determined by where the disease is acquire...
The simplified version of the input text will be:

1. "The <ARI=11.1> token represents the optimal o...

--- Processing batch:
The simplified version of the text is:

1. Expected to be 8.8% more readable by the following 3000 3...
The simplified version of the input text is:

1. The risk, however, varies depending on the degree o...
The simplified version of the input text will be:

1. Inflammatory breast disease is characterized b...
The simplified version of the input text is:

11.5: The <ARI=11.4> token represents a lower level of...
The simplified version of the text is:

1. 

Narrate:

1. 

1. 

1. 

1. 

1. 

1. 

1. 

1. 

1. 

...
The simplified version of the input text is:

Electronic Communication:
Electronic Communication is ...
The simplified version of the input text is:

1. "Nibble, nibble, nibble, nibble, nibble, nibble, ni...
The simplified version of the input text is:

1. "Kenny, 1.8 3.8 1.8 1.8 1.8 1.8 1.8 1.8 1.8 1.8 1.8...
The simplified version of the input text is:

"Women may not bond with their infant, resulting in em...
The simplified version of the input text will be:

Text: 

In chronic thromboomontionary thromboomon...
The simplified version of the input text is:

1. "The process of photosynthesis is a process that pr...
The simplified version of the input text will be:

1. "Some of the food waste produced by processing...
The simplified version of the input text is:

1. Patients may present with systemic symptoms such as...
The simplified version of the input text is:

1. Intellio: Intellio is a simple text-based calculato...
The simplified version of the input text is:

"Binges, often over several days, lead to an exhaustio...
The simplified version of the input text is:

1. Expected to be 11.9% of its original value

The sim...

--- Processing batch:
The simplified version of the input text is:

1. Infections occur in all kinds of environments.
2. T...
The simplified version of the input text is:

1. The main ingredient in a recipe, "Cooking the chick...
The simplified version of the input text is:

"When she suffered from bronchopneumonia as a child, h...
The simplified version of the input text is:

1. In the realm of aerial photography, the field of fi...
The simplified version of the input text is:

13.3: Unfortunately, the original text is too complex ...
The simplified version of the input text is:

Text: "The Taung skull is in repository at the Univers...
The simplified version of the input text is:

Phoebe, a young woman with a heartbeat that is too fas...
The simplified version of the text is:

"Real Shapeshifters" - "Imagine a world where shapeshifters ...
The simplified version of the input text is:

1. "The following are the simplified versions of the t...
The simplified version of the input text is:

"The function of T cells and B cells is to recognize n...
The simplified version of the input text will be:

1. Patients frequently have acute diarrhea with a...
The simplified version of the input text is:

1. Expected to hurt the ganglion by hitting it with a ...
The simplified version of the text is:

1. The original text is a detailed description of the follow...
The simplified version of the input text is:

1. Expected to be 7.4% of its original value

The simp...
The input to the simplifying process is the input string, which is the original text. The output is ...
The simplified version of the text is:

1. 10.8 

The simplified version of the text is:

10.8 

The...

--- Processing batch:
The simplified version of the input text is:

1. 11.9: This is a lower level of readability. It's a ...
The simplified version of the input text is:

1. "Pastlelelelelelelelelelelelelelelelelelelelelelele...
The simplified version of the input text is:

"The ship's navigation system was malfunctioning durin...
The simplified version of the input text is:

1. Children may put up with the stools as they do not ...
The simplified version of the input text is:

"The process of converting carbon dioxide into carbon ...
The simplified version of the input text will be:

Original Text: 

In the early stages of the devel...
The simplified version of the input text will be:

1. Intellio: The main ingredient in the original ...
The simplified version of the input text is:

"The action of a man being stabbed by an alligator."

...
The simplified version of the input text will be:

1. **Simple Text**: This is a simple text that ca...
The simplified version of the text is:

"Venom from stinging or biting insects such as the tingling ...
The simplified version of the input text will be:

1. Hepatitis C testing typically begins with bloo...
The simplified version of the input text is:

1. Infections in 5% of cases are mild, with a 50% chan...
The simplified version of the input text is:

1. The main ingredient in a person's diet, which is a ...
The simplified version of the input text will be:

"The Big Life, which released as a single on reco...
The simplified version of the input text is:

Original Text: [
  [
    [
      [
        [
        [...
The [AIQA] is a simple text-based language model capable of answering questions based on an input te...

--- Processing batch:
The input to the simplifying process is the input string, which is the original text. The output is ...
The simplified version of the input text is:

Echoes of the 1960s: 

Echoes of the 1960s are now on ...
The simplified version of the text is:

1. In the 1970s, antibiotic treatments and vaccines for lepr...
The simplified version of the input text is:

"The [Ri] is 13.9, so it's a good readability score fo...
The simplified version of the input text is:

"The West Highland Railway line was built along the 18...
The simplified version of the input text will be:

1. The 1970s and 1990s have been marked by signif...
The simplified version of the input text is:

1. 3.3.3.3.3.3.3.3.3.3.3.3.3.3.3.3.3.3.3.3.3.3.3.3.3.3...
The simplified version of the input text is:

"The Yankees' youthful youthful vigilance was once aga...
The simplified version of the text is:

1. Symptoms:
- Stress: Stress is a feeling of fullness, fati...
The simplified version of the input text is:

1. Expected to be 9.5.

The simplified version of the ...
The simplified version of the text is:

13.8: 

This is a simplified version of the original text. T...
The simplified version of the input text is:

"The concept of "animals reacting to threats with a ge...
The simplified version of the text is:

1. lumbricoides is the largest intestinal roundworm and is t...
The simplified version of the input text is:

1. 11.5: This is a low level of readability. It's a bi...
The simplified version of the input text is:

1. Underwater (hydrostatic) weighing is the most accur...
The simplified version of the input text is:

"Self-help groups can provide resources for personalit...

--- Processing batch:
The simplified version of the input text will be:

1. In inorganic chemistry, the SN1 reaction is co...
The simplified version of the input text is:

1. Joint symptoms, ranging from intermittent arthritis...
The simplified version of the input text is:

1. In people with seasonal conjunctivitis, fine papili...
The simplified version of the input text is:

"In this context, we find ourselves in a seabed region...
The simplified version of the input text is:

1. The main ingredient in gout is a tophus.
2. The mai...
The simplified version of the input text will be:

"He is also involved in charity work by raising m...
The simplified version of the input text is:

Nectarion: 
Nectarion is a class of mental disorders c...
The simplification should be as follows:

1. Identify the main features of the body of the breast.
2...
The simplified version of the input text will be:

1. The early stages are usually separated by an a...
The simplified version of the text is:

1. In the terminal stages of progression, progressive jaundi...
The simplified version of the input text is:

1. The number of cases of bacterial meningitis per yea...
The input to the simplifying process is the input string, which is the original text. The output is ...
The United States has consistently stated that India is a major source of illicit transport of women...
The simplified version of the input text is:

1. The diagnosis of abdominal migrains is challenging ...
The simplified version of the input text is:

1. "When you're tired of the old old world, you're tir...
The simplified version of the input text is:

1. The <ARI=14.7> token represents a 14.7% improvement...

--- Processing batch:
The simplified version of the input text is:

1. In 8 to 10% of untreated patients with typhoid feve...
The simplified version of the text is:

1. The simplified version of the text is:

1. The simplified...
The simplified version of the input text is:

"In a report to Congress, the American military govern...
The simplified version of the input text is:

Text: [
  [
    [
      [
        [
        [
        ...
The simplified version of the input text is:

1. The same disease, such as some cases of cancer, can...
The simplified version of the input text is:

1. "People with asthma, allergic rhints, and ultrasoni...
The simplified version of the input text is:

1. "The man who had an injury in the penis in the past...
The simplified version of the input text is:

Original Text: [
  [
    [
      [
        [
        [...
The simplified version of the input text will be:

1. **Imagine**: This is a simple text that can be...
The input to the simplifying process is the input string, which is the original text. The output is ...
The simplified version of the input text is:

"I'm just a story about a man who made fortune in the ...
The simplified version of the input text is:

1. Excretion is the process by which waste products of...
The simplified version of the input text is:

1. **Echo**: This is a simple text that can be underst...
The simplified version of the input text is:

Original Text: [
  [
    [
      [
        [
        [...
The simplified version of the input text will be:

1. Explanation:
   - The original text is a compl...
The simplified version of the input text is:

1. **Primary**: This stage is characterized by the pre...

--- Processing batch:
The simplified version of the input text is:

1. "Somewhat dangerous to the human body"
2. "Not too ...
The simplification should be as follows:

1. Genetic predisposition: This is a significant factor th...
The simplified version of the text is:

"The process of breaking down food into simpler compounds by...
The input to the simplifying process is the input string, which is the original text. The output is ...
The simplified version of the input text will be:

19.3 * 19.3 = 99.3

The simplified version of the...
The simplified version of the text is:

1. The main symptoms are caused by the gram-positive, monoli...
The [AIQA] is a simple example of how you can simplify a given text. The input to the AIQA model is ...
The simplified version of the input text is:

1. Expected to be 6.9% of the original text

The "soft...
The simplified version of the input text will be:

1. **Investigating the Enigma of the Enigma**: Th...
The simplified version of the input text is:

1. Cycle-to-to-to-to-to-to-to-to-to-to-to-to-to-to-to-...
The simplified version of the input text is:

1. In that aspect, the various thalamuses in this syst...
The simplified version of the input text is:

1. In organic synthesis an essential reaction involves...
The simplified version of the input text is:

"The process of converting a binary representation of ...
The simplified version of the text is:

1. **Imagine**: Imagine you are a detective. In this case, y...
The simplified version of the input text is:

1. The main ingredient in the process of making coffee...
The simplified version of the input text is:

13.7: 

The simplified version of the input text is:

...

--- Processing batch:
The simplified version of the input text is:

1. **Easy to Read**: This is a simple text that can be...
The simplified version of the input text is:

Urinary outflow obstruction, urinary retention, urinar...
The simplified version of the input text is:

1. "People who can be at risk of contracting sexually ...
The simplified version of the input text is:

"The process of detecting sinus infections is often do...
The simplified version of the input text will be:

"The 2012 Summer Paralympics and Olympics in Lond...
The simplified version of the input text is:

Text: [
  "The following is a simplified version of th...
The simplified version of the input text is:

1. Treatment for cerebrovascular disease will be consi...
The simplified version of the text is:

"The concept of pansexuality rejects the gender binary, the ...
The simplified version of the input text will be:

"Investigating the impact of various factors on t...
The simplified version of the input text will be:

1. 

The process of making sense of the input tex...
The simplified version of the input text is:

1. The original text is:

Text: [
    "In the early 20...
The simplified version of the text is:

"Sir William Ollie Ollie, a renowned physicist and chemist, ...
The simplified version of the input text is:

Text: [
  "Your Name: "
  "Alice
  "
  "I'm sorry to h...
The simplified version of the text is:

"The <ARI=14.6> token specifies that the target Automated Re...
The simplified version of the input text is:

1. The <ARI=23.9> token represents a level of readabil...
The simplified version of the input text is:

Original Text: 

In the field of genome engineering, n...

--- Processing batch:
The simplified version of the text is:

"In the context of the Advanced Readability Index (ARI) scor...
The simplified version of the input text is:

"The [Narrative of the [Narrative of the [Narrative of...
The simplified version of the input text will be:

1. 

1. 

1. 

1. 

1. 

1. 

1. 

1. 

1. 

1. 
...
The [ARG1] is a simple text that can be understood by the automatic translation engine. This is a si...
The simplified version of the input text will be:

Physiological adaptations enable the organism to ...
The input to the simplifying process is the input string, which is the original text. The output is ...
The simplified version of the input text is:

1. The process of making decisions in systems can be u...
The simplified version of the input text will be:

1. "Orion's Belt is a planet in the sky."

The si...
The simplified version of the input text will be:

1. Myocardial fibrosis, left ventricular hypertro...
The simplified version of the input text is:

1. The original text is a complex text that can be und...
The simplified version of the input text is:

Body dysmorphic disorder (BFD) is a persistent mental ...
The simplified version of the text is:

"The simplified version of the text is:

"The simplified ver...
Predictions saved to output/baseline_inference/Ministral-3b-instruct-Med-EASi-ARI/output_1.json
Baseline inference 2 completed.
Running evaluation script for Med-EASi - ARI...
--- Running evaluation...
Input files:	 ['output/baseline_inference/Ministral-3b-instruct-Med-EASi-ARI/output_1.json']
Metric:	 ARI
--- ARI losses:
Mean Squared Error (MSE): 204584.92239361705
Mean Absolute Error (MAE): 136.9494680851064
Standard Deviation of Errors: 433.72401896004067
Variance of Errors: 188116.5246228497

Saved loss values to stats.json
Updated averaged predictions file with per-sample losses: output/baseline_inference/Ministral-3b-instruct-Med-EASi-ARI/output_averaged.json
Scatter plot saved to output/baseline_inference/Ministral-3b-instruct-Med-EASi-ARI/ARI_scatter_plot.png
Legend saved to output/baseline_inference/Ministral-3b-instruct-Med-EASi-ARI/ARI_scatter_legend.png
Control attribute vs metrics plot saved as ARI_ctrl_attr_vs_metrics.png
Error-vs-metrics plots saved.
STD of error by reference bin saved as ARI_error_std_by_ref_bin.png
Plots saved to output/baseline_inference/Ministral-3b-instruct-Med-EASi-ARI

All plots saved to output/baseline_inference/Ministral-3b-instruct-Med-EASi-ARI

--- Mean metrics:
BLEU_to_source: BLEU_to_source: 0.57 (+0.61 -0.36)
BLEU_to_ref: BLEU_to_ref: 0.44 (+0.50 -0.32)
BERTScore_to_source: BERTScore_to_source: 0.76 (+0.01 -0.01)
BERTScore_to_ref: BERTScore_to_ref: 0.76 (+0.00 -0.00)
COMET: COMET: 0.35 (+0.01 -0.01)
SARI: SARI: 32.12 (+2.51 -2.26)

Saved evaluation summary to output/nonsft_results_baseline/all_results.json

--- Evaluation complete.
Evaluation completed for Med-EASi - ARI


=========================================================================
Running baseline inference for DATASET=Med-EASi, METRIC=FKGL
=========================================================================
Running baseline inference 1 with seed 37...
Loading from ministral/Ministral-3b-instruct...
Inference args:
Namespace(use_vllm=False, seed=37, model_path='ministral/Ministral-3b-instruct', model_name='ministral/Ministral-3b-instruct', dataset_name='Med-EASi', model_class='auto', model_family='base', max_length=4096, batch_size=16, slice_test=-1, output_file='output/baseline_inference/Ministral-3b-instruct-Med-EASi-FKGL/output_1.json', device='cuda', peft_path=None, temperature=-1.0, control_tokens='data/prompts/control_tokens.json', system_prompts='data/prompts/system_prompts.json', user_prompts='data/prompts/user_prompts.json', metric_mapping='data/metric_mapping.json', metric_name='FKGL', user_prompt_id='token_explanation')

test:	 Inspect the dataset format:
 {'global_id': ['medeasi_001354'], 'source_text': ['Malthus was not the first to outline the problems he perceived.'], 'source_metrics': [{'FRE': 85.69, 'ARI': 6.8, 'FKGL': 4.0, 'Dale-Chall': 8.49, 'char_count': 63, 'alphanum_count': 52, 'word_count': 12, 'sentence_count': 1}], 'metadata': [{'dataset': 'medeasi', 'experiment_split': '', 'domain': 'medical', 'language': 'en', 'annotation': 'human', 'level': 'sentence'}], 'simplification_text': ['Malthus said this would not work, and it would only lead to increased numbers of the poor.'], 'target_metrics': [{'FRE': 88.06, 'ARI': 7.6, 'FKGL': 5.2, 'Dale-Chall': 7.27, 'char_count': 90, 'alphanum_count': 72, 'word_count': 19, 'sentence_count': 1, 'char_compression_rate': 1.43, 'word_compression_rate': 1.58, 'sentence_compression_rate': 1.0, 'BLEU': 3.0272532566104675, 'BERTScore': 0.9067994952201843}], 'simplification_version': [1], 'grade_level': [-1], 'simplification_dimensions': [{'linguistic': {'lexical': False, 'syntactic': False}}]}
Using model's default temperature settings

--- Processing batch:
The simplified version of the text is:

"The simplified version of the text is:

"The simplified ver...
The simplified version of the input text will be:

1. Joubert syndrome is one such disease.

The sim...
The simplified version of the input text is:

"No cure for the common cold is available, but the sym...
The simplified version of the input text is:

"Shanty towns have high rates of crime, suicide, drug ...
The simplified version of the text is:

"The name of the person who died in 1898 was named "George "...
The simplified version of the text is:

"The process of making sure everyone's mind is clean and fre...
The simplified version of the text is:

Text: 

The glans penis is the extended cap of the corpus sp...
The simplified version of the input text is:

1. "Imagine you are a detective in a Victorian era. In...
The simplified version of the text is:

"The term "Software" is derived from "software" and "softwar...
The simplified version of the text is:

1. "The process of photosynthesis is a process that plants, ...
The simplified version of the input text is:

1. Small feedings reduce the osmotic load.

The simpli...
The input to the simplifying process is the input string, which is the original text. The output is ...
The simplified version of the input text is:

"The process of photosynthesis is a process that plant...
The simplified version of the input text is:

"The process of photosynthesis is a process that conve...
The simplified version of the text is:

1. People with Down syndrome have a lower risk of hardening ...
The input text is a text that is already in the form of a simplified version of the original text. T...

--- Processing batch:
The simplified version of the input text is:

"The final stage of death is usually lasting for 13 to...
The simplified version of the input text is:

"The most common form of acne is known as acne lumière...
The [FKGB] is a simple 3.4-gramonionic 3.4-gramonionic 3.4-gramonionic 3.4-gramonionic 3.4-gramonion...
The simplified version of the text is:

"The process of photosynthesis is a process that plants, lik...
The [Ellenberg-Fleckler-Kinetoscope-Kinetoscope-Kinetoscope-Kinetoscope-Kinetoscope-Kinetoscope-Kine...
The input text is a text that is already in the form of a simplified form. The key to simplifying th...
The simplified version of the input text is:

"The process of photosynthesis is a process that plant...
The simplified version of the input text is:

"The king's death in February 1377 was a brief period ...
The simplified version of the input text is:

"The process of photosynthesis is a process that plant...
The input to the simplifying process is the input string, which is the original text. The output is ...
The simplified version of the input text is:

"Dr. Jane Doors, a doctor in the city, was able to pre...
The simplified version of the input text is:

Text: 

1. The main symptoms of this type of problem a...
The simplified version of the text is:

1. 1.00 (5.6)

This simplifies to:

1. 1.00 (5)

The simplif...
The simplified version of the text is:

"The process of photosynthesis is a process that plants, lik...
The input to the simplifying process is the input string, which is the original text. The output is ...
The simplified version of the text is:

"In children, sore throat, odynophagia, and dysphagia develo...

--- Processing batch:
The simplified version of the input text will be:

1. The ants will eventually die of exhaustion.

T...
The simplified version of the input text is:

"Anaphylosis is diagnosed on the basis of a person's s...
The simplified version of the input text is:

Text: 

"The first known Flesch-Kincauing of the first...
The simplified version of the input text is:

"In the context of treatment, less than 0.2% of childr...
The simplified version of the text is:

1. "Improve your nose's ability to detect the presence of ai...
The simplified version of the text is:

"The target Flesch-Kincauing of the target Flesch-Kincauing ...
The simplified version of the input text is:

"The [FKGB] of the target [FKGB] is 12.3."

Here's how...
The simplified version of the input text is:

Text: [1.3]

The main parts of the original text are:
...
The simplified version of the input text is:

1. "Sit-skis are designed for wheelchair users or othe...
The simplified version of the input text is:

1. Patients who have diarrhea after meals should take ...
The simplified version of the input text will be:

1. "The process of photosynthesis in the liver of...
The simplified version of the input text is:

1. 7.6 * 10.0 = 7.6 * 10 = 7.6 * 10 = 7.6 * 10 = 7.6 *...
The input to the simplifying process is the input string, which is the original text. The output is ...
The simplified version of the text is:

1. 11.1

This simplifies to 11.1. This simplifies to 11.1. T...
The simplified version of the text is:

"The treatment is determined by where the disease is acquire...
The simplified version of the input text is:

Text: [1.3]

The main points of the original text:

1....

--- Processing batch:
The input text is a text that is already in the format of a simplified version of the original text....
The simplified version of the input text is:

1. The risk, however, varies depending on the degree o...
The simplified version of the text is:

"Imagine you are a detective. Inflammatory breast disease is...
The simplified version of the input text is:

"The process of photosynthesis is a process that produ...
The simplified version of the text is:

1. 13.5

This simplifies to:

13.5

This simplifies to:

13....
The simplified version of the input text is:

"Electronics, electronics, electronics, electronics, e...
The simplified version of the input text is:

1. "Nibble, nibble, nibble, nibble, nibble, nibble, ni...
The simplified version of the input text is:

1. "Kenny, 1.1 to Kenny, 1.2 to Kenny, 1.2 to Kenny, 1...
The simplified version of the text is:

"Women cannot bond with their infant, resulting in emotional...
The simplified version of the text is:

"In chronic thromboomontionary thromboomontionary thromboomo...
The simplified version of the input text is:

1. "The process of photosynthesis is a process that pr...
The simplified version of the input text will be:

11.1: 

This is a simplified version of the origi...
The simplified version of the input text will be:

1. "Patients may present with systemic symptoms s...
The simplified version of the text is:

1. Intellio: 1.1
2. Lonely: 1.2
3. Lonely: 1.3
4. Lonely: 1....
The simplified version of the input text is:

"Binges, often over several days, lead to an exhaustio...
The simplified version of the input text is:

1. Expected to be 13.9 (which is 13.9% of 12.9)

The s...

--- Processing batch:
The simplified version of the text is:

1. Expected FKGB: 10.7

This simplifies to:

10.7 * 10 = 10....
The simplified version of the text is:

1. The following types of recessive gene disorders can be as...
The simplified version of the text is:

"The following is a simplified version of the text. This is ...
The simplified version of the input text is:

"The process of photosynthesis is a process that plant...
The simplified version of the input text is:

1. Innate immune systems provide immediate defense aga...
The simplified version of the input text is:

"The Taung skull is in repository at the University of...
The simplified version of the text is:

Phoebe, a young woman with heart disease, is struggling to m...
The simplified version of the text is:

"Imagine you are a detective in a Victorian era, a detective...
The simplified version of the input text is:

1. "The following is a simplified version of the text....
The function of T cells and B cells is to recognize specific non-self antigens, during a process kno...
The simplified version of the input text will be:

1. "Patients frequently have acute diarrhea with ...
The simplified version of the input text is:

1. 

The target Flesch-Kincauntionary (FKGB) level is ...
The simplified version of the text is:

1. 1.99 (5.9)

This simplifies to 3.99 (3.9) because 3.99 is...
The simplified version of the input text is:

1. 

1. 

1. 

1. 

1. 

1. 

1. 

1. 

1. 

1. 

1. 
...
The input text is a relatively low-level text. The main points about the content of the text are:

1...
The simplified version of the text is:

"In addition, Jews were not allowed to use public transporta...

--- Processing batch:
The simplified version of the input text is:

1. 10.7 * 10.7 = 10.7 * 10.7 = 10.7 * 10.7 = 10.7 * 10...
The simplified version of the input text is:

"The process of photosynthesis in plants involves the ...
The simplified version of the input text is:

"The ship's shipwrecks were made sure to stay underwat...
The simplified version of the text is:

1. 13.8

The simplified version of the text is:

13.8 

The ...
The simplified version of the input text is:

"The process of converting carbon dioxide into carbon ...
The simplified version of the input text will be:

"The syndrome typically develops in early childho...
The input text is a text that is already in the form of a simplified form. The output is a simpler v...
The simplified version of the input text is:

"The process of photosynthesis is a process that plant...
The simplified version of the input text is:

"The simplified version of the text is:

"The simplifi...
The simplified version of the text is:

"Venom from stinging or biting insects such as Hymenoptera (...
The simplified version of the input text will be:

"The process of detecting the presence of antibod...
The simplified version of the text is:

"Infections in 5% of cases are mild, with a 50% chance of se...
The simplified version of the text is:

1. The main ingredient in a person's diet, which is a lot of...
The simplified version of the input text is:

"The Big Life, " " A Huge Ever Growing Brain that Cont...
The simplified version of the input text is:

"Foundossilized fauna found in the mid-Cabernet-Cabern...
The input to the simplifying process is the input string, which is the input string. The output is t...

--- Processing batch:
The input to the simplifying process is the input string, which is the input string. The output is t...
The simplified version of the input text is:

1. 

The main ingredient in the simplified version of ...
The simplified version of the text is:

"In the 1970s, antibiotic treatments and vaccines for lepros...
The simplified version of the text is:

"The original text is a bit too complex and too low to be co...
The simplified version of the text is:

"The process of making the East West West West West West Wes...
The simplified version of the input text will be:

1. "The 1970s and 1990s have been marked by signi...
The simplified version of the text is:

1. 3.3.3.3.3.3.3.3.3.3.3.3.3.3.3.3.3.3.3.3.3.3.3.3.3.3.3.3.3...
The simplified version of the input text is:

"The Yankees' youthful youthful glory was once again s...
The simplified version of the text is:

1. The main symptoms of the problem are feeling fullness, we...
The simplified version of the text is:

1. 1.7

This simplifies to 1.7. This simplifies to 1.7. This...
The simplified version of the text is:

"The [FKGB] of the [FKGB] of the [FKGB] of the [FKGB] of the...
The simplified version of the input text is:

"The process of photosynthesis is a process that plant...
The simplified version of the text is:

1. lumbricoides is the largest intestinal roundworm and is t...
The simplified version of the input text is:

1. 10.5 - 10.6 

This simplifies to:

10.6 

The simpl...
The simplified version of the input text is:

1. "The [FKGB] of the [Body] is 11.9%."

The simplifie...
The <FKGB=13.7> token specifies that the target Flesch-Kincauntionary (FKGB) level should be approxi...

--- Processing batch:
The simplified version of the input text will be:

"The process of dissociating hydrogen-containing ...
The simplified version of the input text is:

1. Joint symptoms, ranging from intermittent arthritis...
The simplified version of the input text is:

Text: 

1. 

1. 

1. 

1. 

1. 

1. 

1. 

1. 

1. 

1...
The simplified version of the input text is:

"The name of the island is "Nautilus Bay," and the mai...
The simplified version of the input text is:

1. 13.8 

This simplifies to:

13.8 

This simplifies ...
The simplified version of the text is:

"He is also involved in charity work by raising money to fin...
The simplified version of the text is:

1. "Neuroses are a class of mental disorders characterized b...
The simplified version of the text is:

1. 11.3

This simplifies to:

11.3

This simplifies to:

11....
The simplified version of the input text is:

1. The early stages are usually separated by an asympt...
The simplified version of the text is:

1. In the terminal stages of progression, progressive jaundi...
The simplified version of the input text is:

1. The number of cases of bacterial meningitis per yea...
The input to the simplifying process is the input string, which is the original text. The output is ...
The simplified version of the text is:

"United Nations (UN) UNUNUNUNUNUNUNUNUNUNUNUNUNUNUNUNUNUNUNU...
The simplified version of the input text is:

1. The diagnosis of abdominal migrains is challenging ...
The simplified version of the input text is:

"The process of photosynthesis is a process that takes...
The simplified version of the text is:

"The process of making the body's brain function normally re...

--- Processing batch:
The simplified version of the input text is:

1. In 8 to 10% of untreated patients with typhoid feve...
The simplified version of the text is:

1. The simplified version of the text is:

1. The simplified...
The simplified version of the text is:

"The [FKGB] is 16.6. This is a lower level of text that can ...
The simplified version of the input text is:

1. "Imagination is a key component of social cognition...
The simplified version of the input text is:

"The same disease, such as some cases of cancer, can b...
The simplified version of the input text is:

1. "People with asthma, cactus, or allergic rhints, an...
The simplified version of the input text is:

"The process of photosynthesis is a process that plant...
The simplified version of the input text is:

15.8 

This simplifies to:

15.8 

This simplifies to:...
The [FKGB=16.6] token represents a level of the Flesch-Kincauntionist's (FKGB) score that is approxi...
The input to the simplifying process is the input string, which contains the input string, which is ...
The simplified version of the text is:

"The Great Giga-Kinetic-Kinetic-Kinetic-Kinetic-Kinetic-Kine...
The simplified version of the input text is:

"The process of removing waste from an organism is kno...
The simplified version of the input text will be:

1. **Simple Text**: This is a simple text that ca...
The simplified version of the input text is:

"The function of the target Flesch-Kincauntionist's fu...
The simplified version of the text is:

"The simplified version of the text is:

"The simplified ver...
The simplified version of the input text is:

1. "The process of photosynthesis is a process that pr...

--- Processing batch:
The simplified version of the input text is:

1. "Somewhat serious, but not serious enough to cause ...
The simplified version of the text is:

1. The original text is a complex text that can be understoo...
The simplified version of the text is:

"The process of breaking down food into simpler compounds by...
The input to the simplifying process is the input string, which is the original text. The output is ...
The simplified version of the input text will be:

1. "The value of an individual's height is approx...
The simplified version of the text is:

1. The main symptoms are caused by the gram-positive, monoli...
The [FKGB=15.4] token represents the FKGB score for the given input text. The base value of the FKGB...
The simplified version of the text is:

"The [FKGB] is 8.0, which is a 9.0 (which is 9.0 - 9.0) and ...
The simplified version of the input text will be:

19.0: 

This is a simple text that can be underst...
The simplified version of the input text will be:

1. Cycle-to-to-to-to-to-to-to-to-to-to-to-to-to-t...
The simplified version of the input text will be:

1. "In this case, the main condition is a genetic...
The simplified version of the input text is:

19.0 * 19.0 = 19.0 * 19.0 = 190.0

The simplified vers...
The simplified version of the input text is:

Text: 

1. The original text is a bit too complex and ...
The simplified version of the text is:

1. Expected to be 15.9 (which is 15.9 - 18.9)

This simplifi...
The simplified version of the text is:

19.7 * 19.7 = 99.7

The simplified version of the text is:

...
The simplified version of the text is:

1. Expected to reduce (and in the case of diet) heart diseas...

--- Processing batch:
The simplified version of the text is:

"The target FKGB: 21.7

This is a simplified version of the ...
The simplified version of the text is:

1. 

1. 

1. 

1. 

1. 

1. 

1. 

1. 

1. 

1. 

1. 

1. 

...
The simplified version of the input text is:

"The process of making sure everyone's safe and safe i...
The simplified version of the input text is:

"The process of making coffee from coffee beans, which...
The simplified version of the text is:

"The 2012 Summer Paralympics and Olympics in London have bee...
The simplified version of the input text will be:

1. Expected to be 15.1% of the original text

Thi...
The simplified version of the input text is:

1. Treatment for cerebrovascular disease is usually ba...
The simplified version of the text is:

"The concept of pansexuality rejects the gender binary, the ...
The simplified version of the input text will be:

"The present condition is unilateral, which means...
The input text is a text that is already in a similar format as the output. The key to simplifying t...
The simplified version of the text is:

"The process of photosynthesis is a complex process that inv...
The simplified version of the text is:

"Sir William Ollie Ollie, a renowned physicist and chemist, ...
The simplified version of the input text is:

Text: [
  "The simplified version of the text is:
    ...
The simplified version of the text is:

"The simplified version of the text is:

"The simplified ver...
The simplified version of the text is:

"The simplified version of the text is:

"The simplified ver...
The input text is a text that is too complex and it doesn't meet the given FKGB Grade Level (FKGB) v...

--- Processing batch:
The simplified version of the text is:

"Imagine you are a detective in a world where the most commo...
The simplified version of the input text is:

"The process of photosynthesis in plants involves the ...
The simplified version of the text is:

"Imagine you are a computer scientist. You're trying to unde...
The input to the simplifying process is the input string, which is the original text. The output is ...
The simplified version of the input text will be:

Physiological adaptations enable the organism to ...
The input to the simplifying process is the input string, which is the original text. The output is ...
The simplified version of the input text is:

16.2 * 16.2 = 36.2

The simplified version of the inpu...
The simplified version of the text is:

1. 14.4

This simplifies to 14.4. This is a 14th-grade level...
The simplified version of the input text will be:

1. Myocardial fibrosis: This is a type of fibrosi...
The simplified version of the input text is:

1. The actual FKGB (Fleckinger's Flesch-Kincauinger) v...
The simplified version of the input text is:

Body dysmorphic disorder (BFD) is a serious mental dis...
The simplified version of the text is:

1. "The simplified version of the text is 8.8.9."

Here's th...
Predictions saved to output/baseline_inference/Ministral-3b-instruct-Med-EASi-FKGL/output_1.json
Baseline inference 2 completed.
Running evaluation script for Med-EASi - FKGL...
--- Running evaluation...
Input files:	 ['output/baseline_inference/Ministral-3b-instruct-Med-EASi-FKGL/output_1.json']
Metric:	 FKGL
--- FKGL losses:
Mean Squared Error (MSE): 659536.7907978724
Mean Absolute Error (MAE): 166.30691489361703
Standard Deviation of Errors: 796.4710442996782
Variance of Errors: 634366.1244078199

Saved loss values to stats.json
Updated averaged predictions file with per-sample losses: output/baseline_inference/Ministral-3b-instruct-Med-EASi-FKGL/output_averaged.json
Scatter plot saved to output/baseline_inference/Ministral-3b-instruct-Med-EASi-FKGL/FKGL_scatter_plot.png
Legend saved to output/baseline_inference/Ministral-3b-instruct-Med-EASi-FKGL/FKGL_scatter_legend.png
Control attribute vs metrics plot saved as FKGL_ctrl_attr_vs_metrics.png
Error-vs-metrics plots saved.
STD of error by reference bin saved as FKGL_error_std_by_ref_bin.png
Plots saved to output/baseline_inference/Ministral-3b-instruct-Med-EASi-FKGL

All plots saved to output/baseline_inference/Ministral-3b-instruct-Med-EASi-FKGL

--- Mean metrics:
BLEU_to_source: BLEU_to_source: 1.08 (+0.84 -0.64)
BLEU_to_ref: BLEU_to_ref: 0.59 (+0.44 -0.31)
BERTScore_to_source: BERTScore_to_source: 0.76 (+0.00 -0.00)
BERTScore_to_ref: BERTScore_to_ref: 0.76 (+0.00 -0.00)
COMET: COMET: 0.34 (+0.01 -0.01)
SARI: SARI: 31.50 (+2.25 -2.38)

Saved evaluation summary to output/nonsft_results_baseline/all_results.json

--- Evaluation complete.
Evaluation completed for Med-EASi - FKGL


=========================================================================
Running baseline inference for DATASET=Med-EASi, METRIC=DALE-CHALL
=========================================================================
Running baseline inference 1 with seed 37...
Loading from ministral/Ministral-3b-instruct...
Inference args:
Namespace(use_vllm=False, seed=37, model_path='ministral/Ministral-3b-instruct', model_name='ministral/Ministral-3b-instruct', dataset_name='Med-EASi', model_class='auto', model_family='base', max_length=4096, batch_size=16, slice_test=-1, output_file='output/baseline_inference/Ministral-3b-instruct-Med-EASi-DALE-CHALL/output_1.json', device='cuda', peft_path=None, temperature=-1.0, control_tokens='data/prompts/control_tokens.json', system_prompts='data/prompts/system_prompts.json', user_prompts='data/prompts/user_prompts.json', metric_mapping='data/metric_mapping.json', metric_name='DALE-CHALL', user_prompt_id='token_explanation')

test:	 Inspect the dataset format:
 {'global_id': ['medeasi_001354'], 'source_text': ['Malthus was not the first to outline the problems he perceived.'], 'source_metrics': [{'FRE': 85.69, 'ARI': 6.8, 'FKGL': 4.0, 'Dale-Chall': 8.49, 'char_count': 63, 'alphanum_count': 52, 'word_count': 12, 'sentence_count': 1}], 'metadata': [{'dataset': 'medeasi', 'experiment_split': '', 'domain': 'medical', 'language': 'en', 'annotation': 'human', 'level': 'sentence'}], 'simplification_text': ['Malthus said this would not work, and it would only lead to increased numbers of the poor.'], 'target_metrics': [{'FRE': 88.06, 'ARI': 7.6, 'FKGL': 5.2, 'Dale-Chall': 7.27, 'char_count': 90, 'alphanum_count': 72, 'word_count': 19, 'sentence_count': 1, 'char_compression_rate': 1.43, 'word_compression_rate': 1.58, 'sentence_compression_rate': 1.0, 'BLEU': 3.0272532566104675, 'BERTScore': 0.9067994952201843}], 'simplification_version': [1], 'grade_level': [-1], 'simplification_dimensions': [{'linguistic': {'lexical': False, 'syntactic': False}}]}
Using model's default temperature settings

--- Processing batch:
The simplified version of the text is:

"The first to outline the problems I had to understand about...
The simplified version of the input text is:

1. Joubert syndrome is one such disease.

The simplifi...
The simplified version of the input text is:

"No cure for the common cold is available, but the sym...
The simplified version of the input text is:

"The simplified version of the input text is:

"The si...
The simplified version of the text is:

"The story of the younger yager, J.D. Derby, was born in 189...
The simplified version of the text is:

"The <Drake-Challenge 9.74": "The <Drake-Challenge 9.74 is a...
The simplified version of the text is:

"The glans penis is the extended cap of the corpus spongioso...
Imagine you are a detective in a Victorian era. This is a story about a stolen diamond necklace.

De...
The simplified version of the text is:

"The term "Drake-Chall" was coined by John Hilton Davis, a d...
The simplified version of the text is:

1. DALE-CHALL: 9.35

This simplifies to:

1. DALE-CHALL: 9.3...
The simplified version of the input text is:

11.83: 

This simplifies to:

11.83: 

This simplifies...
The input to the simplifying process is the input to the simplifying process. The input to the simpl...
The simplified version of the input text is:

Dale-Chall: 7.29

The simplified version of the input ...
The simplified version of the input text is:

"The value of the Derived Meaning of the Original Text...
The simplified version of the text is:

"People with Down syndrome have a lower risk of hardening of...
The simplified version of the input text is:

Dale-Chall: 9.36

The simplified version of the input ...

--- Processing batch:
The simplified version of the input text is:

Dale-Chall: 13.61

Here's how you can understand this:...
The simplified version of the input text is:

"The most common form of acne is known as acne lumière...
The <Drake-Challenge-ZIP=11.1> token represents the value of the Derived Meaning of the input text. ...
The simplified version of the text is:

"The distance between the two polar regions is approximately...
The [Delaquit, 10.7] token represents the target Dawn-Chall readability score for the given text. Th...
The <Drake-Challenge-Z-value=9.79> token represents the value of the Derived Derived Meaning of the ...
The simplified version of the input text is:

"Dale-Chall"

The simplified version of the input text...
The simplified version of the input text is:

"The king's death in February 1377 was a brief period ...
The simplified version of the input text is:

"The process of making clothes involves several steps,...
The [Drake-Challenge] is a standardized translation model that can be used to simplify a given text....
The simplified version of the input text is:

"Dale-Chall: 9.57"

The simplified version of the inpu...
The simplified version of the input text is:

1. **Eagerly**: This is a new day, and it's a day of g...
The simplified version of the text is:

1. 1.19
2. 1.20
3. 1.21
4. 1.22
5. 1.23
6. 1.24
7. 1.25
8. 1...
The simplified version of the input text is:

1. 11.41: This is a good readability score for a text ...
The simplified version of the text is:

1. 3.59: The appendix is located near the junction of the sm...
The simplified version of the text is:

Dale-Chall: 11.08

This simplifies to:

Dale-Chall: 11.08 - ...

--- Processing batch:
The simplified version of the input text is:

1. 

The ants will eventually die of exhaustion.

1.

...
The simplified version of the input text is:

1. 12.86 - Dalie's symptoms are detected at least 12.8...
The simplified version of the input text is:

"The first known version of the Drake-Chall challenge ...
The simplified version of the input text is:

"In the study of the study of the study of the study o...
The simplified version of the text is:

11.91:

1. 11.91:

11.91:

11.91:

11.91:

11.91:

11.91:

1...
The simplified version of the input text is:

"In this notation, the Da'erie-Chall'erie-Deeperie-Dee...
The simplified version of the input text is:

Dale-Chall: 9.14

The simplified version of the input ...
The simplified version of the input text is:

"Mydriasis and diaphoresis are apparent, and heart rat...
The simplified version of the input text is:

"The simplified version of the text is:

"The simplifi...
The simplified version of the input text is:

1. Patients who have diarrhea after meals should take ...
The simplified version of the input text is:

1. 10.35 - 11.57 

This simplifies to:

11.57 

The si...
The simplified version of the input text is:

1. Drake's disease is a rare and dangerous one.
2. It ...
The [DALE-CHALL] token represents a level of difficulty for the target Dawn's readability. The value...
The simplified version of the text is:

"Common warts are sharp, rough, round, and firm, with a slig...
The simplified version of the given text is:

"The treatment is determined by where the disease is a...
The simplified version of the input text is:

"The name of the resident in Cambridge, Cambridge, was...

--- Processing batch:
The simplified version of the text is:

Dale-Chall: 8.92

The simplified version of the text is:

Da...
The simplified version of the input text is:

Dale-Chall: 10.81

The simplified version of the input...
The simplified version of the text is:

Dale-Chall: 7.85

This simplified version of the text is a 7...
The simplified version of the input text is:

"The study concluded that the study of the study of th...
The simplified version of the text is:

Dale-Chall: 12.79

This simplifies to:

Dale-Chall: 12.79

T...
The simplified version of the input text is:

Eagerly, we find ourselves in the realm of a realm whe...
The simplified version of the input text is:

11.73: 

The simplified version of the input text is:
...
The simplified version of the input text is:

11.19: The <DALE-CHALL=11.19> token represents a lower...
The simplified version of the input text is:

"Women may not bond with their infant, resulting in em...
The simplified version of the text is:

Dale-Chall: 9.5

This simplifies to:

Dale-Chall: 9.5

The f...
The simplified version of the input text is:

"Dale-Chall: 11.55

This simplifies to:

Dale-Chall: 3...
The simplified version of the input text will be:

10.29: 

The simplified version of the input text...
The simplified version of the input text is:

1. **Patients**: They may present with systemic sympto...
The simplified version of the input text is:

11.36:

1. First, let's find out what it means to "it'...
The simplified version of the input text is:

"Dale-Chall: 7.93"

The simplified version of the inpu...
The simplified version of the input text is:

Dale-Chall: 10.67

The simplified version of the input...

--- Processing batch:
The simplified version of the input text is:

1. "Many different types of bacteria are involved in a...
The simplified version of the input text is:

1. DALE-CHALL: 9.94

The simplified version of the inp...
The simplified version of the input text is:

"Dale-Chall: 7.16"

The simplified version of the inpu...
The simplified version of the input text is:

"In the realm of aerial photography, photography is a ...
The simplified version of the input text is:

10.4: 

The simplified version of the input text is:

...
The simplified version of the given text is:

"The Taung skull is in repository at the University of...
The simplified version of the input text is:

"Medical terms: Pharmacological Pharmacological Pharma...
The simplified version of the text is:

"Imagine you are a detective in a Victorian era, a detective...
The simplified version of the input text is:

1. 

1. 

1. 

1. 

1. 

1. 

1. 

1. 

1. 

1. 

1. 
...
The simplified version of the input text is:

"The function of T cells and B cells is to recognize n...
The simplified version of the input text will be:

1. **Nereid**: 14.07

This code represents a 14.0...
The simplified version of the input text is:

"Attempting to rupture the ganglion by hitting it with...
The simplified version of the text is:

1. 11.34 - 11.34 - 11.34 

This simplifies to:

11.34 

The ...
The simplified version of the input text is:

1. 10.32: The target Dawson's disease is often acute, ...
The simplified version of the input text is:

Epidulent hematomisnts (EDH) in the cnntion of the dra...
The simplified version of the text is:

1. 3:15 pm in Jewish stores: 
- The door is closed at 3:15 p...

--- Processing batch:
The simplified version of the text is:

"Dale-Chall"

This is a simple translation of the original t...
The simplified version of the input text is:

Eagerly, the forest's forestry system resides.

The fo...
The simplified version of the input text is:

"The ship's crew was on a journey to the coastal town ...
The simplified version of the input text is:

"Children may put off having bowel movements because t...
The simplified version of the input text is:

"The process of converting carbon dioxide into carbon ...
The simplified version of the input text is:

DALE-CHALL: 11.93

The simplified version of the input...
The simplified version of the input text is:

Dale-Chall: 10.7

The simplified version of the input ...
The simplified version of the input text is:

"The story of a man who was stabbed by an alligator."
...
The simplified version of the input text is:

Dale-Chall: 13.9

Here's how you can understand this:
...
The simplified version of the text is:

"The <Drake-Challenge 13.3: Venom from stinging or biting in...
The simplified version of the input text is:

DALE-CHALL: 13.38

The simplified version of the input...
The simplified version of the text is:

Dale-Chall: 8.87

This simplifies to:

Dale-Chall: 8.87

The...
The simplified version of the text is:

1. "The most common family inheritance of familial hemiplegi...
The simplified version of the input text is:

"The Big Life, which was released as a single on recor...
The simplified version of the input text is:

"Found fossilized fauna were abundant in the mid-Caber...
The [DALE-CHALL] token represents a level of readability that is approximately 10.67. This means tha...

--- Processing batch:
The simplified version of the text is:

DALE-CHALL: 11.36

This simplifies to:

DALE-CHALL: 11.36

T...
The simplified version of the input text is:

"Dale-Chall: 8.84

This simplifies to:

Dale-Chall: 3....
The simplified version of the text is:

"In the 1970s, antioliums and vaccines for leprosy were deve...
The simplified version of the input text is:

"On October 12, 2013, Oscar hijueros climbed up a hill...
The simplified version of the text is:

"The West Highland Railway line was built along the 18th cen...
The simplified version of the input text will be:

1. 11.84 - Dalie's life expectancy was significan...
The simplified version of the input text is:

1. 3.04: The final answer is 3.04.

The simplified ver...
The simplified version of the given text is:

"The Yankees' youthful youthful vigilance was once aga...
The simplified version of the input text is:

Dale-Chall: 9.75

The simplified version of the input ...
The simplified version of the text is:

1. Diagram:
   - Diagram:
   - Diagram:
   - Diagram:
   - D...
The simplified version of the text is:

Dale-Chall: 12.62

This simplifies to:

Dale-Chall: 12.62

T...
The simplified version of the input text is:

"The concept of "animals reacting to threats with a ge...
The simplified version of the text is:

1. lumbricoides is the largest intestinal roundworm and is t...
The simplified version of the input text is:

11.61: 

The simplified version of the input text is:
...
The simplified version of the input text is:

1. 11.57: The final answer is 11.57.

The simplified v...
The simplified version of the input text is:

"Self-help groups can provide resources for personalit...

--- Processing batch:
The simplified version of the text is:

"In inorganic chemistry, the SN1 reaction is often referred ...
The simplified version of the input text is:

"The following symptoms, ranging from intermittent art...
The simplified version of the input text is:

11.36: 

1. 

1. 

1. 

1. 

1. 

1. 

1. 

1. 

1. 

...
The simplified version of the input text is:

"In this context, we find ourselves in the midst of a ...
The simplified version of the input text is:

DALE-CHALL: 13.7

The simplified version of the input ...
The simplified version of the text is:

"The following is a simplified version of the original text....
The simplified version of the input text is:

Narrative:

Narrative:

Narrative:

Narrative:

Narrat...
The simplified version of the input text is:

1. Drake-Rosenstein's model is a more accurate represe...
The simplified version of the input text is:

"The early stages are usually separated by an asymptom...
The simplified version of the text is:

1. 

"Dale-Chall" is a term used to refer to a type of langu...
The simplified version of the input text is:

"The average number of cases of bacterial meningilis p...
The [DALE-CHALL] token represents a level of readability that is approximately 13.44. This means tha...
The United States has consistently described Arab nations like Turkey, Turkey, Turkey, Turkey, Turke...
The simplified version of the input text is:

Dale-Chall: 10.7

Here's how you can understand this:
...
The simplified version of the input text is:

"When you're tired of the old old world, you're tired ...
The simplified version of the input text is:

Dale-Chall: 9.65

The simplified version of the input ...

--- Processing batch:
The simplified version of the input text is:

1. 10.05 - Drake-Chall: 10.05

The simplified version ...
The simplified version of the text is:

Dale-Chall: 13.85

This simplifies to:

Dale-Chall: 3.99

Th...
The simplified version of the input text is:

"In a report to Congress, the American military govern...
The simplified version of the input text is:

"Dale-Chall"

This simplifies to:

"Dale-Chall"

The s...
The simplified version of the input text is:

"The same disease, such as some cases of cancer, can b...
The simplified version of the input text is:

"People with asthma, allergic rhints, and ultrasonic u...
The simplified version of the input text is:

"The process of making coffee involves the following s...
The simplified version of the input text is:

DALE-CHALL: 12.82

The simplified version of the input...
The simplified version of the text is:

Dale-Chall: 10.66

This simplifies to:

Dale-Chall: 10.66

T...
The [Drake-Chall, which is a standardized translation of the given input, is approximately 8.41. Thi...
The simplified version of the text is:

"The Great Gone: The Great Depression's Impact on the Land o...
The simplified version of the input text is:

DALE-CHALL: 11.23

The simplified version of the input...
The simplified version of the input text is:

Dale-Chall: 10.94

The simplified version of the input...
The simplified version of the input text is:

DALE-CHALL: 12.82

The simplified version of the input...
The simplified version of the text is:

Dale-Chall: 12.23

This simplifies to:

Dale-Chall: 12.23

T...
The simplified version of the input text is:

11.23:

11.23:

11.23:

11.23:

11.23:

11.23:

11.23:...

--- Processing batch:
The simplified version of the input text is:

"Dale-Chall" = "Dale-Chall"

The simplified version of...
The simplified version of the text is:

Dale-Chall: 12.87

This simplifies to:

Dale-Chall: 12.87

T...
The simplified version of the text is:

Dale-Chall: 9.81

This simplifies to:

Dale-Chall: 9.81

The...
The <Drake-Challenge-ZIP_TO_NAME> token represents the target Dawn-Drake-ZIP_TO_NAME model. This mod...
The simplified version of the input text is:

1. 3.33 (3.33) - 10.06 (10.06) - 2/3 (3.33) = 1.33

Th...
The simplified version of the text is:

Dale-Chall: 14.3

The main symptoms of tetan vsness are:

1....
The [Drake-Challenge] is a standardized translation model that can be used to simplify a given text....
The simplified version of the input text is:

"Dale-Chall: 9.5

This is a simplified version of the ...
The simplified version of the input text is:

Dale-Chall: 12.89

Here's how you can understand this:...
The simplified version of the input text is:

1. 4n electrons in electrons in electrons in electrons...
The simplified version of the input text is:

1. In that regard, the various thalamosis in which the...
The simplified version of the input text is:

1. 4-substituted-haired-last-last-last-last-last-last-...
The simplified version of the input text is:

"The process of converting a decimal number to binary ...
The <DALE-CHALL=11.93> token specifies that the target Dawn's readability score should be approximat...
The simplified version of the given text is:

1. 

1. 

1. 

1. 

1. 

1. 

1. 

1. 

1. 

1. 

1. 
...
The simplified version of the input text is:

1. 3.36 - Dalie's health care career
2. 3.36 - Echoes ...

--- Processing batch:
The simplified version of the text is:

Dale-Chall: 17.85

This simplifies to:

Dale-Chall: 17.85

T...
The simplified version of the input text is:

1. 

Dale-Chall: 10.52

1. 

Dale-Chall: 10.52

1. 

D...
The simplified version of the text is:

"Dale-Chall: 12.78"

This simplifies to:

"Dale-Chall: 12.78...
The simplified version of the input text is:

"The simplified version of the text is:
"The simplifie...
Baseline inference 2 completed.
Running evaluation script for Med-EASi - DALE-CHALL...
--- Running evaluation...
Input files:	 ['output/baseline_inference/Ministral-3b-instruct-Med-EASi-DALE-CHALL/output_1.json']
Metric:	 DALE-CHALL
Evaluation completed for Med-EASi - DALE-CHALL


=========================================================================
Running baseline inference for DATASET=Med-EASi, METRIC=CHAR_COMPRESSION
=========================================================================
Running baseline inference 1 with seed 37...
Loading from ministral/Ministral-3b-instruct...
Inference args:
Namespace(use_vllm=False, seed=37, model_path='ministral/Ministral-3b-instruct', model_name='ministral/Ministral-3b-instruct', dataset_name='Med-EASi', model_class='auto', model_family='base', max_length=4096, batch_size=16, slice_test=-1, output_file='output/baseline_inference/Ministral-3b-instruct-Med-EASi-CHAR_COMPRESSION/output_1.json', device='cuda', peft_path=None, temperature=-1.0, control_tokens='data/prompts/control_tokens.json', system_prompts='data/prompts/system_prompts.json', user_prompts='data/prompts/user_prompts.json', metric_mapping='data/metric_mapping.json', metric_name='CHAR_COMPRESSION', user_prompt_id='token_explanation')

test:	 Inspect the dataset format:
 {'global_id': ['medeasi_001354'], 'source_text': ['Malthus was not the first to outline the problems he perceived.'], 'source_metrics': [{'FRE': 85.69, 'ARI': 6.8, 'FKGL': 4.0, 'Dale-Chall': 8.49, 'char_count': 63, 'alphanum_count': 52, 'word_count': 12, 'sentence_count': 1}], 'metadata': [{'dataset': 'medeasi', 'experiment_split': '', 'domain': 'medical', 'language': 'en', 'annotation': 'human', 'level': 'sentence'}], 'simplification_text': ['Malthus said this would not work, and it would only lead to increased numbers of the poor.'], 'target_metrics': [{'FRE': 88.06, 'ARI': 7.6, 'FKGL': 5.2, 'Dale-Chall': 7.27, 'char_count': 90, 'alphanum_count': 72, 'word_count': 19, 'sentence_count': 1, 'char_compression_rate': 1.43, 'word_compression_rate': 1.58, 'sentence_compression_rate': 1.0, 'BLEU': 3.0272532566104675, 'BERTScore': 0.9067994952201843}], 'simplification_version': [1], 'grade_level': [-1], 'simplification_dimensions': [{'linguistic': {'lexical': False, 'syntactic': False}}]}
Using model's default temperature settings

--- Processing batch:
The input text is a text that is approximately 1.43 characters in length. To simplify this text, we ...
The input text is a text that is already in a reasonable format. The output should be as follows:

1...
The simplification should be about 1.04% of the original text. This means that the original text sho...
The input text is a text that is approximately 2.1 characters in length. To make it easier to unders...
The simplified version of the text is:

"The name of the person who died in 1898 was named "Their Na...
The input text is a text that is approximately 1.07% of its original length. This means that the ori...
The simplified version of the text is:

Text: The glans penis is the extended cap of the corpus spon...
The input text is a text that is approximately 1.99% of its original length. This means that the ori...
The simplification should be about 95% of the original text. This means that the original text shoul...
The simplified version of the text is:

1. "Many fish use electronic fields to detect hidden prey.
2...
The simplified version of the input text is:

Small feedings reduce the osmotic load.

Here's how to...
The input to the simplifying process is the input string, which contains the text from the input str...
The input text is a text that is approximately 1.28% of its original length. This means that the ori...
The simplification should be about 1.08% of the original text. This means that the original text sho...
The input text is a text that is already in a reasonable format. The output should be as follows:

1...
The input to the simplifying process is the input string, which is the original text. The output is ...

--- Processing batch:
The input text is a text that is approximately 13.06% of its original length. This means that the or...
The simplified version of the input text is:

"The most common form of acne is known as acne lumière...
The input to the simplifying process is the input string, which contains the text from the input str...
The simplified version of the text is:

"The world is a big, blue blue blue blue blue blue blue blue...
The input text is a text that is approximately 1.25 times the length of the output text. This means ...
The simplified version of the input text is:

"The white blood cells and ESR are elevated due to gou...
The simplification of the input text is:

1. "Dancing eyes"

The simplification of the input text is...
The simplification should be about 0.37 units of text reduction. This means that the original text s...
The input to the simplification process is the input string, which is the original text. The output ...
The input text is a text that is approximately 7.88% of its original length. This means that the ori...
The simplification should be about 94% of the original text. This means that the original text shoul...
The simplified version of the input text is:

"Other symptoms include shortness of breath, nausea, f...
The simplified version of the input text is:

1. 1.25 * 1.71 = 3.71

The output is:

1. 3.71 = 3.71
...
The input to the simplifying process is a string of text, which can be either the source text or the...
The answer to the user's question is:

1. The answer to the user's question is:

The answer to the u...
The simplified version of the input text is:

"In children, sore throat, odynophagia, and dysphagia ...

--- Processing batch:
The simplified version of the input text is:

"The ants will eventually die of exhaustion."

Here's ...
The input text is a text that is already in a reasonable format. The output should be as follows:

1...
The simplified version of the input text is:

"The first known invention of the telephone was made i...
The simplified version of the input text is:

"In the context of treatment, less than 0.2% of childr...
The input to the simplifying process is the input string, which is the input string. The output is t...
The simplified version of the text is:

"The process of photosynthesis is a process that converts li...
The input text is a text that is already in a reasonable format. The output should be as follows:

1...
The simplification should be about 0.66. This means that the text should be approximately 0.66 chara...
The simplified version of the input text will be approximately 3.77 characters less than the source ...
The simplified version of the input text is:

1. "Patients who have diarrhea after meals should take...
The simplification of the input text is:

1. In long-standing cases, blood vessels will grow in from...
The input to the simplifying process is a string of text, which can be either the original string or...
The input to the simplifying process is the input string, which contains the text from the input str...
The simplification is done by using a simple substitution method. The input text is transformed into...
The simplification should be about 1.05% of the original text. This means that the original text sho...
The simplification should be about 1.06% of the original text. This means that the original text sho...

--- Processing batch:
The input text is a text that is already in a reasonable format. The output should be as follows:

1...
The problem can be simplified to 1.09 characters. 

Here's the simplified version:

The risk, howeve...
The simplified version of the input text will be approximately 1.4 times the original length of the ...
The simplification should be about 1.24 times the original text. This means that the original text s...
The input to the simplifying process is the input string, which is the input string. The output is t...
The simplified version of the input text is:

"The process of photosynthesis is a process that produ...
The simplification should be about 2.58 times the character-level compression rate of the original t...
The simplification should be about 1.77 times the original text. This means that the original text s...
The simplified version of the text is:

"Women cannot bond with their infant, resulting in emotional...
The simplified version of the text is:

"In chronic thromboomontionary thromboomontionary hyometrics...
The simplified version of the input text is:

"The process of photosynthesis is a process that invol...
The simplification of the input text is:

1. The process of processing can be difficult to reduce wi...
The simplification should be about 0.59 units of text. This means that the input text should be appr...
The input text is a text that is already in a reasonable format. The output should be as follows:

1...
The simplification should be about 1.53% of the original text. This means that the original text sho...
The simplification of the input text is:

1. Acute liver failure can be more common in the elderly.
...

--- Processing batch:
The input to the simplifying process is the input string, which contains the text content of the inp...
The input to the simplifying process is the input string, which contains the input string, which is ...
The simplified version of the text is:

"The child's heart was indeed affected by the harsh weather....
The input text is a large amount of text. To make it easier to understand, we can use the following ...
The simplification of the input text is:

1. Innate immune systems provide immediate defense against...
The taung skull is in repository at the University of Witwatersburg, which is located in the midst o...
The input to the simplifying process is the input string, which is the input string. The output is t...
The [Your Name] is a [Your Name], a [Your Name], and a [Your Name]. This is a [Your Name], a [Your N...
The simplified version of the input text is:

1. "The number of characters in the original text is 1...
The function of T cells and B cells is to recognize non-representing non-real-representing non-real-...
The simplified text is:

Patients frequently have acute diarrhea with fatigue and a prolonged prolon...
The simplified version of the input text is:

"Attempting to rupture the ganglion by hitting it with...
The simplified version of the text is:

1. 1.00 * 1.00 = 1.00

The original text is:

1. A measles e...
The simplification should be about 1.07 times the original text. This means that the original text s...
The input to the simplifying process is the input string, which contains the text from the input str...
The simplification of the input text is:

1. In addition, Jews were not allowed to use any public tr...

--- Processing batch:
The simplification of the input text is:

1. 1.54 characters per letter

The output is:

1. 1.54 cha...
The simplified version of the input text is:

"Seat, which is a type of plant material that does not...
The simplified version of the input text is:

"The ship's shipwrecks were made sure to stay underwat...
The simplified version of the text is:

1.14 * 1.14 = 1.14 * 1.14 = 1.14 * 1.14 = 1.14 * 1.14 = 1.14...
The simplification is done by using a systematic approach to reduce the text. This means that the te...
The term "software" is a term that is not defined in the input text. It is a term that is not define...
The simplified version of the input text will be approximately 1.11% of its original length. This me...
The simplification should be about 93% of the original text. This means that the original text shoul...
The input text is a text that is already in a reasonable format. The output should be as follows:

1...
The simplified version of the text is:

Venom from stinging or biting insects such as Venom from sti...
The simplification should be about 1.13 times the original text. This means that the original text s...
The simplified version of the input text will be 37.5 characters less than the original source text....
The input text is a text that is already in a reasonable format. The output should be as follows:

1...
The simplification of the input text is:

"The Big Life of the Planet"

The main part of the text is...
The simplification should be about 1.01% of the original text. This means that the original text sho...
The input to the simplifying process is the input string, which is the input string. The output is t...

--- Processing batch:
The input to the simplifying process is the input string, which is the input string. The output is t...
The simplification should be about 0.89% of the original text. This means that the original text sho...
The simplified version of the text is:

"In the 1970s, antibiotic treatments and vaccines for lepros...
The simplified version of the text is:

"On October 12, 2013, Oscar hijueros crashed of a heart atta...
The simplification should be about 0.99. This means that the text should be approximately 0.99% of i...
The simplification should be about 0.73 times the original text. This means that the original text s...
The simplification of the input text is:

1. "The process of making the mouthwash and gels used in t...
The simplification should be about 2.70% of the original text. This means that the original text sho...
The simplified version of the input text is:

Text: "Symptoms include a sense of fullness, heaviness...
The simplification should be about 1.85% of the original text. This means that the original text sho...
The input text is a text that is already in a reasonable format. The output should be as follows:

1...
The simplified version of the input text is:

"The concept of "animals reacting to threats with a ge...
The simplified version of the text is:

1. lumbricoides is the largest intestinal roundworm and is t...
The simplification should be about 1.25 times the original text. This means that the original text s...
The simplified version of the input text is:

1. Underwater (hydrostatic) weighing is the most accur...
The input to the simplifying process is a text that is currently in the format:

"Self-help groups c...

--- Processing batch:
The simplified version of the text is:

"In inorganic chemistry, the SN1 reaction is often referred ...
The simplification should be about 1.38% of the original text. This means that the original text sho...
The input text is a text that is approximately equal to 1.66. To achieve this, we need to make sure ...
The simplification should be about 96% of the original text. This means that the original text shoul...
The simplified version of the input text will be approximately 1.04 characters less than the origina...
The simplified version of the text is:

"He is also involved in charity work by raising money to fin...
The input to the simplification process is a string of text, which can be the original text or a pre...
The simplification of the input text is:

1. A common finding during physical examination is a symme...
The simplified version of the input text will be approximately 1.22 characters less than the origina...
The input text is a complex text that can be easily understood by a person who knows how to simplify...
The simplification should be about 1.56% of the original text. This means that the original text sho...
The input to the simplifying process is the input string, which is the input string. The output is t...
The United States has been saying that Arab countries like Turkey, Turkey, Turkey, Turkey, Turkey, T...
The simplified version of the input text is:

"The diagnosis of abdominal migrains is challenging du...
The simplified version of the input text is:

"The process of reducing the body's body-level encodin...
The input text is a complex text that can be easily understood by the human mind but is too complex ...

--- Processing batch:
The simplification should be about 1.56% of the original text. This means that the original text sho...
The simplified version of the text is:

"The simplified version of the text is:

"The simplified ver...
The simplified version of the text is:

"In a report to Congress, the American military governor ope...
The simplification should be about 1.56 units of text reduction. This means that the input text shou...
The simplified version of the input text is:

Text: The same disease, such as some forms of cancer, ...
The simplification should be about 0.8% of the original text. This means that the original text shou...
The simplification should be about 0.8% of the original text. This means that the original text shou...
The input to the simplification process is a string that represents the original text. The output is...
The text you have provided is a simplification of the original text. The key to simplifying this tex...
The input to the simplifying process is the input string, which contains the text that needs to be c...
The simplified version of the text is:

"The Great Gone of the Silent Sea"

The story of the Great N...
The simplification is simplified to 37.37 characters. The total number of characters in the output t...
The simplification should be about 0.66 units (1.66) to be around 0.66. This means that the text sho...
The input to the simplification process is a string of text, which is the input to the simplificatio...
The simplified version of the input text is:

"The process of photosynthesis is a process that plant...
The simplification is done by using a simple substitution rule:

1. First, replace the original text...

--- Processing batch:
The simplification should be about 0.92% of the original text. This means that the original text sho...
The simplification should be approximately 1.52 characters per letter. This means that the text shou...
The simplified version of the text is:

"The process of breaking down food into simpler compounds by...
The input text is a text that is already in a reasonable format for a 1.1 language model. The output...
The simplified version of the input text will be approximately 2.77 characters less than the source ...
The simplified version of the text is:

The main symptoms are caused by the gram-positive, rod-lengt...
The input to the simplifying process is the input string, which is the original text. The output is ...
The simplified version of the input text is:

"Occasionally the embryo implants into the uterus, cre...
The input to the simplifying process is a string of text, which can be either the original source te...
The simplified version of the text is:

Cycloadditions in which 4n electrons participate in this pro...
The simplified version of the input text will be approximately 1.9 characters less than the source t...
The simplification should be about 1.07. This means that the text should be approximately 1.07 times...
The simplified version of the input text is:

"The color of the input text is a bit of biting blue. ...
The input text is a complex text that can be easily understood by a person who knows how to simplify...
The simplification of the given text is:

1. The number of characters in the original text is 200.
2...
The simplified version of the input text is:

1. "Physical activity is a key component of maintainin...

--- Processing batch:
The simplified version of the text is:

1. **Echoes of the Past**: This is a reminder that we are no...
The input to the simplifying process is the input string, which is the input string. The output is t...
The simplification should be about 0.4 times the original length of the input text. This means that ...
The input to the simplifying process is the input string, which is the original text. The output is ...
The simplified version of the input text will be approximately 1.18% of its original length. This me...
The input text is a text that is approximately 0.71% of its original length. This means that the ori...
The simplification should be about 1.03. This means that the text should be approximately 1.03 chara...
The simplified version of the text is:

"The concept of pansexuality rejects the gender binary, the ...
The simplified version of the input text will be approximately 1.13 characters in total.

Here's the...
The input text is a complex text that can be broken down into smaller parts. The key part is the tex...
The simplification should be about 0.79 units (1.79 * 1000) to be exactly 1.79 units. This means tha...
The simplified version of the text is:

"Sir William Ollie Ollie, a renowned physicist and chemist, ...
The simplified version of the input text will be approximately 1.74 characters less than the origina...
The simplified version of the text is:

"The simplified version of the text is:

"The simplified ver...
The simplification should be about 93% of the original text. This means that the original text shoul...
The input text is a large text file, which is a large number of characters in the form of letters, n...

--- Processing batch:
The simplified text is:

"The simplified text is less than 3.42 characters in length. This means tha...
The simplification should be about 0.99. This means that the text should be approximately 0.99% of i...
The input text is a textual representation of the input string, which is a string of text that can b...
The input to the simplifying process is the input string, which contains the text from the input str...
The simplification should be about 99% of the original text. This means that the original text shoul...
The input to the simplifying process is a text that is already in the form of a text, which is a sim...
The simplified version of the input text is:

"The process of making paper from wood is known as woo...
The simplified version of the input text is:

1. 1.32 characters

The simplified version of the inpu...
The simplified version of the input text will be approximately 1.6 times the original length of the ...
The simplification of the input text is:

1. The original text is 200 characters long.
2. The target...
The input to the simplifying process is the input string, which is the input string. The output is t...
The simplified version of the text is:

"The simplified version of the text is:

"The simplified ver...
Predictions saved to output/baseline_inference/Ministral-3b-instruct-Med-EASi-CHAR_COMPRESSION/output_1.json
Baseline inference 2 completed.
Running evaluation script for Med-EASi - CHAR_COMPRESSION...
--- Running evaluation...
Input files:	 ['output/baseline_inference/Ministral-3b-instruct-Med-EASi-CHAR_COMPRESSION/output_1.json']
Metric:	 CHAR_COMPRESSION
--- char_compression_rate losses:
Mean Squared Error (MSE): 19060.453670212766
Mean Absolute Error (MAE): 112.64840425531915
Standard Deviation of Errors: 79.81723303236565
Variance of Errors: 6370.790688942961

Saved loss values to stats.json
Updated averaged predictions file with per-sample losses: output/baseline_inference/Ministral-3b-instruct-Med-EASi-CHAR_COMPRESSION/output_averaged.json
Scatter plot saved to output/baseline_inference/Ministral-3b-instruct-Med-EASi-CHAR_COMPRESSION/char_compression_rate_scatter_plot.png
Legend saved to output/baseline_inference/Ministral-3b-instruct-Med-EASi-CHAR_COMPRESSION/char_compression_rate_scatter_legend.png
Control attribute vs metrics plot saved as char_compression_rate_ctrl_attr_vs_metrics.png
Error-vs-metrics plots saved.
STD of error by reference bin saved as char_compression_rate_error_std_by_ref_bin.png
Plots saved to output/baseline_inference/Ministral-3b-instruct-Med-EASi-CHAR_COMPRESSION

All plots saved to output/baseline_inference/Ministral-3b-instruct-Med-EASi-CHAR_COMPRESSION

--- Mean metrics:
BLEU_to_source: BLEU_to_source: 0.28 (+0.12 -0.09)
BLEU_to_ref: BLEU_to_ref: 0.18 (+0.09 -0.07)
BERTScore_to_source: BERTScore_to_source: 0.77 (+0.00 -0.00)
BERTScore_to_ref: BERTScore_to_ref: 0.76 (+0.00 -0.00)
COMET: COMET: 0.33 (+0.01 -0.01)
SARI: SARI: 31.52 (+2.25 -2.48)

Saved evaluation summary to output/nonsft_results_baseline/all_results.json

--- Evaluation complete.
Evaluation completed for Med-EASi - CHAR_COMPRESSION


=========================================================================
Running baseline inference for DATASET=Med-EASi, METRIC=WORD_COMPRESSION
=========================================================================
Running baseline inference 1 with seed 37...
Loading from ministral/Ministral-3b-instruct...
Inference args:
Namespace(use_vllm=False, seed=37, model_path='ministral/Ministral-3b-instruct', model_name='ministral/Ministral-3b-instruct', dataset_name='Med-EASi', model_class='auto', model_family='base', max_length=4096, batch_size=16, slice_test=-1, output_file='output/baseline_inference/Ministral-3b-instruct-Med-EASi-WORD_COMPRESSION/output_1.json', device='cuda', peft_path=None, temperature=-1.0, control_tokens='data/prompts/control_tokens.json', system_prompts='data/prompts/system_prompts.json', user_prompts='data/prompts/user_prompts.json', metric_mapping='data/metric_mapping.json', metric_name='WORD_COMPRESSION', user_prompt_id='token_explanation')

test:	 Inspect the dataset format:
 {'global_id': ['medeasi_001354'], 'source_text': ['Malthus was not the first to outline the problems he perceived.'], 'source_metrics': [{'FRE': 85.69, 'ARI': 6.8, 'FKGL': 4.0, 'Dale-Chall': 8.49, 'char_count': 63, 'alphanum_count': 52, 'word_count': 12, 'sentence_count': 1}], 'metadata': [{'dataset': 'medeasi', 'experiment_split': '', 'domain': 'medical', 'language': 'en', 'annotation': 'human', 'level': 'sentence'}], 'simplification_text': ['Malthus said this would not work, and it would only lead to increased numbers of the poor.'], 'target_metrics': [{'FRE': 88.06, 'ARI': 7.6, 'FKGL': 5.2, 'Dale-Chall': 7.27, 'char_count': 90, 'alphanum_count': 72, 'word_count': 19, 'sentence_count': 1, 'char_compression_rate': 1.43, 'word_compression_rate': 1.58, 'sentence_compression_rate': 1.0, 'BLEU': 3.0272532566104675, 'BERTScore': 0.9067994952201843}], 'simplification_version': [1], 'grade_level': [-1], 'simplification_dimensions': [{'linguistic': {'lexical': False, 'syntactic': False}}]}
Using model's default temperature settings

--- Processing batch:
The input text is a text that is approximately 1.58 words in length. To simplify this text, we need ...
The input text is a text that is already in a reasonable format. The output should be as follows:

1...
The simplification should be about 1.07 words. This means that the input text should be approximatel...
The input text is a text that is approximately 1.8 words long. To make it more manageable, we can us...
The simplified version of the text is:

"The name of the person who died in 1898 was named "Their na...
The simplified version of the text is:

"The process of converting a text into simpler language, suc...
The simplified version of the text is:

"The glans penis is the extended cap of the corpus spongioso...
Imagine you are a detective. In this case, you're dealing with a puzzle. You find yourself in a room...
The simplification should be about 1.0. This means that the text should be about 1.0% less than its ...
The input to the simplifying process is the input string, which contains the text content of the inp...
The simplified version of the input text is:

Small feedings reduce the osmotic load.

Here's how to...
The text is approximately 0.87% of its original length. This means that the output text will be appr...
The input text is a text that is already in a reasonable format. The output should be as follows:

1...
The simplification should be about 1.19 times the original length of the input text. This means that...
The input text is a text that is approximately 1.21 words less than its original form. This means th...
The input text is a text that is approximately 1.17 times larger than its original size. This means ...

--- Processing batch:
The input text is a text that is already in a reasonable format. The output should be as follows:

1...
The simplified version of the input text is:

"The most common form of acne is known as acne lumière...
The input text is a text that is approximately 1.07 words in the form of a word-level reduction. Thi...
The simplified version of the text is:

"The sun is shining on the planet, but it's not just shining...
The simplified version of the text is:

"On May 16, 1947, she was arrested for narcotics in her New ...
The <WordWord[0.9] token specifies that the word-level compression rate should be around 0.9. Values...
The simplification of the input text is:

"Dancing eyes"

The output is:

"Dancing eyes"

The simpli...
The simplified version of the input text is:

"The king died of a stroke at Sheen on 21 June, 1377."...
The input to the simplifying process is the input string, which is the original text. The output is ...
The input text is a text that is approximately 7.84 words in length. To make it more manageable, we ...
The simplified version of the input text is:

"Dozens of doctors, doctors, doctors, doctors, doctors...
The simplified version of the input text is:

"The following symptoms include shortness of breath, n...
The simplified version of the input text is:

"Medical treatments for adult patients who require par...
The simplified version of the input text will be approximately 1.35 words. This means that the origi...
The answer to the user's question is:

1. The answer to the user's question is:

The answer to the u...
The simplified version of the input text is:

"In children, sore throat, odynophagia, and dysphagia ...

--- Processing batch:
The original text is a bit too long. To make it more manageable, you can use the following simplific...
The input text is a text that is already in a reasonable format. The output should be as follows:

1...
The simplified version of the input text is:

"The first known invention of the telephone was made i...
The simplified version of the input text is:

"In the study of the study of the study of the study o...
The simplified version of the text is:

"The simplified version of the text is: "Ipratropium nasal s...
The simplified version of the text is:

"The process of photosynthesis is a process that converts li...
The input text is a text that is already in a reasonable format. The output should be as follows:

1...
The simplification of the input text is:

"Mydriasis and diaphoresis are apparent, and heart rate an...
The simplified version of the input text is:

"Sit-skis are designed for wheelchair users or other s...
The simplified version of the input text is:

1. Patients who have diarrhea after meals should take ...
The simplification of the input text is:

1. "In long-standing cases, blood vessels will grow in fro...
The input to the simplifying process is the input string, which contains the text content of the inp...
