[nltk_data] Downloading package punkt to
[nltk_data]     /storage/homefs/hh25g551/nltk_data...
[nltk_data]   Package punkt is already up-to-date!
We will use 90% of the memory on device 0 for storing the model, and 10% for the buffer to avoid OOM. You can set `max_memory` in to a higher value to use more memory (at your own risk).
Loading checkpoint shards:   0%|          | 0/3 [00:00<?, ?it/s]Loading checkpoint shards:  33%|███▎      | 1/3 [00:01<00:02,  1.06s/it]Loading checkpoint shards:  67%|██████▋   | 2/3 [00:02<00:01,  1.03s/it]Loading checkpoint shards: 100%|██████████| 3/3 [00:02<00:00,  1.50it/s]Loading checkpoint shards: 100%|██████████| 3/3 [00:02<00:00,  1.30it/s]
The token has not been saved to the git credentials helper. Pass `add_to_git_credential=True` in this function directly or `--add-to-git-credential` if using via `hf`CLI if you want to set the git credential as well.
Traceback (most recent call last):
  File "/storage/homefs/hh25g551/ondemand/data/taming-CATS/venv/lib/python3.11/site-packages/huggingface_hub/utils/_http.py", line 402, in hf_raise_for_status
    response.raise_for_status()
  File "/storage/homefs/hh25g551/ondemand/data/taming-CATS/venv/lib/python3.11/site-packages/requests/models.py", line 1024, in raise_for_status
    raise HTTPError(http_error_msg, response=self)
requests.exceptions.HTTPError: 401 Client Error: Unauthorized for url: https://huggingface.co/api/whoami-v2

The above exception was the direct cause of the following exception:

Traceback (most recent call last):
  File "/storage/homefs/hh25g551/ondemand/data/taming-CATS/venv/lib/python3.11/site-packages/huggingface_hub/hf_api.py", line 1800, in whoami
    hf_raise_for_status(r)
  File "/storage/homefs/hh25g551/ondemand/data/taming-CATS/venv/lib/python3.11/site-packages/huggingface_hub/utils/_http.py", line 475, in hf_raise_for_status
    raise _format(HfHubHTTPError, str(e), response) from e
huggingface_hub.errors.HfHubHTTPError: 401 Client Error: Unauthorized for url: https://huggingface.co/api/whoami-v2 (Request ID: Root=1-6941bc9a-5bfe80577e3da8a61ad97020;972750d0-d1ce-46cd-86a1-944ff67bdfa4)

Invalid username or password.

The above exception was the direct cause of the following exception:

Traceback (most recent call last):
  File "/storage/homefs/hh25g551/ondemand/data/taming-CATS/venv/bin/huggingface-cli", line 7, in <module>
    sys.exit(main())
             ^^^^^^
  File "/storage/homefs/hh25g551/ondemand/data/taming-CATS/venv/lib/python3.11/site-packages/huggingface_hub/commands/huggingface_cli.py", line 61, in main
    service.run()
  File "/storage/homefs/hh25g551/ondemand/data/taming-CATS/venv/lib/python3.11/site-packages/huggingface_hub/commands/user.py", line 113, in run
    login(
  File "/storage/homefs/hh25g551/ondemand/data/taming-CATS/venv/lib/python3.11/site-packages/huggingface_hub/utils/_deprecation.py", line 101, in inner_f
    return f(*args, **kwargs)
           ^^^^^^^^^^^^^^^^^^
  File "/storage/homefs/hh25g551/ondemand/data/taming-CATS/venv/lib/python3.11/site-packages/huggingface_hub/utils/_deprecation.py", line 31, in inner_f
    return f(*args, **kwargs)
           ^^^^^^^^^^^^^^^^^^
  File "/storage/homefs/hh25g551/ondemand/data/taming-CATS/venv/lib/python3.11/site-packages/huggingface_hub/_login.py", line 120, in login
    _login(token, add_to_git_credential=add_to_git_credential)
  File "/storage/homefs/hh25g551/ondemand/data/taming-CATS/venv/lib/python3.11/site-packages/huggingface_hub/_login.py", line 398, in _login
    token_info = whoami(token)
                 ^^^^^^^^^^^^^
  File "/storage/homefs/hh25g551/ondemand/data/taming-CATS/venv/lib/python3.11/site-packages/huggingface_hub/utils/_validators.py", line 114, in _inner_fn
    return fn(*args, **kwargs)
           ^^^^^^^^^^^^^^^^^^^
  File "/storage/homefs/hh25g551/ondemand/data/taming-CATS/venv/lib/python3.11/site-packages/huggingface_hub/hf_api.py", line 1814, in whoami
    raise HTTPError(error_message, request=e.request, response=e.response) from e
requests.exceptions.HTTPError: Invalid user token.
Running inference on test set:   0%|          | 0/12 [00:00<?, ?it/s]Both `max_new_tokens` (=8191) and `max_length`(=16383) seem to have been set. `max_new_tokens` will take precedence. Please refer to the documentation for more information. (https://huggingface.co/docs/transformers/main/en/main_classes/text_generation)
slurmstepd: error: *** JOB 39976134 ON gnode21 CANCELLED AT 2025-12-16T21:23:39 ***
