Traceback (most recent call last):
  File "/storage/homefs/hh25g551/ondemand/data/taming-CATS/src/sft_inference.py", line 12, in <module>
    from helpers.prompting import select_random_system_prompt, select_random_user_prompt, select_control_token_explanation, select_random_control_token_examples
  File "/storage/homefs/hh25g551/ondemand/data/taming-CATS/src/helpers/prompting.py", line 124
    enable_thinking=False 
                    ^^^^^^
SyntaxError: invalid syntax. Perhaps you forgot a comma?
Traceback (most recent call last):
  File "/storage/homefs/hh25g551/ondemand/data/taming-CATS/src/sft_inference.py", line 12, in <module>
    from helpers.prompting import select_random_system_prompt, select_random_user_prompt, select_control_token_explanation, select_random_control_token_examples
  File "/storage/homefs/hh25g551/ondemand/data/taming-CATS/src/helpers/prompting.py", line 124
    enable_thinking=False 
                    ^^^^^^
SyntaxError: invalid syntax. Perhaps you forgot a comma?
Traceback (most recent call last):
  File "/storage/homefs/hh25g551/ondemand/data/taming-CATS/src/sft_inference.py", line 12, in <module>
    from helpers.prompting import select_random_system_prompt, select_random_user_prompt, select_control_token_explanation, select_random_control_token_examples
  File "/storage/homefs/hh25g551/ondemand/data/taming-CATS/src/helpers/prompting.py", line 124
    enable_thinking=False 
                    ^^^^^^
SyntaxError: invalid syntax. Perhaps you forgot a comma?
slurmstepd: error: *** JOB 39976026 ON gnode21 CANCELLED AT 2025-12-16T21:09:24 ***
