/software.9/software/Anaconda3/2024.02-1/bin/python3
Tue Dec 16 21:24:50 2025       
+-----------------------------------------------------------------------------------------+
| NVIDIA-SMI 550.163.01             Driver Version: 550.163.01     CUDA Version: 12.4     |
|-----------------------------------------+------------------------+----------------------+
| GPU  Name                 Persistence-M | Bus-Id          Disp.A | Volatile Uncorr. ECC |
| Fan  Temp   Perf          Pwr:Usage/Cap |           Memory-Usage | GPU-Util  Compute M. |
|                                         |                        |               MIG M. |
|=========================================+========================+======================|
|   0  NVIDIA A100 80GB PCIe          On  |   00000000:C1:00.0 Off |                    0 |
| N/A   43C    P0             46W /  300W |       1MiB /  81920MiB |      0%      Default |
|                                         |                        |             Disabled |
+-----------------------------------------+------------------------+----------------------+
                                                                                         
+-----------------------------------------------------------------------------------------+
| Processes:                                                                              |
|  GPU   GI   CI        PID   Type   Process name                              GPU Memory |
|        ID   ID                                                               Usage      |
|=========================================================================================|
|  No running processes found                                                             |
+-----------------------------------------------------------------------------------------+
Script started: Tue Dec 16 09:24:50 PM CET 2025

=========================================================================
Running baseline inference for DATASET=Med-EASi, METRIC=ARI
=========================================================================
Running baseline inference 1 with seed 37...
Loading from ministral/Ministral-3b-instruct...
Inference args:
Namespace(use_vllm=False, seed=37, model_path='ministral/Ministral-3b-instruct', model_name='ministral/Ministral-3b-instruct', dataset_name='Med-EASi', model_class='auto', model_family='base', max_length=4096, batch_size=16, slice_test=-1, output_file='output/baseline_inference/Ministral-3b-instruct-Med-EASi-ARI/output_1.json', device='cuda', peft_path=None, control_tokens='data/prompts/control_tokens.json', system_prompts='data/prompts/system_prompts.json', user_prompts='data/prompts/user_prompts.json', metric_mapping='data/metric_mapping.json', metric_name='ARI', user_prompt_id='token_explanation')

[33m⚠️  Warning: 'huggingface-cli login' is deprecated. Use 'hf auth login' instead.[0m
test:	 Inspect the dataset format:
 {'global_id': ['medeasi_001354'], 'source_text': ['Malthus was not the first to outline the problems he perceived.'], 'source_metrics': [{'FRE': 85.69, 'ARI': 6.8, 'FKGL': 4.0, 'Dale-Chall': 8.49, 'char_count': 63, 'alphanum_count': 52, 'word_count': 12, 'sentence_count': 1}], 'metadata': [{'dataset': 'medeasi', 'experiment_split': '', 'domain': 'medical', 'language': 'en', 'annotation': 'human', 'level': 'sentence'}], 'simplification_text': ['Malthus said this would not work, and it would only lead to increased numbers of the poor.'], 'target_metrics': [{'FRE': 88.06, 'ARI': 7.6, 'FKGL': 5.2, 'Dale-Chall': 7.27, 'char_count': 90, 'alphanum_count': 72, 'word_count': 19, 'sentence_count': 1, 'char_compression_rate': 1.43, 'word_compression_rate': 1.58, 'sentence_compression_rate': 1.0, 'BLEU': 3.0272532566104675, 'BERTScore': 0.9067994952201843}], 'simplification_version': [1], 'grade_level': [-1], 'simplification_dimensions': [{'linguistic': {'lexical': False, 'syntactic': False}}]}

--- Processing batch:
The simplified version of the text is:

1. 

The first to outline the problems he perceived.

1. 

T...
The [AIQA] is a simple text-based language model that can be used to simplify a given text. This lan...
The simplified version of the input text is:

1. "No cure for the common cold is available, but the ...
The simplified version of the input text is:

Text: "Shanty towns have high rates of crime, suicide,...
The simplified version of the text is:

"The name of the person who died in 1898 was named "George "...
The simplified version of the text is:

"The process of making sure that all our language is easy to...
The simplified version of the text is:

1. The glans penis is the extended cap of the corpus spongio...
The simplified version of the input text is:

1. "Imagine you are a detective in a Victorian era. In...
The simplified version of the input text is:

"The term "Computer Science" refers to a broad field t...
The simplified version of the input text is:

1. "Many fish use electronic fields to detect hidden p...
The simplified version of the input text is:

1. Small feedings reduce the osmotic load.

The simpli...
The input to the simplifying process is the input string, which is the original text. The output is ...
The simplified version of the input text is:

1. "Ncturnal thy waking hours are filled with the rhyt...
The simplified version of the input text is:

1. "Always remember to stay true to your family's valu...
The simplified version of the input text is:

1. People with Down syndrome have a lower risk of hard...
The simplified version of the input text will be:

1. 

The main ingredient in this new version of t...

--- Processing batch:
The simplified version of the input text is:

"The final answer is 6.2. 

The original text is:

"Th...
The simplified version of the input text is:

1. "The most common form of acne is known as acne lumi...
The [AIQA] is a simple text-based language model capable of answering questions based on an input te...
The simplified version of the text is:

10.5: The world is a sphere with a diameter of 10.5 centimet...
The [ARG1] token represents the target annotations for the following text. The input is a string tha...
The simplified version of the input text is:

[
  "The following is a simplified version of the orig...
The simplified version of the input text is:

19.3 * 19.3 = 99.3

The simplified version of the inpu...
The simplified version of the input text is:

"The king's death in February 1377 marked a brief peri...
The simplified version of the input text will be:

Original Text: [
  "The <ARI=3.8> system is used ...
The input to the simplifying process is the input string, which is the original text. The output is ...
The simplified version of the input text is:

"Dr. Jane Doors, a doctor in the city, was able to cur...
The simplified version of the input text is:

Text: [
  "The following symptoms are commonly associa...
The simplified version of the input text is:

1. 1.2 * 11.2 = 12.2

The simplified version of the in...
The simplified version of the input text will be:

1. 

1. 

1. 

1. 

1. 

1. 

1. 

1. 

1. 

1. 
...
The simplified version of the text is:

1. The appendix is located near the junction of the small in...
The simplified version of the input text is:

1. In children, sore throat, odynophagia, and dysphagi...

--- Processing batch:
The simplified version of the input text will be:

1. The ants will eventually die of exhaustion.

T...
The simplified version of the input text is:

1. Anaphyliasis is pronounced at least 3.8% of the tim...
The simplified version of the input text is:

1. It was first described by the Japanese physician Ha...
The simplified version of the input text is:

1. 

The simplified version of the input text is:

1. ...
The simplified version of the text is:

10.8: 

1. "Improve the overall readability of the text."
2....
The simplified version of the input text is:

1. In this notation, the DECRI is 12.2.

The key to un...
The simplified version of the input text is:

1. **Easy to understand**: The main ingredient in the ...
The simplified version of the input text is:

1. Mydriasis and diaphoresis are visible, and heart ra...
The simplified version of the input text is:

1. "The purpose of this text is to help users understa...
The simplified version of the input text is:

1. Patients who have diarrhea after meals should take ...
The simplified version of the input text will be:

1. In long-standing cases, blood vessels will gro...
The simplified version of the input text is:

1. 

The following is a simplified version of the inpu...
The [AIQA] is a simple text-based language model that can be used to simplify a given text. It uses ...
The simplified version of the text is:

1. Cats, cats, dogs, dogs, dogs, dogs, dogs, dogs, dogs, dog...
The simplified version of the text is:

"The treatment is determined by where the disease is acquire...
The simplified version of the input text will be:

1. "The <ARI=11.1> token represents the optimal o...

--- Processing batch:
The simplified version of the text is:

1. Expected to be 8.8% more readable by the following 3000 3...
The simplified version of the input text is:

1. The risk, however, varies depending on the degree o...
The simplified version of the input text will be:

1. Inflammatory breast disease is characterized b...
The simplified version of the input text is:

11.5: The <ARI=11.4> token represents a lower level of...
The simplified version of the text is:

1. 

Narrate:

1. 

1. 

1. 

1. 

1. 

1. 

1. 

1. 

1. 

...
The simplified version of the input text is:

Electronic Communication:
Electronic Communication is ...
The simplified version of the input text is:

1. "Nibble, nibble, nibble, nibble, nibble, nibble, ni...
The simplified version of the input text is:

1. "Kenny, 1.8 3.8 1.8 1.8 1.8 1.8 1.8 1.8 1.8 1.8 1.8...
The simplified version of the input text is:

"Women may not bond with their infant, resulting in em...
The simplified version of the input text will be:

Text: 

In chronic thromboomontionary thromboomon...
The simplified version of the input text is:

1. "The process of photosynthesis is a process that pr...
The simplified version of the input text will be:

1. "Some of the food waste produced by processing...
The simplified version of the input text is:

1. Patients may present with systemic symptoms such as...
The simplified version of the input text is:

1. Intellio: Intellio is a simple text-based calculato...
The simplified version of the input text is:

"Binges, often over several days, lead to an exhaustio...
The simplified version of the input text is:

1. Expected to be 11.9% of its original value

The sim...

--- Processing batch:
The simplified version of the input text is:

1. Infections occur in all kinds of environments.
2. T...
The simplified version of the input text is:

1. The main ingredient in a recipe, "Cooking the chick...
The simplified version of the input text is:

"When she suffered from bronchopneumonia as a child, h...
The simplified version of the input text is:

1. In the realm of aerial photography, the field of fi...
The simplified version of the input text is:

13.3: Unfortunately, the original text is too complex ...
The simplified version of the input text is:

Text: "The Taung skull is in repository at the Univers...
The simplified version of the input text is:

Phoebe, a young woman with a heartbeat that is too fas...
The simplified version of the text is:

"Real Shapeshifters" - "Imagine a world where shapeshifters ...
The simplified version of the input text is:

1. "The following are the simplified versions of the t...
The simplified version of the input text is:

"The function of T cells and B cells is to recognize n...
The simplified version of the input text will be:

1. Patients frequently have acute diarrhea with a...
The simplified version of the input text is:

1. Expected to hurt the ganglion by hitting it with a ...
The simplified version of the text is:

1. The original text is a detailed description of the follow...
The simplified version of the input text is:

1. Expected to be 7.4% of its original value

The simp...
The input to the simplifying process is the input string, which is the original text. The output is ...
The simplified version of the text is:

1. 10.8 

The simplified version of the text is:

10.8 

The...

--- Processing batch:
The simplified version of the input text is:

1. 11.9: This is a lower level of readability. It's a ...
The simplified version of the input text is:

1. "Pastlelelelelelelelelelelelelelelelelelelelelelele...
The simplified version of the input text is:

"The ship's navigation system was malfunctioning durin...
The simplified version of the input text is:

1. Children may put up with the stools as they do not ...
The simplified version of the input text is:

"The process of converting carbon dioxide into carbon ...
The simplified version of the input text will be:

Original Text: 

In the early stages of the devel...
The simplified version of the input text will be:

1. Intellio: The main ingredient in the original ...
The simplified version of the input text is:

"The action of a man being stabbed by an alligator."

...
The simplified version of the input text will be:

1. **Simple Text**: This is a simple text that ca...
The simplified version of the text is:

"Venom from stinging or biting insects such as the tingling ...
The simplified version of the input text will be:

1. Hepatitis C testing typically begins with bloo...
The simplified version of the input text is:

1. Infections in 5% of cases are mild, with a 50% chan...
The simplified version of the input text is:

1. The main ingredient in a person's diet, which is a ...
The simplified version of the input text will be:

"The Big Life, which released as a single on reco...
The simplified version of the input text is:

Original Text: [
  [
    [
      [
        [
        [...
The [AIQA] is a simple text-based language model capable of answering questions based on an input te...

--- Processing batch:
The input to the simplifying process is the input string, which is the original text. The output is ...
The simplified version of the input text is:

Echoes of the 1960s: 

Echoes of the 1960s are now on ...
The simplified version of the text is:

1. In the 1970s, antibiotic treatments and vaccines for lepr...
The simplified version of the input text is:

"The [Ri] is 13.9, so it's a good readability score fo...
The simplified version of the input text is:

"The West Highland Railway line was built along the 18...
The simplified version of the input text will be:

1. The 1970s and 1990s have been marked by signif...
The simplified version of the input text is:

1. 3.3.3.3.3.3.3.3.3.3.3.3.3.3.3.3.3.3.3.3.3.3.3.3.3.3...
The simplified version of the input text is:

"The Yankees' youthful youthful vigilance was once aga...
The simplified version of the text is:

1. Symptoms:
- Stress: Stress is a feeling of fullness, fati...
The simplified version of the input text is:

1. Expected to be 9.5.

The simplified version of the ...
The simplified version of the text is:

13.8: 

This is a simplified version of the original text. T...
The simplified version of the input text is:

"The concept of "animals reacting to threats with a ge...
The simplified version of the text is:

1. lumbricoides is the largest intestinal roundworm and is t...
The simplified version of the input text is:

1. 11.5: This is a low level of readability. It's a bi...
The simplified version of the input text is:

1. Underwater (hydrostatic) weighing is the most accur...
The simplified version of the input text is:

"Self-help groups can provide resources for personalit...

--- Processing batch:
The simplified version of the input text will be:

1. In inorganic chemistry, the SN1 reaction is co...
The simplified version of the input text is:

1. Joint symptoms, ranging from intermittent arthritis...
The simplified version of the input text is:

1. In people with seasonal conjunctivitis, fine papili...
The simplified version of the input text is:

"In this context, we find ourselves in a seabed region...
The simplified version of the input text is:

1. The main ingredient in gout is a tophus.
2. The mai...
The simplified version of the input text will be:

"He is also involved in charity work by raising m...
The simplified version of the input text is:

Nectarion: 
Nectarion is a class of mental disorders c...
The simplification should be as follows:

1. Identify the main features of the body of the breast.
2...
The simplified version of the input text will be:

1. The early stages are usually separated by an a...
The simplified version of the text is:

1. In the terminal stages of progression, progressive jaundi...
The simplified version of the input text is:

1. The number of cases of bacterial meningitis per yea...
The input to the simplifying process is the input string, which is the original text. The output is ...
The United States has consistently stated that India is a major source of illicit transport of women...
The simplified version of the input text is:

1. The diagnosis of abdominal migrains is challenging ...
The simplified version of the input text is:

1. "When you're tired of the old old world, you're tir...
The simplified version of the input text is:

1. The <ARI=14.7> token represents a 14.7% improvement...

--- Processing batch:
The simplified version of the input text is:

1. In 8 to 10% of untreated patients with typhoid feve...
The simplified version of the text is:

1. The simplified version of the text is:

1. The simplified...
The simplified version of the input text is:

"In a report to Congress, the American military govern...
The simplified version of the input text is:

Text: [
  [
    [
      [
        [
        [
        ...
The simplified version of the input text is:

1. The same disease, such as some cases of cancer, can...
The simplified version of the input text is:

1. "People with asthma, allergic rhints, and ultrasoni...
The simplified version of the input text is:

1. "The man who had an injury in the penis in the past...
The simplified version of the input text is:

Original Text: [
  [
    [
      [
        [
        [...
The simplified version of the input text will be:

1. **Imagine**: This is a simple text that can be...
The input to the simplifying process is the input string, which is the original text. The output is ...
The simplified version of the input text is:

"I'm just a story about a man who made fortune in the ...
The simplified version of the input text is:

1. Excretion is the process by which waste products of...
The simplified version of the input text is:

1. **Echo**: This is a simple text that can be underst...
The simplified version of the input text is:

Original Text: [
  [
    [
      [
        [
        [...
The simplified version of the input text will be:

1. Explanation:
   - The original text is a compl...
The simplified version of the input text is:

1. **Primary**: This stage is characterized by the pre...

--- Processing batch:
The simplified version of the input text is:

1. "Somewhat dangerous to the human body"
2. "Not too ...
The simplification should be as follows:

1. Genetic predisposition: This is a significant factor th...
The simplified version of the text is:

"The process of breaking down food into simpler compounds by...
The input to the simplifying process is the input string, which is the original text. The output is ...
The simplified version of the input text will be:

19.3 * 19.3 = 99.3

The simplified version of the...
The simplified version of the text is:

1. The main symptoms are caused by the gram-positive, monoli...
The [AIQA] is a simple example of how you can simplify a given text. The input to the AIQA model is ...
The simplified version of the input text is:

1. Expected to be 6.9% of the original text

The "soft...
The simplified version of the input text will be:

1. **Investigating the Enigma of the Enigma**: Th...
The simplified version of the input text is:

1. Cycle-to-to-to-to-to-to-to-to-to-to-to-to-to-to-to-...
The simplified version of the input text is:

1. In that aspect, the various thalamuses in this syst...
The simplified version of the input text is:

1. In organic synthesis an essential reaction involves...
The simplified version of the input text is:

"The process of converting a binary representation of ...
The simplified version of the text is:

1. **Imagine**: Imagine you are a detective. In this case, y...
The simplified version of the input text is:

1. The main ingredient in the process of making coffee...
The simplified version of the input text is:

13.7: 

The simplified version of the input text is:

...

--- Processing batch:
The simplified version of the input text is:

1. **Easy to Read**: This is a simple text that can be...
The simplified version of the input text is:

Urinary outflow obstruction, urinary retention, urinar...
The simplified version of the input text is:

1. "People who can be at risk of contracting sexually ...
The simplified version of the input text is:

"The process of detecting sinus infections is often do...
The simplified version of the input text will be:

"The 2012 Summer Paralympics and Olympics in Lond...
The simplified version of the input text is:

Text: [
  "The following is a simplified version of th...
The simplified version of the input text is:

1. Treatment for cerebrovascular disease will be consi...
The simplified version of the text is:

"The concept of pansexuality rejects the gender binary, the ...
The simplified version of the input text will be:

"Investigating the impact of various factors on t...
The simplified version of the input text will be:

1. 

The process of making sense of the input tex...
The simplified version of the input text is:

1. The original text is:

Text: [
    "In the early 20...
The simplified version of the text is:

"Sir William Ollie Ollie, a renowned physicist and chemist, ...
The simplified version of the input text is:

Text: [
  "Your Name: "
  "Alice
  "
  "I'm sorry to h...
The simplified version of the text is:

"The <ARI=14.6> token specifies that the target Automated Re...
The simplified version of the input text is:

1. The <ARI=23.9> token represents a level of readabil...
The simplified version of the input text is:

Original Text: 

In the field of genome engineering, n...

--- Processing batch:
The simplified version of the text is:

"In the context of the Advanced Readability Index (ARI) scor...
The simplified version of the input text is:

"The [Narrative of the [Narrative of the [Narrative of...
The simplified version of the input text will be:

1. 

1. 

1. 

1. 

1. 

1. 

1. 

1. 

1. 

1. 
...
The [ARG1] is a simple text that can be understood by the automatic translation engine. This is a si...
The simplified version of the input text will be:

Physiological adaptations enable the organism to ...
The input to the simplifying process is the input string, which is the original text. The output is ...
The simplified version of the input text is:

1. The process of making decisions in systems can be u...
The simplified version of the input text will be:

1. "Orion's Belt is a planet in the sky."

The si...
The simplified version of the input text will be:

1. Myocardial fibrosis, left ventricular hypertro...
The simplified version of the input text is:

1. The original text is a complex text that can be und...
The simplified version of the input text is:

Body dysmorphic disorder (BFD) is a persistent mental ...
The simplified version of the text is:

"The simplified version of the text is:

"The simplified ver...
Predictions saved to output/baseline_inference/Ministral-3b-instruct-Med-EASi-ARI/output_1.json
Baseline inference 2 completed.
Running baseline inference 2 with seed 15...
Loading from ministral/Ministral-3b-instruct...
Inference args:
Namespace(use_vllm=False, seed=15, model_path='ministral/Ministral-3b-instruct', model_name='ministral/Ministral-3b-instruct', dataset_name='Med-EASi', model_class='auto', model_family='base', max_length=4096, batch_size=16, slice_test=-1, output_file='output/baseline_inference/Ministral-3b-instruct-Med-EASi-ARI/output_2.json', device='cuda', peft_path=None, control_tokens='data/prompts/control_tokens.json', system_prompts='data/prompts/system_prompts.json', user_prompts='data/prompts/user_prompts.json', metric_mapping='data/metric_mapping.json', metric_name='ARI', user_prompt_id='token_explanation')

[33m⚠️  Warning: 'huggingface-cli login' is deprecated. Use 'hf auth login' instead.[0m
test:	 Inspect the dataset format:
 {'global_id': ['medeasi_001354'], 'source_text': ['Malthus was not the first to outline the problems he perceived.'], 'source_metrics': [{'FRE': 85.69, 'ARI': 6.8, 'FKGL': 4.0, 'Dale-Chall': 8.49, 'char_count': 63, 'alphanum_count': 52, 'word_count': 12, 'sentence_count': 1}], 'metadata': [{'dataset': 'medeasi', 'experiment_split': '', 'domain': 'medical', 'language': 'en', 'annotation': 'human', 'level': 'sentence'}], 'simplification_text': ['Malthus said this would not work, and it would only lead to increased numbers of the poor.'], 'target_metrics': [{'FRE': 88.06, 'ARI': 7.6, 'FKGL': 5.2, 'Dale-Chall': 7.27, 'char_count': 90, 'alphanum_count': 72, 'word_count': 19, 'sentence_count': 1, 'char_compression_rate': 1.43, 'word_compression_rate': 1.58, 'sentence_compression_rate': 1.0, 'BLEU': 3.0272532566104675, 'BERTScore': 0.9067994952201843}], 'simplification_version': [1], 'grade_level': [-1], 'simplification_dimensions': [{'linguistic': {'lexical': False, 'syntactic': False}}]}

--- Processing batch:
The simplified version of the input text is:

1. 

The first to outline the problems he perceived.

...
The simplified version of the input text will be:

1. Joubert syndrome is one such disease.

The sim...
The simplified version of the input text is:

1. "No cure for the common cold is available, but the ...
The simplified version of the text is:

"The simplified version of the text is:

"The simplified ver...
The simplified version of the input text is:

"The [source text] was a prominent figure who was born...
The simplified version of the input text is:

1. The <ARI=4.7> token represents a 4.7-0.7 3.1200 3.7...
The simplified version of the input text is:

1. The glans penis is the extended cap of the corpus s...
The simplified version of the input text is:

1. 

The original text is:

1. 

The simplified versio...
The simplified version of the input text is:

"The term "Computer Science" refers to a broad field t...
The simplified version of the input text is:

1. "Many fish use electronic fields to detect hidden p...
The simplified version of the input text is:

1. Small feedings reduce the osmotic load.

The simpli...
The simplified version of the input text is:

1. The testes have two main functions: to produce horm...
The simplified version of the input text is:

1. Nocturnal thy thy thy heart's rhythmic beat.
2. Tho...
The simplified version of the input text is:

1. "Galton's observation of extreme characteristics"
2...
The simplified version of the input text is:

1. People with Down syndrome have a lower risk of hard...
The simplified version of the input text is:

1. 

The main ingredient in the new yarn, "The new yar...

--- Processing batch:
The simplified version of the input text will be:

"The final answer is 6.2. 

The original text is:...
The simplified version of the input text is:

1. "The most common form of acne is known as acne lumi...
The simplified version of the input text is:

1. The <ARI=12.1> token represents a lower level of re...
The simplified version of the text is:

10.5: The world is a big, blue, blue, and blue, but it's not...
The [ARG1] token represents the target annotations for the following text. The input is a string tha...
The simplified version of the input text is:

1. 

The following is a simplified version of the orig...
The simplified version of the input text is:

19.3: 

This is a simple example of how you can simpli...
The simplified version of the input text is:

"The king's death in February 1377 was a brief period ...
The simplified version of the input text is:

1. Underwear is worn for a variety of reasons.

The si...
The simplified version of the input text is:

1. People typically recover in seven to ten days, but ...
The simplified version of the input text will be:

"Dr. Olivia, Dr. Thomas, Dr. Thomas, Dr. Thomas, ...
The simplified version of the input text is:

1. The main symptoms of this type of problem are short...
The simplified version of the input text is:

1. 1.2 * 11.2 = 12.2

The simplified version of the in...
The simplified version of the input text is:

1. 

The process of making sure that the input text is...
The simplified version of the input text is:

1. The appendix is located near the junction of the sm...
The simplified version of the input text will be:

1. In children, sore throat, odynophagia, and dys...

--- Processing batch:
The simplified version of the input text is:

1. The ants will eventually die of exhaustion.

The si...
The simplified version of the input text is:

1. Anaphyliasis is pronounced at least 3.8% of the tim...
The [AIQA] is a simple text-based language model capable of converting a given text into simpler, mo...
The simplified version of the input text will be:

1. 

The process of making sure that all children...
The input to the simplifying process is the input string, which is the original text. The output is ...
The simplified version of the input text will be:

1. In this notation, the DEARI is 12.2.

The outp...
The [AIQA] is 11.8, which is a relatively low level of readability. This means that the text is more...
The simplified version of the input text is:

1. Mydriasis and diaphoresis are visible, and heart ra...
The simplified version of the input text is:

1. "Sit-skis are designed for wheelchair users or othe...
The simplified version of the input text is:

1. Patients who have diarrhea after meals should take ...
The simplified version of the input text is:

1. In long-standing cases, blood vessels will grow in ...
The simplified version of the input text is:

1. Expected to be 8.1% of its original value

The outp...
The simplified version of the input text is:

19.1 * 19.1 = 99.99

The simplified version of the inp...
The simplified version of the text is:

1. Cats, cats, dogs, dogs, dogs, dogs, dogs, dogs, dogs, dog...
The simplified version of the text is:

"The treatment is determined by where the disease is acquire...
The [AI] is 11.1. This means that the input text is a relatively simpler version of the original tex...

--- Processing batch:
The simplified version of the input text is:

1. "Physical symptoms and signs of food allergies:
   ...
The simplified version of the input text will be:

1. The risk, however, varies depending on the deg...
The simplified version of the input text is:

1. Inflammatory breast cancer is characterized by peau...
The simplified version of the input text is:

11.5: The target Simplified Text (ANNOUNCED) is 11.5.
...
The simplified version of the input text is:

1. 

1. 

1. 

1. 

1. 

1. 

1. 

1. 

1. 

1. 

1. 
...
The simplified version of the input text is:

Electronic Communication:
Electronic Communication is ...
The simplified version of the input text is:

1. "Nibble, nibble, nibble, nibble, nibble, nibble, ni...
The simplified version of the input text is:

1. "Kenny, 1.8 3.8 1.8 1.8 1.8 1.8 1.8 1.8 1.8 1.8 1.8...
The simplified version of the text is:

"Women may not bond with their infant, resulting in emotiona...
The simplified version of the text is:

Text: 

In chronic thromboomontionary thromboomontionary thr...
The simplified version of the input text is:

1. "The process of photosynthesis is a process that pr...
The simplified version of the input text will be:

1. "Some of the food waste produced by processing...
The simplified version of the input text is:

1. Patients may present with systemic symptoms such as...
The simplified version of the input text will be:

1. Intellio: Intellio is a powerful AI-powered te...
The simplified version of the input text is:

1. Binges, often over several days, lead to an exhaust...
The simplified version of the input text is:

1. Expected to be 11.9% of its original value

The sim...

--- Processing batch:
The simplified version of the input text is:

1. Always, you can use the following simple language:
...
The input to the simplifying process is the input string, which is the original text. The output is ...
The simplified version of the input text is:

"The following is a simplification of the original tex...
The simplified version of the input text is:

Original Text: [
  "In the realm of quantum computing,...
The input to the simplifying process is the input string, which is the original text. The output is ...
The simplified version of the text is:

"The Taung skull is in repository at the University of Witwa...
The simplified version of the input text is:

PHOMAS:

Imagine you are a detective. In this case, yo...
The simplified version of the text is:

"Real Shapeshifters" - "Imagine a world where shapeshifters ...
The simplified version of the input text will be:

1. "The following items are needed for cleaning a...
The function of T cells and B cells is to recognize specific non-self antigens, during a process kno...
The simplified version of the input text is:

1. Patients frequently have acute diarrhea with acute ...
The simplified version of the input text is:

1. "Attempting to Rupture the ganglion by HOTERI"

The...
The simplified version of the input text is:

1. The original text is a detailed description of the ...
The simplified version of the input text is:

1. In the throbbing heart of a bustling city, where th...
The simplified version of the input text is:

Epidulent hematomosis (EDH) is a rapidly accumulating ...
The simplified version of the text is:

"In addition, Jews were not allowed to use public transporta...

--- Processing batch:
The simplified version of the input text is:

1. 11.9: This is a lower level of readability. It's a ...
The simplified version of the input text is:

1. "Pastlelelelelelelelelelelelelelelelelelelelelelele...
The simplified version of the input text is:

"The ship's crew was on a journey to the coastal town ...
The simplified version of the input text is:

1. Children may put on a stool to get rid of the stool...
The simplified version of the text is:

"The process of converting carbon dioxide into carbon dioxid...
The simplified version of the input text is:

1. The syndrome typically develops in early childhood ...
The simplified version of the input text will be:

1. Intellio: The main ingredient in the original ...
The [AI] is 11.0, so it's a good approximation. The input to the "speech-to-text" machine is a strin...
The simplified version of the input text will be:

1. **Simple Text**: This is a simple text that ca...
The input to the simplifying process is a text that is already in the form of a simple text. The out...
The simplified version of the input text will be:

1. Hepatitis C testing typically begins with bloo...
The simplified version of the input text is:

1. Infections in 5% of cases are mild, with a 50% chan...
The input to the simplifying process is the input string, which is the original text. The output is ...
The simplified version of the input text will be:

"The Big Life, which released as a single on reco...
The simplified version of the input text is:

Original Text: [
  [
    [
      [
        [
        [...
The simplified version of the text is:

Text: "She remembered a lot of the colors and patterns in th...

--- Processing batch:
The input to the simplifying process is the input string, which is the original text. The output is ...
The input to the simplifying process is the input string, which is the original text. The output is ...
The 13.1 token represents a 13.1% reduction in the original text. This means that the original text ...
The simplified version of the input text is:

"The [Ri] is 13.9, so it's a good readability score fo...
The simplified version of the text is:

"The Great Wall of China is a massive structure that stretch...
The simplified version of the text is:

1. The 1970s and 1990s have been marked by a significant inc...
The simplified version of the input text is:

1. 3.3.3.3.3.3.3.3.3.3.3.3.3.3.3.3.3.3.3.3.3.3.3.3.3.3...
The simplified version of the given text is:

"The Yankees's youthful youthful vigilance was once ag...
The simplified version of the text is:

"Symptoms:
1. Stress: Stress is a feeling of fullness, fatig...
The simplified version of the input text is:

1. Examination with a proctoscope will detect erythema...
The simplified version of the input text will be:

1. 

The main ingredient in the newfound evidence...
The simplified version of the input text is:

"The concept of "human behavior" is a concept that is ...
The simplified version of the input text is:

1. lumbricoides is the largest intestinal roundworm an...
The simplified version of the input text is:

1. 11.5: This is a low level of readability. It's a bi...
The simplified version of the input text will be:

1. Underwater (hydrostatic) weighing is the most ...
The simplified version of the input text is:

"Self-help groups can provide resources for personalit...

--- Processing batch:
The simplified version of the input text will be:

1. In inorganic chemistry, the SN1 reaction is co...
The input to the simplifying process is the input string, which is the original text. The output is ...
The simplified version of the input text is:

1. In people with seasonal conjunctivitis, fine papili...
The simplified version of the input text is:

"In this context, I have been able to simplify the tex...
The simplified version of the input text is:

1. The main ingredient in gout is gitinium nitrate, wh...
The simplified version of the input text will be:

"He is also involved in charity work by raising m...
The simplified version of the input text is:

Nectarion: 
Nectarion is a class of mental disorders c...
The simplified version of the input text will be:

1. 

The simplified version of the input text wil...
The simplified version of the input text will be:

1. The early stages are usually separated by an a...
The simplified version of the input text will be:

1. In the terminal stages, progressive jaundice a...
The simplified version of the input text is:

"The number of cases of bacterial meningitis per year ...
The input to the simplifying process is the input string, which is the original text. The output is ...
The United States has been described as a major source of illicit transport of women for sexual expl...
The simplified version of the input text is:

13.4 * 13.4 = 99.4

The simplified version of the inpu...
The simplified version of the input text is:

1. "When you're tired of the old old world, you're tir...
The simplified version of the input text is:

1. The <ARI=14.7> token represents a 14.7% improvement...

--- Processing batch:
The simplified version of the input text is:

1. In 8 to 10% of untreated patients with typhoid feve...
The simplified version of the text is:

1. Insects: 13.7

The simplified version of the text is:

13...
The simplified version of the input text is:

"In a report to Congress, the American military govern...
The simplified version of the input text is:

Text: [
  [
    [
      [
        [
        [
        ...
The simplified version of the input text is:

1. The same disease, such as some cases of cancer, can...
The simplified version of the text is:

1. "People with asthma, allergic rhints, and ultrasonic scan...
The input to the simplifying process is the input string, which is the original text. The output is ...
The input to the simplifying process is the original text, which is the output from the automated re...
The simplified version of the input text will be:

1. **Echoes of the Voice**: This is a simple text...
The simplified version of the input text is:

1. **Ear**: It causes eye pain because it's a part of ...
The simplified version of the input text is:

"The Great Gone: The Evolution of the Land of the Land...
The simplified version of the input text is:

Education:
1. Education is the process by which we lea...
The simplified version of the input text will be:

1. **Inspecting the vessels in the vessels**
2. *...
The simplified version of the input text is:

Original Text: [
  [
    [
      [
        [
        [...
The simplified version of the input text will be:

1. Expected to be 10.8% of the original text

The...
The simplified version of the input text is:

1. **Primary**: This stage is characterized by the pre...

--- Processing batch:
The simplified version of the input text is:

1. "When a person gets a bruise, it can be serious and...
The simplified version of the input text is:

1. The <ARI=35.3> token represents the target Analyzer...
The [ARG1] is a simple text that can be understood by the machine. This is a simple text that can be...
The input to the simplifying process is the input string, which is the original text. The output is ...
The simplified version of the input text will be:

19.3 * 19.3 = 99.3

The simplified version of the...
The simplified version of the text is:

1. The main symptoms are caused by the gram-positive, monoli...
The simplified version of the input text is:

1. Expected to be readable for 30% of the target audie...
The simplified version of the input text is:

1. Expected to be 6.9% of the original text

The simpl...
The input to the simplifying process is the input string, which is the original text. The output is ...
The simplified version of the input text is:

1. Cycle-to-to-to-to-to-to-to-to-to-to-to-to-to-to-to-...
The simplified version of the input text will be:

"In this case, the various thalamuses in the body...
The simplified version of the input text is:

1. In organic synthesis an important reaction is the c...
The simplified version of the input text is:

"The process of photosynthesis is a process that plant...
The simplified version of the input text is:

1. **Echoes of the Past**: This is a recurring theme i...
The simplified version of the input text will be:

1. "Many pathways are involved in the abnormal pr...
The simplified version of the input text is:

13.7: 

1. Explanation: This simplifies to 3.7.

1. Ex...

--- Processing batch:
The simplified version of the input text is:

1. **Easy to Read**: This is a simple text that can be...
The simplified version of the input text will be:

1. Urinary outflow obstruction, urinary retention...
The simplified version of the input text is:

1. "People who can be at risk of contracting sexually ...
The simplified version of the input text is:

1. "The process of making coffee from coffee beans.
2....
The simplified version of the input text will be:

"The 2012 Summer Paralympics and Olympics in Lond...
The simplified version of the input text is:

1. The <ARI=13.4> token represents a lower level of re...
The <ARI=29.5> token specifies that the target Automated Readability Index (ARI) score should be app...
The simplified version of the text is:

"The concept of pansexuality rejects the gender binary, the ...
The simplified version of the input text will be:

"The current discharge is unilateral, it has been...
The simplified version of the input text will be:

Text: 

Intricate network of neurons in the brain...
The simplified version of the text is:

"The process of photosynthesis is a complex process that inv...
The simplified version of the text is:

"Sir William Ollie, a renowned physicist and chemist, was pa...
The simplified version of the input text is:

1. **Echo**: This is a simple text that can be underst...
The simplified version of the text is:

"The <ARI=14.6> token specifies that the target Automated Re...
The simplified version of the input text is:

"Cholangiacarcinoma, also known as bile duct disease, ...
The simplified version of the input text will be:

Original Text: 

In the field of genome engineeri...

--- Processing batch:
The simplified version of the text is:

"The simplified version of the text is:

"The simplified ver...
The simplified version of the input text will be:

1. "The process of photosynthesis in plants invol...
The simplified version of the text is:

1. 

The original text is:

1. 

This simplifies to:

1. 

T...
The simplified version of the input text is:

Text: [
  [
    [
      [
        [
        [
        ...
The simplified version of the text is:

Physiological adaptations enable the organism to perform spe...
The simplified version of the input text is:

1. 3.7: This is a reasonable approximation of the targ...
The simplified version of the input text is:

1. The <ARI=18.7> token represents the target annotati...
The simplified version of the text is:

1. 14.1: This is a simplified version of the original text.
...
The simplified version of the input text will be:

1. Myocardial fibrosis, left ventricular hypertro...
The simplified version of the input text is:

1. The original text is a complex text that can be und...
The simplified version of the input text is:

Body dysmorphic disorder (BFD) is a persistent mental ...
The simplified version of the text is:

"The simplified version of the text is:

"The simplified ver...
Predictions saved to output/baseline_inference/Ministral-3b-instruct-Med-EASi-ARI/output_2.json
Baseline inference 3 completed.
Running baseline inference 3 with seed 96...
Loading from ministral/Ministral-3b-instruct...
Inference args:
Namespace(use_vllm=False, seed=96, model_path='ministral/Ministral-3b-instruct', model_name='ministral/Ministral-3b-instruct', dataset_name='Med-EASi', model_class='auto', model_family='base', max_length=4096, batch_size=16, slice_test=-1, output_file='output/baseline_inference/Ministral-3b-instruct-Med-EASi-ARI/output_3.json', device='cuda', peft_path=None, control_tokens='data/prompts/control_tokens.json', system_prompts='data/prompts/system_prompts.json', user_prompts='data/prompts/user_prompts.json', metric_mapping='data/metric_mapping.json', metric_name='ARI', user_prompt_id='token_explanation')

[33m⚠️  Warning: 'huggingface-cli login' is deprecated. Use 'hf auth login' instead.[0m
test:	 Inspect the dataset format:
 {'global_id': ['medeasi_001354'], 'source_text': ['Malthus was not the first to outline the problems he perceived.'], 'source_metrics': [{'FRE': 85.69, 'ARI': 6.8, 'FKGL': 4.0, 'Dale-Chall': 8.49, 'char_count': 63, 'alphanum_count': 52, 'word_count': 12, 'sentence_count': 1}], 'metadata': [{'dataset': 'medeasi', 'experiment_split': '', 'domain': 'medical', 'language': 'en', 'annotation': 'human', 'level': 'sentence'}], 'simplification_text': ['Malthus said this would not work, and it would only lead to increased numbers of the poor.'], 'target_metrics': [{'FRE': 88.06, 'ARI': 7.6, 'FKGL': 5.2, 'Dale-Chall': 7.27, 'char_count': 90, 'alphanum_count': 72, 'word_count': 19, 'sentence_count': 1, 'char_compression_rate': 1.43, 'word_compression_rate': 1.58, 'sentence_compression_rate': 1.0, 'BLEU': 3.0272532566104675, 'BERTScore': 0.9067994952201843}], 'simplification_version': [1], 'grade_level': [-1], 'simplification_dimensions': [{'linguistic': {'lexical': False, 'syntactic': False}}]}

--- Processing batch:
The simplified version of the input text is:

1. 

The first to outline the problems he perceived.

...
The simplified version of the input text will be:

1. Joubert syndrome is one such disease.

The mai...
The simplified version of the input text is:

1. "No cure for the common cold is available, but the ...
The simplified version of the input text will be:

Text: "Shanty towns have high rates of crime, sui...
The simplified version of the input text is:

"The [source text] was a prominent figure who was born...
The simplified version of the input text is:

"The process of converting a text into simpler languag...
The simplified version of the input text is:

1. The glans penis is the extended cap of the corpus s...
The simplified version of the input text is:

1. 

The original text is:

1. 

The simplified versio...
The simplified version of the text is:

1. "The term "Computer's Computer" is derived from "Computer...
The simplified version of the input text will be:

1. "Many fish use electronic fields to detect hid...
The simplified version of the input text is:

1. Small feedings reduce the osmotic load.

The simpli...
The input to the simplifying process is the input string, which is the original text. The output is ...
The simplified version of the input text is:

1. "Ncturnal thy waking hours are filled with the rhyt...
The simplified version of the input text is:

1. "Galton's observation of extreme characteristics"
2...
The simplified version of the input text is:

1. People with Down syndrome have a lower risk of hard...
The simplified version of the input text is:

1. 

The main ingredient in the new yarn, "The new yar...

--- Processing batch:
The simplified version of the input text is:

"The final answer is 6.2. 

The original text is:

"Th...
The simplified version of the input text is:

1. "The most common form of acne is known as acne lumi...
The simplified version of the input text is:

1. The <ARI=12.1> token represents a lower level of re...
The simplified version of the input text is:

10.1: The right pole sees a force in the direction of ...
The simplified version of the input text is:

"In 1947, she was arrested for narcotics in her New Yo...
The simplified version of the input text is:

Original Text: [
  [
    [
      [
        [
        [...
The simplified version of the input text is:

19.3: "Dancing eyes"

The simplified version of the in...
The simplified version of the input text is:

"The king's death in February 1377 marked a brief peri...
The [ARG1] token represents the target annotations for the input text. The [ARG2] token represents t...
The input to the simplifying process is the input string, which is the original text. The output is ...
The simplified version of the input text will be:

"Dr. Olivia, the doctor's doctor, found her husba...
The simplified version of the input text is:

1. The main symptoms of these conditions are shortness...
The simplified version of the input text is:

1. 1.2 * 11.2 = 12.2

The simplified version of the in...
The simplified version of the input text is:

1. 

The process of making sure that the input text is...
The simplified version of the input text is:

1. The appendix is located near the junction of the sm...
The simplified version of the input text is:

1. In children, sore throat, odynophagia, and dysphagi...

--- Processing batch:
The simplified version of the input text is:

1. The ants will eventually die of exhaustion.

The si...
The simplified version of the input text is:

1. Anaphyliasis is diagnosed on the basis of a person'...
The simplified version of the input text is:

"The first known invention of the first known computer...
The simplified version of the input text is:

1. 

The simplified version of the input text is:

1. ...
The simplified version of the input text is:

10.3: 

1.3:

1.3:

1.3:

1.3:

1.3:

1.3:

1.3:

1.3:...
The simplified version of the input text will be:

1. In this notation, the DEARI is 12.2.

The outp...
The [AIQA] is 11.8, which is a relatively low level of readability. This means that the text is more...
The simplified version of the input text is:

1. Mydriasis and diaphoresis are visible, and heart ra...
The simplified version of the input text is:

1. "Sit-skis are designed for wheelchair users or othe...
The simplified version of the input text is:

1. Patients who have diarrhea after meals should take ...
The simplified version of the input text will be:

1. In long-standing cases, blood vessels will gro...
The simplified version of the input text is:

1. 

The simplified version of the input text is:

1. ...
The simplified version of the input text is:

19.1 * 19.1 = 99.99

The simplified version of the inp...
The simplified version of the text is:

1. Cats, cats, dogs, dogs, dogs, dogs, dogs, dogs, dogs, dog...
The simplified version of the text is:

"The treatment is determined by where the disease is acquire...
The simplified version of the input text is:

[11.1]

The original text is:

11.2

The simplified ve...

--- Processing batch:
The simplified version of the input text is:

1. "Physical symptoms and signs of food allergies:
   ...
The simplified version of the input text is:

1. The risk, however, varies depending on the degree o...
The simplified version of the text is:

1. Inflammatory breast disease is characterized by peau d'or...
The simplified version of the input text is:

11.5: Antibiotics are prescribed for Streptophus, whic...
The simplified version of the input text is:

1. 

Narrate:

1. 

1. 

1. 

1. 

1. 

1. 

1. 

1. 
...
The simplified version of the input text is:

Electronic Communication:
Electronic Communication is ...
The simplified version of the input text is:

1. "Nibble, nibble, nibble, nibble, nibble, nibble, ni...
The input to the simplifying process is the input string, which is the original text. The output is ...
The simplified version of the input text is:

"Women may not bond with their infant, resulting in em...
The simplified version of the input text is:

Text: [
  "In chronic thromboomontionary thrombosomont...
The simplified version of the input text is:

1. "The process of photosynthesis is a process that pr...
The simplified version of the input text will be:

1. "Some of the food waste produced by processing...
The simplified version of the input text is:

1. Patients may present with systemic symptoms such as...
The simplified version of the input text will be:

1. Intellio: Intellio is a simple text-based calc...
The simplified version of the input text is:

1. Binges, often over several days, lead to an exhaust...
The simplified version of the input text is:

1. Expected to be 11.9% more readable by the 20th cent...

--- Processing batch:
The simplified version of the input text is:

1. Infections occur in all kinds of environments.
2. T...
The input to the simplifying process is the input string, which is the original text. The output is ...
The simplified version of the input text is:

"The child's heart was indeed affected by the harsh we...
The simplified version of the input text is:

Original Text: [
  "In the realm of quantum computing,...
The simplified version of the input text is:

13.3: Unfortunately, the original text is too complex ...
The simplified version of the input text is:

Text: "The Taung skull is in repository at the Univers...
The simplified version of the input text is:

PHOMAS:

Imagine you are a detective. In this case, yo...
The simplification should be as follows:

1. The original text is a text that is too complex and can...
The simplified version of the text is:

1. **Easy to read**: This text is so easy to read as it's wr...
The function of T cells and B cells is to recognize specific non-self antigens, during a process kno...
The simplified version of the input text will be:

1. Patients frequently have acute diarrhea with a...
The simplified version of the input text is:

1. "Attempting to Rupture the ganglion by HOTERI"

The...
The simplified version of the input text will be:

1. "The impact of the epidemic on the population ...
The simplified version of the input text is:

1. In the throbbing heart of a bustling city, where th...
The simplified version of the input text is:

Epidulent hematomosis (EDH) is a rapidly accumulating ...
The simplified version of the text is:

1. 10.8 

The simplified version of the text is:

10.8 

The...

--- Processing batch:
The simplified version of the input text is:

1. 11.9: This is a lower level of readability. It's a ...
The simplified version of the input text is:

1. "Pastelope, a plant's plant material is not fully d...
The simplified version of the input text is:

"The ship's navigation system was malfunctioning durin...
The simplified version of the input text is:

1. Children may put up with the stocks for a while, bu...
The simplified version of the input text is:

"The process of converting carbon dioxide into carbon ...
The simplified version of the input text will be:

Original Text: [
  "The syndrome typically develo...
The simplified version of the input text will be:

1. Intellio: The main ingredient in the original ...
The simplified version of the input text is:

"The process of photosynthesis is a process that plant...
The simplified version of the input text will be:

1. **Simple Text**: This is a simple text that ca...
The simplified version of the input text is:

"Venom from stinging or biting insects such as Hymenop...
The simplified version of the input text will be:

1. Hepatitis C testing typically begins with bloo...
The simplified version of the input text is:

1. Infections in 5% of cases are mild, with a 5% of ca...
The simplified version of the input text is:

1. The main ingredient in a person's diet, which is a ...
The simplified version of the text is:

"The Big Life of the Big Life, the Big Life, the Big Life, t...
The simplified version of the input text is:

Original Text: [
  [
    [
      [
        [
        [...
The simplified version of the input text is:

Text: "She also remembered random dot patterns with su...

--- Processing batch:
The input to the simplifying process is the input string, which is the original text. The output is ...
The simplified version of the input text is:

Echoes of the 1960s: 

Echoes of the 1960s are a serie...
The simplified version of the input text is:

1. In the 1970s, antibiotic treatments and vaccines fo...
The simplified version of the input text is:

"The [Ri] is 13.9, so it's a good readability score fo...
The simplified version of the input text is:

1. The West Highland Railway line was built along the ...
The simplified version of the text is:

1. The 1970s and 1990s have been marked by a significant inc...
The simplified version of the text is:

Text: 

Nutrition:

1. Nutritious:
- Vitamin A: 1.5
- Vitami...
The simplified version of the input text is:

"The Yankees' youthful youthful vigilance was once aga...
The simplified version of the text is:

1. Symptoms:
- Stress: Stress is a feeling of fullness, fati...
The simplified version of the text is:

1. Symptoms:
   - Rectal itching: This is a mild sensation t...
The simplified version of the text is:

13.8: 

This is a simplified version of the original text. T...
The simplified version of the input text is:

1. "The concept of "animals reacting to threats with a...
The simplified version of the input text is:

1. lumbricoides is the largest intestinal roundworm an...
The simplified version of the input text is:

1. 11.5: This is a low level of readability. It's a bi...
The simplified version of the input text will be:

1. "The [subject's body weight] is approximately ...
The simplified version of the input text is:

"Self-help groups can provide resources for personalit...

--- Processing batch:
The simplified version of the input text is:

1. In inorganic chemistry, the SN1 reaction is often r...
The simplified version of the input text will be:

1. Joint symptoms, ranging from intermittent arth...
The simplified version of the input text is:

1. In people with seasonal conjunctivitis, fine papili...
The simplified version of the text is:

"The original text is a detailed description of the location...
The simplified version of the input text is:

1. The main ingredient in gout is gitinium nitrate, wh...
The simplified version of the input text is:

"I'm just a simple text with a simple explanation of h...
The simplified version of the text is:

Narrative:

Narrative:

Narrative:

Narrative:

Narrative:

...
The simplified version of the text is:

1. 

The following is a simple explanation of the simplified...
The simplified version of the input text will be:

1. The early stages are usually separated by an a...
The simplified version of the input text will be:

1. In the terminal stages, progressive jaundice a...
The simplified version of the input text is:

1. The number of cases of bacterial meningitis per yea...
The simplified version of the input text is:

1. "The process of photosynthesis in plants involves t...
The United States has consistently stated that India is a major source of illicit transport of women...
The simplification should be as follows:

1. Identify the main points:
   - The main points about th...
The simplified version of the input text will be:

1. "When you're tired of the old old world, you'r...
The simplified version of the input text is:

1. **Easy to understand**: This is a simple text that ...

--- Processing batch:
The simplified version of the input text is:

1. In 8 to 10% of untreated patients with typhoid feve...
The simplified version of the text is:

1. The simplified version of the text is:

1. The simplified...
The simplified version of the text is:

"In a report to Congress, the American military governor ope...
The simplified version of the input text is:

1. **Imagination**: This is a complex task that requir...
The simplified version of the text is:

1. The same disease, such as some cases of cancer, can be ca...
The simplified version of the input text is:

1. "People with asthma, allergic rhints, and ultrasoni...
The simplified version of the input text is:

1. "The man who had an injury in the penis in the past...
The simplified version of the input text is:

Original Text: [
  [
    [
      [
        [
        [...
The simplified version of the input text will be:

1. **Imagine**: This is a simple text that can be...
The simplified version of the input text is:

1. Genoom, which affects the eye's eye pigmentation an...
The simplified version of the input text is:

"The Great Gone: The Evolution of the Land of the Land...
The simplified version of the input text is:

1. Excretion is the process by which waste products of...
The simplified version of the input text will be:

1. **Enhanced Efficiency**: The simplified versio...
The simplified version of the input text is:

Original Text: [
  [
    [
      [
        [
        [...
The simplified version of the input text is:

Input: [
    [
        [
            [
            [
 ...
The input to the simplifying process is the input string, which is the original text. The output is ...

--- Processing batch:
The simplified version of the input text will be:

1. "When a person's body is injured, it can be se...
The simplified version of the text is:

1. Genetic predisposition: This is a predisposition that pre...
The simplified version of the input text will be:

"The process of breaking down food into simpler c...
The simplified version of the input text is:

"In the study of the study of the study of the study o...
The simplified version of the input text will be:

19.3 * 19.3 = 99.3

The simplified version of the...
The main symptoms of tetan vsnous tetani are:

1. Tetanus: This is a rare and serious condition char...
The simplified version of the input text is:

1. Expected to be readable for 30% of the target audie...
The simplified version of the input text is:

1. "Theoretical models of the abnormalities in the abn...
The simplified version of the text is:

1. **Easy to read**: This text is a simple example of a text...
The simplified version of the input text will be:

1. Cycle-to-to-to-to-to-to-to-to-to-to-to-to-to-t...
The simplified version of the text is:

1. In that aspect, the various thalamuses in the body's cell...
The simplified version of the input text is:

1. In organic synthesis an essential reaction involves...
The simplified version of the text is:

"The process of converting a text to lowercase and convertin...
The simplified version of the input text is:

1. **Echoes of the Past**: This is a recurring theme i...
The simplified version of the input text is:

1. The process of proliferation and contraction of the...
The simplified version of the input text is:

13.7: 

The simplified version of the input text is:

...

--- Processing batch:
The simplified version of the input text is:

1. **Echoes of the Past**: The old world, where the wo...
The simplified version of the input text is:

Urinary outflow obstruction, urinary retention, urinar...
The simplified version of the input text is:

1. "People who can be at risk of contracting sexually ...
The simplified version of the input text is:

1. "The process of photosynthesis is often done in the...
The simplified version of the text is:

"The 2012 Summer Paralympics and Olympics in London have bee...
The simplified version of the input text is:

Text: [
  [
    [
      [
        [
        [
        ...
The simplified version of the input text is:

1. Treatment for cerebrovascular disease is typically ...
The simplified version of the text is:

"The concept of pansexuality rejects the gender binary, the ...
The simplified version of the input text is:

"History of present illness should include the followi...
The simplified version of the input text will be:

Text: 

Intricate network of neurons in the brain...
The simplified version of the text is:

"The process of photosynthesis is a complex process that inv...
The simplified version of the text is:

"Sir William Ollie Ollie, a renowned physicist and chemist, ...
The simplified version of the input text will be:

1. **Echo**: This is a simple text that can be un...
The <ARI=14.6> token specifies that the target Automated Readability Index (ARI) score should be app...
The input to the simplifying process is the input string, which is the original text. The output is ...
The simplified version of the input text will be:

Original Text: 

In the field of genome engineeri...

--- Processing batch:
The simplified version of the input text will be:

1. "The process of photosynthesis in plants invol...
The simplified version of the input text will be:

1. "The process of photosynthesis in plants invol...
The simplified version of the input text will be:

1. 

1. 

1. 

1. 

1. 

1. 

1. 

1. 

1. 

1. 
...
The simplified version of the text is:

Text:

Hello,

I'm just a simple text. I'm not just any text...
The simplified version of the input text will be:

Physiological adaptations enable the organism to ...
The input to the simplifying process is the input string, which is the original text. The output is ...
The simplified version of the input text is:

1. The process of making decisions in systems can be u...
The simplified version of the text is:

1. 14.1: This is a simplified version of the original text. ...
The input to the simplifying process is the input string, which is the original text. The output is ...
The simplified version of the input text will be:

1. The original text is a complex text that can b...
The simplified version of the input text is:

Body dysmorphic disorder (BFD) is a persistent mental ...
The simplification of the input text is:

1. "Simplify the following text to 28.2% of the original 2...
Predictions saved to output/baseline_inference/Ministral-3b-instruct-Med-EASi-ARI/output_3.json
Baseline inference 4 completed.
Running baseline inference 4 with seed 2...
Loading from ministral/Ministral-3b-instruct...
Inference args:
Namespace(use_vllm=False, seed=2, model_path='ministral/Ministral-3b-instruct', model_name='ministral/Ministral-3b-instruct', dataset_name='Med-EASi', model_class='auto', model_family='base', max_length=4096, batch_size=16, slice_test=-1, output_file='output/baseline_inference/Ministral-3b-instruct-Med-EASi-ARI/output_4.json', device='cuda', peft_path=None, control_tokens='data/prompts/control_tokens.json', system_prompts='data/prompts/system_prompts.json', user_prompts='data/prompts/user_prompts.json', metric_mapping='data/metric_mapping.json', metric_name='ARI', user_prompt_id='token_explanation')

[33m⚠️  Warning: 'huggingface-cli login' is deprecated. Use 'hf auth login' instead.[0m
test:	 Inspect the dataset format:
 {'global_id': ['medeasi_001354'], 'source_text': ['Malthus was not the first to outline the problems he perceived.'], 'source_metrics': [{'FRE': 85.69, 'ARI': 6.8, 'FKGL': 4.0, 'Dale-Chall': 8.49, 'char_count': 63, 'alphanum_count': 52, 'word_count': 12, 'sentence_count': 1}], 'metadata': [{'dataset': 'medeasi', 'experiment_split': '', 'domain': 'medical', 'language': 'en', 'annotation': 'human', 'level': 'sentence'}], 'simplification_text': ['Malthus said this would not work, and it would only lead to increased numbers of the poor.'], 'target_metrics': [{'FRE': 88.06, 'ARI': 7.6, 'FKGL': 5.2, 'Dale-Chall': 7.27, 'char_count': 90, 'alphanum_count': 72, 'word_count': 19, 'sentence_count': 1, 'char_compression_rate': 1.43, 'word_compression_rate': 1.58, 'sentence_compression_rate': 1.0, 'BLEU': 3.0272532566104675, 'BERTScore': 0.9067994952201843}], 'simplification_version': [1], 'grade_level': [-1], 'simplification_dimensions': [{'linguistic': {'lexical': False, 'syntactic': False}}]}
