
CondaError: Run 'conda init' before 'conda activate'

wandb: Using wandb-core as the SDK backend.  Please refer to https://wandb.me/wandb-core for more information.
wandb: Appending key for api.wandb.ai to your netrc file: /home/hhubar/.netrc
wandb: Currently logged in as: hanna-hubarava (shtosti) to https://api.wandb.ai. Use `wandb login --relogin` to force relogin
wandb: Tracking run with wandb version 0.19.9
wandb: Run data is saved locally in /scratch/hhubar/keep-it-simple/wandb/run-20250430_220841-sp45ukrw
wandb: Run `wandb offline` to turn off syncing.
wandb: Syncing run absurd-sun-14
wandb: ⭐️ View project at https://wandb.ai/shtosti/ATS_with_control_tokens
wandb: 🚀 View run at https://wandb.ai/shtosti/ATS_with_control_tokens/runs/sp45ukrw
Traceback (most recent call last):
  File "/scratch/hhubar/keep-it-simple/src/sft_finetune.py", line 404, in <module>
    main()
  File "/scratch/hhubar/keep-it-simple/src/sft_finetune.py", line 356, in main
    output_dir = f"./models/{short_model}-{args.dataset_name}-{args.metric_name}-{args.family_name}-{args.user_prompt_id}-{timestamp}-{wandb_run_id}"
                                                                                  ^^^^^^^^^^^^^^^^
AttributeError: 'Namespace' object has no attribute 'family_name'
Traceback (most recent call last):
  File "/scratch/hhubar/keep-it-simple/src/sft_finetune.py", line 404, in <module>
    main()
  File "/scratch/hhubar/keep-it-simple/src/sft_finetune.py", line 356, in main
    output_dir = f"./models/{short_model}-{args.dataset_name}-{args.metric_name}-{args.family_name}-{args.user_prompt_id}-{timestamp}-{wandb_run_id}"
                                                                                  ^^^^^^^^^^^^^^^^
AttributeError: 'Namespace' object has no attribute 'family_name'
