
CondaError: Run 'conda init' before 'conda activate'

wandb: Using wandb-core as the SDK backend.  Please refer to https://wandb.me/wandb-core for more information.
wandb: Appending key for api.wandb.ai to your netrc file: /home/hhubar/.netrc
wandb: Currently logged in as: hanna-hubarava (shtosti) to https://api.wandb.ai. Use `wandb login --relogin` to force relogin
wandb: Tracking run with wandb version 0.19.9
wandb: Run data is saved locally in /scratch/hhubar/keep-it-simple/wandb/run-20250515_180329-lm3gp1fr
wandb: Run `wandb offline` to turn off syncing.
wandb: Syncing run spring-firebrand-62
wandb: ⭐️ View project at https://wandb.ai/shtosti/ATS_with_control_tokens
wandb: 🚀 View run at https://wandb.ai/shtosti/ATS_with_control_tokens/runs/lm3gp1fr
The token has not been saved to the git credentials helper. Pass `add_to_git_credential=True` in this function directly or `--add-to-git-credential` if using via `huggingface-cli` if you want to set the git credential as well.
Token is valid (permission: write).
The token `mine` has been saved to /home/hhubar/data/.cache/huggingface/stored_tokens
Your token has been saved to /home/hhubar/data/.cache/huggingface/token
Login successful.
Note: Environment variable`HF_TOKEN` is set and is the current active token independently from the token you've just configured.
The token has not been saved to the git credentials helper. Pass `add_to_git_credential=True` in this function directly or `--add-to-git-credential` if using via `huggingface-cli` if you want to set the git credential as well.
Token is valid (permission: write).
The token `mine` has been saved to /home/hhubar/data/.cache/huggingface/stored_tokens
Your token has been saved to /home/hhubar/data/.cache/huggingface/token
Login successful.
Note: Environment variable`HF_TOKEN` is set and is the current active token independently from the token you've just configured.
Traceback (most recent call last):
  File "/scratch/hhubar/keep-it-simple/src/sft_finetune.py", line 417, in <module>
    main()
  File "/scratch/hhubar/keep-it-simple/src/sft_finetune.py", line 398, in main
    print("--- decoded input_ids:\n", tokenizer.decode(example["input_ids"], skip_special_tokens=False))
                                      ^^^^^^^^^^^^^^^^^^^^^^^^^^^^^^^^^^^^^^^^^^^^^^^^^^^^^^^^^^^^^^^^^
  File "/home/hhubar/data/conda/envs/sft/lib/python3.12/site-packages/transformers/tokenization_utils_base.py", line 3870, in decode
    return self._decode(
           ^^^^^^^^^^^^^
  File "/home/hhubar/data/conda/envs/sft/lib/python3.12/site-packages/transformers/tokenization_utils_fast.py", line 668, in _decode
    text = self._tokenizer.decode(token_ids, skip_special_tokens=skip_special_tokens)
           ^^^^^^^^^^^^^^^^^^^^^^^^^^^^^^^^^^^^^^^^^^^^^^^^^^^^^^^^^^^^^^^^^^^^^^^^^^
TypeError: argument 'ids': 'NoneType' object cannot be interpreted as an integer
Traceback (most recent call last):
  File "/scratch/hhubar/keep-it-simple/src/sft_finetune.py", line 417, in <module>
    main()
  File "/scratch/hhubar/keep-it-simple/src/sft_finetune.py", line 398, in main
    print("--- decoded input_ids:\n", tokenizer.decode(example["input_ids"], skip_special_tokens=False))
                                      ^^^^^^^^^^^^^^^^^^^^^^^^^^^^^^^^^^^^^^^^^^^^^^^^^^^^^^^^^^^^^^^^^
  File "/home/hhubar/data/conda/envs/sft/lib/python3.12/site-packages/transformers/tokenization_utils_base.py", line 3870, in decode
    return self._decode(
           ^^^^^^^^^^^^^
  File "/home/hhubar/data/conda/envs/sft/lib/python3.12/site-packages/transformers/tokenization_utils_fast.py", line 668, in _decode
    text = self._tokenizer.decode(token_ids, skip_special_tokens=skip_special_tokens)
           ^^^^^^^^^^^^^^^^^^^^^^^^^^^^^^^^^^^^^^^^^^^^^^^^^^^^^^^^^^^^^^^^^^^^^^^^^^
TypeError: argument 'ids': 'NoneType' object cannot be interpreted as an integer
