Mon May 19 10:40:20 2025       
+-----------------------------------------------------------------------------------------+
| NVIDIA-SMI 560.35.05              Driver Version: 560.35.05      CUDA Version: 12.6     |
|-----------------------------------------+------------------------+----------------------+
| GPU  Name                 Persistence-M | Bus-Id          Disp.A | Volatile Uncorr. ECC |
| Fan  Temp   Perf          Pwr:Usage/Cap |           Memory-Usage | GPU-Util  Compute M. |
|                                         |                        |               MIG M. |
|=========================================+========================+======================|
|   0  NVIDIA A100-SXM4-80GB          Off |   00000000:8B:00.0 Off |                    0 |
| N/A   28C    P0             59W /  400W |       1MiB /  81920MiB |      0%      Default |
|                                         |                        |             Disabled |
+-----------------------------------------+------------------------+----------------------+
                                                                                         
+-----------------------------------------------------------------------------------------+
| Processes:                                                                              |
|  GPU   GI   CI        PID   Type   Process name                              GPU Memory |
|        ID   ID                                                               Usage      |
|=========================================================================================|
|  No running processes found                                                             |
+-----------------------------------------------------------------------------------------+
Loading from models/Ministral-3b-instruct-Med-EASi_hq-FKGL-token_explanation-20250518-213404...
Inference args:
Namespace(use_vllm=False, model_path='models/Ministral-3b-instruct-Med-EASi_hq-FKGL-token_explanation-20250518-213404', model_name=None, dataset_name='Med-EASi_hq', model_class='auto', model_family='base', max_length=512, batch_size=4, slice_test=-1, output_file='output/models/Ministral-3b-instruct-Med-EASi_hq-FKGL-token_explanation-20250518-213404/output.json', device='cuda', peft_path=None, control_tokens='data/prompts/control_tokens.json', system_prompts='data/prompts/system_prompts.json', user_prompts='data/prompts/user_prompts.json', metric_mapping='data/metric_mapping.json', metric_name='FKGL', user_prompt_id='token_explanation')

test:	 Inspect the dataset format:
 {'global_id': ['medeasi_000942'], 'source_text': ['No cure for the common cold exists , but the symptoms can be treated .'], 'source_metrics': [{'FRE': 83.66, 'ARI': 5.4, 'FKGL': 4.8, 'Dale-Chall': 9.14, 'char_count': 70, 'alphanum_count': 54, 'word_count': 15, 'sentence_count': 1}], 'metadata': [{'dataset': 'medeasi', 'experiment_split': '', 'domain': 'medical', 'language': 'en', 'annotation': 'human', 'level': 'sentence'}], 'simplification_text': ['There is no cure for the common cold , but the symptoms can be treated .\n'], 'target_metrics': [{'FRE': 91.11, 'ARI': 4.7, 'FKGL': 4.0, 'Dale-Chall': 7.71, 'char_count': 73, 'alphanum_count': 55, 'word_count': 16, 'sentence_count': 1, 'char_compression_rate': 1.04, 'word_compression_rate': 1.07, 'sentence_compression_rate': 1.0, 'BLEU': 67.39047062564734, 'BERTScore': 0.976331353187561}], 'simplification_version': [1], 'grade_level': [-1], 'simplification_dimensions': [{'linguistic': {'lexical': False, 'syntactic': False}}]}

--- Processing batch:
No cure for the common cold is yet, but the symptoms can be treated....
Schizophrenia affects about 0.3-0.7 % of people at some point in their life, or 24 million people wo...
The glans penis is the extended cap of the corpus spongiosum....
It is named after John Hilton Davis, who first described the syndrome in 1960....

--- Processing batch:
Most fish use a electrostatic field to detect buried prey....
Small feedings decrease the osmotic load....
The testes are a type of organ called glands....
The waking hours are less likely to be affected....

--- Processing batch:
People with Down syndrome have a lower risk of hardening of the arteries....
Affected knees often feel like a warm, swollen body....
After a brief period of recovery in February 1377, the king died of a stroke at Sheen on 21 June....
Doctors thought the herbs would counter the `` evil '' smells of the plague and prevent them from be...

--- Processing batch:
Adult patients who need parenteral support may benefit from teduglutide (a glucagon-like peptide-2 [...
The appendix is located near the junction of the small intestine and the large intestine....
The ants will eventually die of exhaustion....
In the early 20th century, the use of a breathing tube to feed children milk was not considered a me...

--- Processing batch:
Mydriasis and diaphoresis are visible....
Doctors should take patients with diarrhea before they eat....
In long-standing cases, blood vessels may grow in from the limpus (cornea of the retina)....
Infections that decrease the risk of the disease are called infections of the same kind....

--- Processing batch:
Lipscomb resided in Cambridge, Massachusetts until his death in 2011 from pneumonia....
Symptoms of food allergies vary by the type of food, the time it took for the allergy to occur, and ...
The risk of high blood pressure is increased by the number of people who have hypertension....
Inflammatory breast cancer is characterized by peau d'orange, erythema, and enlargement of the breas...

--- Processing batch:
In chronic thromboembolic pulmonary hypertension (WHO Group IV), the blood vessels are narrowed with...
About 50 % of people have symptoms of a disease....
Some of the food waste produced by processing can be difficult to reduce without affecting the quali...
People may have a fever, mild fever, and a dry cough. They may have a fever and a dry cough. They ma...

--- Processing batch:
Binges can cause an exhaustion syndrome or `` washed out '' syndrome, which includes fatigue and nee...
Sometimes all kinds of bacteria are involved in a single infection....
Some types of recessive gene disorders give an advantage in certain environments when only one copy ...
After she had bronchopneumonia as a child, her parents were advised that she would better get better...

--- Processing batch:
In the early years of the year, it can destroy an entire orchard in a single growing season....
Phypertension is a condition of the heart....
The function of T cells and B cells is to recognize specific non-self antigens during a process know...
Attempting to rupture the ganglion by hitting it with a heavy object can cause a pain that is worse ...

--- Processing batch:
A measles epidemic and food shortages during 1900 reduced the population of the area by one-third....
Onset is often abdominal, painful, and painful to the joints, especially the joints of the legs. Oft...
Endocast of the epidemic is adorned with hives....
In addition, Jews were not allowed to use any public transportation, except for the ferry, and they ...

--- Processing batch:
Morrell then attempted to take the ship southwards but, reached thick ice at about 60°S, turned nort...
A reorganization of carbon and carbon bonds occurs in this cyclic array....
Wooly performed other vocal elements, including the screams for a man being bitten by an alligator....
Infections range from a fever and a wound wound to a hemorrhagic fever and a case fatality rate of u...

--- Processing batch:
One of these is known as familial hemiplegic migraine, a type of migraine with a genetic basis....
Foundossils found in the early Cobalt Cascade are believed to have died out after the mid-Cambrian....
She could, apparently, recall random dot patterns with such fidelity as to combine two patterns into...
Hepatitis E causes different histological patterns that depend on the host's background....

--- Processing batch:
In the 1970s, antibiotic treatments and vaccines for leprosy were made using armadillos, then given ...
On 12 April 2013, Oscar hijooly collapsed of a heart attack while playing tennis in Manhattan and ne...
In the mouth, the tooth can get very hot when it gets exposed to sulfuric acid....
Symptoms include a sense of fullness, heavy weight, a cough, and a feeling of weightlessness. These ...

--- Processing batch:
Symptoms include a dry or blistered theatrical stool, a cloudy discharge of pus from the rectal end ...
He said that animals react to threats with a general discharge of the sympathetic nervous system, pr...
A. lumbricoides is the largest intestinal roundworm and is the most common helminth infection of hum...
A tightness in the chest or abdomen, weakness, tingling, numbness, and a dry cough are common. Peopl...

--- Processing batch:
In the water, weight is measured by measuring the amount of water in the body and then adding this a...
Self-help groups may provide resources for personality disorders....
He is also involved in charity work by raising money to help find a cure for Cystic Fibrosis through...
Neuroses are a class of psychological disorders....

--- Processing batch:
A common finding during physical examination is a symmetry or a dominant mass that is different from...
In the terminal stages, progressive jaundice and hepatic encephalopathy are the symptoms of a degene...
There are about 2,600 cases of bacterial meningitis per year in the United States, and on average 33...
The United States has said that the United Kingdom, Russia, Russia, Russia, Russia, Russia, Russia, ...

--- Processing batch:
The diagnosis of abdominal migraines is often debated....
When people work for long periods of time, they can get tired of the same things....
The silent stroke may cause damage to the brain, and makes the patient at increased risk for both tr...
In 8 to 10 % of treated patients with typhoid fever, symptoms and signs similar to the initial clini...

--- Processing batch:
The Caste system of insects allows eusociality, the division of labor among non-breeding and breedin...
The same disease, such as some forms of cancer, may be caused by an genetic condition in some people...
A historian said, `` it was quinine's efficacy that gave colonists new opportunities to swarm into t...
Excretion is the process by which waste products of metabolism and other non-useful products are eli...

--- Processing batch:
Involvement of the blood vessels that supply blood to the body (called blood vessels), such as the a...
An anal carcinoma is a type of cancer in the anal tract....
Sometimes bruises can be serious, leading to other more life-threatening forms of hematoma, such as ...
Bleeding can occur inside the body, where blood leaks from blood vessels inside the body, or outside...

--- Processing batch:
The primary symptoms are caused by tetan vson (a neurotoxin produced by the Gram-positive, rod-shape...
Most viral infection occurs when a virus enters the host, either : It is usually only after a virus ...
Occasionally the embryo implants into the Fallopian tube instead of the uterus, resulting in a `` tu...
Cycloadditions in which 4n electrons participate can also occur via photochemical activation....

--- Processing batch:
For example, if someone looks at a red horizontal grating and a green vertical grating for a few min...
In the early 20th century, people were not very good at getting enough sleep. The idea was that peop...
UTIs can result in difficulty starting urination. Urinary outflow obstruction can cause difficulty s...
Infections of the spermusions (sus) are often diagnosed by a doctor....

--- Processing batch:
In the early 20th century, the disease was called Hepatitis C....
Symptoms of small- vessel ischemic damage (which includes several small, incremental problems with t...
Since then, several other high-resolution structures have been known by electron crystallography....
The disease is goncal (or chlamydonic) and can be spread by touch from a woman to a person of the op...

--- Processing batch:
In men, the first symptom of a fungus is usually abdominal pain, usually at the abdomen. In men, the...
In 1977, Haller used the term `` metabolic syndrome '' for relationships between obesity, diabetes m...
MRI combined with magnetic resonance cholangiopancreatography (MRcp) can show abnormalities in the p...
End of the day, the person may have problems with memory and concentration. Sometimes people have di...

--- Processing batch:
Caffeine can be used in moderation to help people stay hydrated....
It is generally accepted that there are three mechanisms responsible for (applements) random behavio...
Tonsillopharyngitis is usually viral, most often caused by the common cold viruses (adenovirus, rhin...
Myocardial fibrosis, left ventricle hypertrophy, and cardiomyopathy can develop....

--- Processing batch:
Body dysmorphic disorder (BDD, or body dysmorphic disorder, disorder of the Body) is a chronic menta...
This results in a loss of hormonal control of sexuality....
Predictions saved to output/models/Ministral-3b-instruct-Med-EASi_hq-FKGL-token_explanation-20250518-213404/output.json
