
CondaError: Run 'conda init' before 'conda activate'

[nltk_data] Downloading package punkt to /home/hhubar/nltk_data...
[nltk_data]   Package punkt is already up-to-date!
We will use 90% of the memory on device 0 for storing the model, and 10% for the buffer to avoid OOM. You can set `max_memory` in to a higher value to use more memory (at your own risk).
The new embeddings will be initialized from a multivariate normal distribution that has old embeddings' mean and covariance. As described in this article: https://nlp.stanford.edu/~johnhew/vocab-expansion.html. To disable this, use `mean_resizing=False`
The token has not been saved to the git credentials helper. Pass `add_to_git_credential=True` in this function directly or `--add-to-git-credential` if using via `huggingface-cli` if you want to set the git credential as well.
Token is valid (permission: write).
The token `mine` has been saved to /home/hhubar/data/.cache/huggingface/stored_tokens
Your token has been saved to /home/hhubar/data/.cache/huggingface/token
Login successful.
Note: Environment variable`HF_TOKEN` is set and is the current active token independently from the token you've just configured.
Map:   0%|          | 0/188 [00:00<?, ? examples/s]Map:  35%|███▌      | 66/188 [00:00<00:00, 637.63 examples/s]Map:  83%|████████▎ | 156/188 [00:00<00:00, 781.35 examples/s]Map: 100%|██████████| 188/188 [00:00<00:00, 511.50 examples/s]
Running inference on test set:   0%|          | 0/94 [00:00<?, ?it/s]Running inference on test set:   0%|          | 0/94 [00:00<?, ?it/s]
Traceback (most recent call last):
  File "/scratch/hhubar/keep-it-simple/src/sft_inference.py", line 431, in <module>
    main()
  File "/scratch/hhubar/keep-it-simple/src/sft_inference.py", line 411, in main
    predictions = run_inference(
                  ^^^^^^^^^^^^^^
  File "/scratch/hhubar/keep-it-simple/src/sft_inference.py", line 264, in run_inference
    input_ids = torch.stack([torch.tensor(item["input_ids"]) for item in batch]).to(device)
                ^^^^^^^^^^^^^^^^^^^^^^^^^^^^^^^^^^^^^^^^^^^^^^^^^^^^^^^^^^^^^^^^
RuntimeError: stack expects each tensor to be equal size, but got [249] at entry 0 and [244] at entry 1
