
CondaError: Run 'conda init' before 'conda activate'

wandb: Using wandb-core as the SDK backend.  Please refer to https://wandb.me/wandb-core for more information.
wandb: Appending key for api.wandb.ai to your netrc file: /home/hhubar/.netrc
wandb: Currently logged in as: hanna-hubarava (shtosti) to https://api.wandb.ai. Use `wandb login --relogin` to force relogin
wandb: Tracking run with wandb version 0.19.9
wandb: Run data is saved locally in /scratch/hhubar/keep-it-simple/wandb/run-20250515_180449-1ig4acij
wandb: Run `wandb offline` to turn off syncing.
wandb: Syncing run azure-water-63
wandb: ⭐️ View project at https://wandb.ai/shtosti/ATS_with_control_tokens
wandb: 🚀 View run at https://wandb.ai/shtosti/ATS_with_control_tokens/runs/1ig4acij
The token has not been saved to the git credentials helper. Pass `add_to_git_credential=True` in this function directly or `--add-to-git-credential` if using via `huggingface-cli` if you want to set the git credential as well.
Token is valid (permission: write).
The token `mine` has been saved to /home/hhubar/data/.cache/huggingface/stored_tokens
Your token has been saved to /home/hhubar/data/.cache/huggingface/token
Login successful.
Note: Environment variable`HF_TOKEN` is set and is the current active token independently from the token you've just configured.
The token has not been saved to the git credentials helper. Pass `add_to_git_credential=True` in this function directly or `--add-to-git-credential` if using via `huggingface-cli` if you want to set the git credential as well.
Token is valid (permission: write).
The token `mine` has been saved to /home/hhubar/data/.cache/huggingface/stored_tokens
Your token has been saved to /home/hhubar/data/.cache/huggingface/token
Login successful.
Note: Environment variable`HF_TOKEN` is set and is the current active token independently from the token you've just configured.
/scratch/hhubar/keep-it-simple/src/sft_finetune.py:278: FutureWarning: `tokenizer` is deprecated and will be removed in version 5.0.0 for `Trainer.__init__`. Use `processing_class` instead.
  trainer = Trainer(
No label_names provided for model class `PeftModel`. Since `PeftModel` hides base models input arguments, if label_names is not given, label_names can't be set automatically within `Trainer`. Note that empty label_names list will be used instead.
wandb: WARNING The `run_name` is currently set to the same value as `TrainingArguments.output_dir`. If this was not intended, please specify a different run name by setting the `TrainingArguments.run_name` parameter.
  0%|          | 0/9 [00:00<?, ?it/s] 11%|█         | 1/9 [00:07<01:01,  7.65s/it] 22%|██▏       | 2/9 [00:14<00:49,  7.03s/it] 33%|███▎      | 3/9 [00:20<00:41,  6.84s/it] 44%|████▍     | 4/9 [00:21<00:22,  4.59s/it] 56%|█████▌    | 5/9 [00:28<00:21,  5.31s/it] 67%|██████▋   | 6/9 [00:35<00:17,  5.74s/it] 78%|███████▊  | 7/9 [00:41<00:12,  6.02s/it] 89%|████████▉ | 8/9 [00:42<00:04,  4.46s/it]100%|██████████| 9/9 [00:49<00:00,  5.13s/it]/home/hhubar/data/conda/envs/sft/lib/python3.12/site-packages/peft/utils/save_and_load.py:260: UserWarning: Setting `save_embedding_layers` to `True` as the embedding layer has been resized during finetuning.
  warnings.warn(
                                             100%|██████████| 9/9 [00:54<00:00,  5.13s/it]100%|██████████| 9/9 [00:54<00:00,  6.07s/it]
/home/hhubar/data/conda/envs/sft/lib/python3.12/site-packages/peft/utils/save_and_load.py:260: UserWarning: Setting `save_embedding_layers` to `True` as the embedding layer has been resized during finetuning.
  warnings.warn(
wandb:                                                                                
wandb: 
wandb: Run history:
wandb:       train/epoch ▁
wandb: train/global_step ▁
wandb: 
wandb: Run summary:
wandb:               total_flos 347086163804160.0
wandb:              train/epoch 2.28571
wandb:        train/global_step 9
wandb:               train_loss 2.9977
wandb:            train_runtime 54.642
wandb: train_samples_per_second 2.745
wandb:   train_steps_per_second 0.165
wandb: 
wandb: 🚀 View run azure-water-63 at: https://wandb.ai/shtosti/ATS_with_control_tokens/runs/1ig4acij
wandb: ⭐️ View project at: https://wandb.ai/shtosti/ATS_with_control_tokens
wandb: Synced 5 W&B file(s), 0 media file(s), 0 artifact file(s) and 1 other file(s)
wandb: Find logs at: ./wandb/run-20250515_180449-1ig4acij/logs
