Wed May 21 12:35:11 2025       
+-----------------------------------------------------------------------------------------+
| NVIDIA-SMI 560.35.05              Driver Version: 560.35.05      CUDA Version: 12.6     |
|-----------------------------------------+------------------------+----------------------+
| GPU  Name                 Persistence-M | Bus-Id          Disp.A | Volatile Uncorr. ECC |
| Fan  Temp   Perf          Pwr:Usage/Cap |           Memory-Usage | GPU-Util  Compute M. |
|                                         |                        |               MIG M. |
|=========================================+========================+======================|
|   0  NVIDIA A100-SXM4-80GB          Off |   00000000:CB:00.0 Off |                    0 |
| N/A   34C    P0             59W /  400W |       1MiB /  81920MiB |      0%      Default |
|                                         |                        |             Disabled |
+-----------------------------------------+------------------------+----------------------+
                                                                                         
+-----------------------------------------------------------------------------------------+
| Processes:                                                                              |
|  GPU   GI   CI        PID   Type   Process name                              GPU Memory |
|        ID   ID                                                               Usage      |
|=========================================================================================|
|  No running processes found                                                             |
+-----------------------------------------------------------------------------------------+
Loading from models/Ministral-3b-instruct-WikiLarge_ori_splitwise_hq-FKGL-token_explanation-20250519-002531...
Inference args:
Namespace(use_vllm=False, model_path='models/Ministral-3b-instruct-WikiLarge_ori_splitwise_hq-FKGL-token_explanation-20250519-002531', model_name=None, dataset_name='WikiLarge_ori_splitwise_hq', model_class='auto', model_family='base', max_length=512, batch_size=4, slice_test=-1, output_file='output/models/Ministral-3b-instruct-WikiLarge_ori_splitwise_hq-FKGL-token_explanation-20250519-002531/output.json', device='cuda', peft_path=None, control_tokens='data/prompts/control_tokens.json', system_prompts='data/prompts/system_prompts.json', user_prompts='data/prompts/user_prompts.json', metric_mapping='data/metric_mapping.json', metric_name='FKGL', user_prompt_id='token_explanation')

test:	 Inspect the dataset format:
 {'global_id': ['wikilarge_ori_089635'], 'source_text': ['Each square in the graticule is known as a -LRB- major -RRB- division .\n'], 'source_metrics': [{'FRE': 83.66, 'ARI': 6.1, 'FKGL': 4.8, 'Dale-Chall': 9.14, 'char_count': 72, 'alphanum_count': 53, 'word_count': 14, 'sentence_count': 1}], 'metadata': [{'dataset': 'wikilarge_ori', 'experiment_split': '', 'domain': 'general', 'language': 'en', 'annotation': 'automatic', 'level': 'sentence'}], 'simplification_text': ['Each square in the graticule is known as a division .\n'], 'target_metrics': [{'FRE': 86.71, 'ARI': 3.8, 'FKGL': 3.7, 'Dale-Chall': 7.29, 'char_count': 54, 'alphanum_count': 42, 'word_count': 11, 'sentence_count': 1, 'char_compression_rate': 0.75, 'word_compression_rate': 0.79, 'sentence_compression_rate': 1.0, 'BLEU': 64.80311409098597, 'BERTScore': 0.9333061575889587}], 'simplification_version': [1], 'grade_level': [-1], 'simplification_dimensions': [{'linguistic': {'lexical': False, 'syntactic': False}}]}

--- Processing batch:
Each square in the graticule is known as a'' -LRB- major'-RRB- division....
She died on a lagoon on Condobonal Road near Fbes....
Although he plays for Spain, he resides in Latvia....
He is not a active actor, but still has to show in some shows to make it a part of the world of the ...

--- Processing batch:
Johann Sebastian Bach, also known as Johann Sebastian Bach, was a German composer....
The second device can then be designed and used in less stringent environments....
The common distance of the points of a circle from its center is known as the radius....
After he was 18 years old he worked as a salesman in his father's shop....

--- Processing batch:
Saint-M Ã dard-d '' Eyrans is a commune. It is found in the region Aquitaine in the Gironde departme...
Simba then tells Simba about the stars....
It is a region in Mali....
In the standard topology on Rn the basic open sets are the open balls....

--- Processing batch:
In 1987 he was Member of Parliament for Banff and Hughbard in the United Kingdom....
In September 1926, Dempsey fought in a fight with Irish-American former U.S. Marine....
Fortuna is a goddess of luck....
Vireé-en-Champagne is a commune of the Sarthe department in the west of France....

--- Processing batch:
Clara Josephine Wicker was born in Leipzig on 13 September 1819 to Friedrich and Marianne Wicker....
Abbie was a television personality, and played Lady Abbie in the television series, The Mister Roger...
After he died, the family moved to Winnipeg, but were unable to stay there....
Matteo Paro -LRB- born 17 March 1983 -RRB- is an Italian football player....

--- Processing batch:
Samovar -LRB- 1994 -RRB-, p. 84 Syrians did not congregate in urban enclades....
Pope Miltiades'reign is over....
It is now the site of Meher Baba's samadhi....
Then called Urbs Dei or The Two Fatherland, the poem described how a Christian owed his loyalties to...

--- Processing batch:
The highest grades of matcha have more intense sweetness and deep flavour than the standard or coars...
The Great Barrier Reef can be seen from outer space and is the world's largest single structure made...
Kellner was the chief judge inspector and administrator of the Laubach courtroom....
Egypt is annexed to the Roman Republic, and the Roman Empire is divided into the Roman Republic and ...

--- Processing batch:
Hip dysplasia is a very serious issue for pigs, with 63.8% of pigs being affected by it....
Brands associated with teddy bears that enjoyed strong popularity in the 1980s and 1990s are the Ted...
In 1999 the Korean Korean 2000 2001 2002 2003 2004 2005 2006 2007 2008 2009 2009 2009 2009 2009 2009...
The Quokka is a small mammal of the species setonix....

--- Processing batch:
The Frisians are an ethnic group of the Germanic people living in coastal parts of The Netherlands, ...
The lake is between the provinces of East Azarbaijk, west of the southern portion of the similar sea...
Naiad was found on the planet Saturn....
In public saunas it is more common that men and women go to the sauna separately....

--- Processing batch:
The group's original lineup was Marcella Johnson -LRB- bass guitar -RRB-, and her brother Marcella J...
Afterwards Sparks moved it on heavy cotton material, then asked her husband Grace and her sister Bla...
Broda was born in Brandon, Manitoba, Canada....
Schizanthus, â '' common names butterfly flower, fringefower, poor-man's -LRB- orchidâ '' is a speci...

--- Processing batch:
Valea Moldovei is a commune of Suceava County in Romania....
The body color is a mix of brown and white, and sometimes has brown spots, especially on the limbs....
In some versions of the story, the story is said to be a part of the "Lord of the Rings" series....
Görlitz is a town of the northwest of Germany on the northwestern edge of Germany on the Lusatian Ne...

--- Processing batch:
Saint-Denis-de-Mailloc is a commune. It is found in the region Basse-Normandie in the Calvados depar...
Located in northeastern Spain, the region is a region called the region :...
It can be distinguishing by the number of claws on its fore and hind feet : it has five claws on its...
His fiction works are also considered part of the Romantic movement and, much like other authors of ...

--- Processing batch:
Collapse It was a city of the 7th century....
It is also a good copper copper sulfate....
Carteret County is a member of the Eastern Coast Regional Council of Presidents....
BookCrossing.com users can'go hunting ', where a member will go to the website to see a list of book...

--- Processing batch:
Richard A. Peddie -LRB- born 1947 -RRB- is the President and CEO of Maple Leafs Sports and Entertain...
Located near the Tinguirira River -LRB- a tributary of the rapel -RRB- in a fertile valley, San Salv...
Railway Gazette International is a monthly business journal covering the railway, metro, light rail ...
It includes the ceremonial countries of Essex, Hertfordshire, dryer than ever....

--- Processing batch:
Its remnants moved across southern Spain, dropping rain on the desolate region, and moved into the M...
The top of the Khyber Pass is in Pakistan at Landi Kotal. It cuts through the northeastern part of t...
In 1976 he became Principal Conductor from 1976 to 1988....
Bersirc is an open source Web Relay Chat client for the Windows operating system....

--- Processing batch:
The Rwanda national team is the national team of Rwanda....
Prunk is a member of Institute of European History in Mainz, and a Senior Feeble of the Center for E...
These people were buried in the earth, buried in the sand of the sand of the sea, buried in the eart...
Gastric dumping syndrome, or fast gastric emptying is a condition where ingested foods bypass the st...

--- Processing batch:
Sylvain Fernier -LRB- born 26 March 1977 -RRB- is a Canadian wrestler who is best known for his appe...
The Peninsula is a part of Newfoundland and the province of Newfoundland is a part of Newfoundland a...
In telecommunications, a Hamming code is a linear error-correcting code named after its creator, Ric...
The Tribes of Judah and Benjamin stayed loyal to Rehoboam, and revised the Kingdom of Judah....

--- Processing batch:
Asclepias incarnata is a herbaceous, perennial plant species native to North America....
Mede is a commune. It is found in the region Pavia in the Vatican City....
Sean Hannity -LRB- born 3 December 1961 -RRB- is an American radio and television host, author, and ...
Most people have a DNA molecule....

--- Processing batch:
Texas A&M University is a coeducational public university of Texas....
Hungarians, who are a sizeable minority in the region Transova -LRB- sometimes called the '' Slavian...
Building buildings in early Gaborone include the Audiitorium, the Gaborone International Airport, th...
Robert Cade, Dana Shires, Harry James Free, and Alejandro de Quesada were the medical researchers at...

--- Processing batch:
It was an anthony of short spoke stories, including by Edgar Allan Poe....
The War of 1648 was the 1648 War of 1648, which was ended in 1648 by the Peace of Westphalia....
Michael Hordy -LRB- born 10 October 1956 -RRB- is a Canadian professional ice hockey player who play...
He continued making music under the Girl Talk alias while studying biomedical engineering at Case We...

--- Processing batch:
If the reason for the protection of the page is not why it was originally kept, it should be removed...
Encyclopedia Britannica is an American company....
The potential energy of an isolated system can be calculated by using the formula for the potential ...
Robinson also pointed out that segregated hotels and restaurants that served the Duke Duke Duke Club...
Predictions saved to output/models/Ministral-3b-instruct-WikiLarge_ori_splitwise_hq-FKGL-token_explanation-20250519-002531/output.json
