
CondaError: Run 'conda init' before 'conda activate'

The token has not been saved to the git credentials helper. Pass `add_to_git_credential=True` in this function directly or `--add-to-git-credential` if using via `huggingface-cli` if you want to set the git credential as well.
Token is valid (permission: write).
The token `mine` has been saved to /home/hhubar/data/.cache/huggingface/stored_tokens
Your token has been saved to /home/hhubar/data/.cache/huggingface/token
Login successful.
Note: Environment variable`HF_TOKEN` is set and is the current active token independently from the token you've just configured.
Running inference on test set:   0%|          | 0/194 [00:00<?, ?it/s]The attention mask and the pad token id were not set. As a consequence, you may observe unexpected behavior. Please pass your input's `attention_mask` to obtain reliable results.
Setting `pad_token_id` to `eos_token_id`:128001 for open-end generation.
The attention mask is not set and cannot be inferred from input because pad token is same as eos token. As a consequence, you may observe unexpected behavior. Please pass your input's `attention_mask` to obtain reliable results.
Running inference on test set:   0%|          | 0/194 [00:00<?, ?it/s]
Traceback (most recent call last):
  File "/scratch/hhubar/keep-it-simple/src/sft_inference.py", line 197, in <module>
    main()
  File "/scratch/hhubar/keep-it-simple/src/sft_inference.py", line 189, in main
    predictions = run_inference(model, tokenizer, test_dataset, device=args.device)
                  ^^^^^^^^^^^^^^^^^^^^^^^^^^^^^^^^^^^^^^^^^^^^^^^^^^^^^^^^^^^^^^^^^
  File "/scratch/hhubar/keep-it-simple/src/sft_inference.py", line 124, in run_inference
    outputs = model.generate(input_ids, max_length=512)
              ^^^^^^^^^^^^^^^^^^^^^^^^^^^^^^^^^^^^^^^^^
  File "/home/hhubar/data/conda/envs/sft/lib/python3.12/site-packages/torch/utils/_contextlib.py", line 116, in decorate_context
    return func(*args, **kwargs)
           ^^^^^^^^^^^^^^^^^^^^^
  File "/home/hhubar/data/conda/envs/sft/lib/python3.12/site-packages/transformers/generation/utils.py", line 2316, in generate
    self._validate_generated_length(generation_config, input_ids_length, has_default_max_length)
  File "/home/hhubar/data/conda/envs/sft/lib/python3.12/site-packages/transformers/generation/utils.py", line 1553, in _validate_generated_length
    raise ValueError(
ValueError: Input length of input_ids is 512, but `max_length` is set to 512. This can lead to unexpected behavior. You should consider increasing `max_length` or, better yet, setting `max_new_tokens`.
