Tue Apr 29 13:27:23 2025       
+-----------------------------------------------------------------------------------------+
| NVIDIA-SMI 560.35.05              Driver Version: 560.35.05      CUDA Version: 12.6     |
|-----------------------------------------+------------------------+----------------------+
| GPU  Name                 Persistence-M | Bus-Id          Disp.A | Volatile Uncorr. ECC |
| Fan  Temp   Perf          Pwr:Usage/Cap |           Memory-Usage | GPU-Util  Compute M. |
|                                         |                        |               MIG M. |
|=========================================+========================+======================|
|   0  Tesla V100-SXM2-16GB           Off |   00000000:3A:00.0 Off |                    0 |
| N/A   27C    P0             40W /  300W |       1MiB /  16384MiB |      0%      Default |
|                                         |                        |                  N/A |
+-----------------------------------------+------------------------+----------------------+
                                                                                         
+-----------------------------------------------------------------------------------------+
| Processes:                                                                              |
|  GPU   GI   CI        PID   Type   Process name                              GPU Memory |
|        ID   ID                                                               Usage      |
|=========================================================================================|
|  No running processes found                                                             |
+-----------------------------------------------------------------------------------------+
test:	 Inspect the dataset format:
 {'global_id': ['medeasi_000696'], 'source_text': ['Children may have six to twelve colds a year.'], 'source_metrics': [{'FRE': 104.64, 'ARI': 2.4, 'FKGL': 0.9, 'Dale-Chall': 5.84, 'char_count': 45, 'alphanum_count': 36, 'word_count': 10, 'sentence_count': 1}], 'metadata': [{'dataset': 'medeasi', 'experiment_split': '', 'domain': 'medical', 'language': 'en', 'annotation': 'human', 'level': 'sentence'}], 'simplification_text': ['Children may get six to twelve colds a year.'], 'target_metrics': [{'FRE': 104.64, 'ARI': 1.9, 'FKGL': 0.9, 'Dale-Chall': 5.84, 'char_count': 44, 'alphanum_count': 35, 'word_count': 10, 'sentence_count': 1, 'char_compression_rate': 0.98, 'word_compression_rate': 1.0, 'sentence_compression_rate': 1.0, 'BLEU': 70.71067811865478, 'BERTScore': 0.9896392822265625}], 'simplification_version': [1], 'grade_level': [-1], 'simplification_dimensions': [{'linguistic': {'lexical': False, 'syntactic': False}}]}
Predictions saved to predictions.txt
