Tue May 20 20:20:24 2025       
+-----------------------------------------------------------------------------------------+
| NVIDIA-SMI 560.35.05              Driver Version: 560.35.05      CUDA Version: 12.6     |
|-----------------------------------------+------------------------+----------------------+
| GPU  Name                 Persistence-M | Bus-Id          Disp.A | Volatile Uncorr. ECC |
| Fan  Temp   Perf          Pwr:Usage/Cap |           Memory-Usage | GPU-Util  Compute M. |
|                                         |                        |               MIG M. |
|=========================================+========================+======================|
|   0  NVIDIA A100-SXM4-80GB          Off |   00000000:C8:00.0 Off |                    0 |
| N/A   31C    P0             83W /  400W |       1MiB /  81920MiB |    100%      Default |
|                                         |                        |             Disabled |
+-----------------------------------------+------------------------+----------------------+
                                                                                         
+-----------------------------------------------------------------------------------------+
| Processes:                                                                              |
|  GPU   GI   CI        PID   Type   Process name                              GPU Memory |
|        ID   ID                                                               Usage      |
|=========================================================================================|
|  No running processes found                                                             |
+-----------------------------------------------------------------------------------------+
Loading from models/Ministral-3b-instruct-NoFluff_hq-FKGL-token_explanation-20250520-185136...
Inference args:
Namespace(use_vllm=False, model_path='models/Ministral-3b-instruct-NoFluff_hq-FKGL-token_explanation-20250520-185136', model_name=None, dataset_name='NoFluff_hq', model_class='auto', model_family='base', max_length=512, batch_size=4, slice_test=-1, output_file='output/models/Ministral-3b-instruct-NoFluff_hq-FKGL-token_explanation-20250520-185136/output.json', device='cuda', peft_path=None, control_tokens='data/prompts/control_tokens.json', system_prompts='data/prompts/system_prompts.json', user_prompts='data/prompts/user_prompts.json', metric_mapping='data/metric_mapping.json', metric_name='FKGL', user_prompt_id='token_explanation')

test:	 Inspect the dataset format:
 {'global_id': ['wikilarge_ori_297681'], 'source_text': ["It is now the site of Meher Baba 's samadhi -LRB- tomb-shrine -RRB- as well as facilities and accommodations for pilgrims .\n"], 'source_metrics': [{'FRE': 58.62, 'ARI': 12.0, 'FKGL': 10.3, 'Dale-Chall': 13.7, 'char_count': 124, 'alphanum_count': 95, 'word_count': 22, 'sentence_count': 1}], 'metadata': [{'dataset': 'wikilarge_ori', 'experiment_split': '', 'domain': 'general', 'language': 'en', 'annotation': 'automatic', 'level': 'sentence'}], 'simplification_text': ["It is now the Meher Baba 's tomb-shrine and a place for pilgrims .\n"], 'target_metrics': [{'FRE': 92.12, 'ARI': 4.3, 'FKGL': 3.6, 'Dale-Chall': 11.57, 'char_count': 67, 'alphanum_count': 50, 'word_count': 14, 'sentence_count': 1, 'char_compression_rate': 0.54, 'word_compression_rate': 0.64, 'sentence_compression_rate': 1.0, 'BLEU': 19.420267789495938, 'BERTScore': 0.9113922715187073}], 'simplification_version': [1], 'grade_level': [-1], 'simplification_dimensions': [{'linguistic': {'lexical': False, 'syntactic': False}}]}

--- Processing batch:
It is now the site of Meher Baba's Samadhi -LRB- tomb-shrine -RRB- as well as facilities and accommo...
It includes the ceremonial countries of Essex, Hertfordshire, Bedfordshire, Camfordshire, Norfolk an...
The body color varies from medium brown to gold-ish to beige-white, and occasionally, is marked with...
The Caste system of insects allows eusociality, the division of labor between non-breeding and breed...

--- Processing batch:
Self-help groups may provide resources for personality disorders....
Lumbricoides is a small, round, round-shaped organ called a dermatoma....
Many postgraduate training courses come with substantial financial incentives paid by NCL. These are...
About 50 % of people report a fever, malaise, night sweats, weight loss, and a dry, painful, painful...

--- Processing batch:
Egypt is annexed to the Roman Republic, and Octavianus becomes the unseen ruler of Rome and her subj...
Design should consider how the internal arrangement can help to avoid excessive energy demands, such...
In the usual topology on Rn the basic open sets are the open balls....
After his father went bankrupt in 1926, the family moved to Winnipeg....

--- Processing batch:
The aluminium ore boya is made mostly of aluminium hydroxides....
Then called Urbs Dei or The Two Fatherlands, the poem described how a Christian owes his loyalties t...
He is also involved in charity work by helping to raise money to help find a cure for Cystic Fibrosi...
Some types of recessive gene disorders give an advantage in certain places when only one copy of the...

--- Processing batch:
People may have fever, a general feeling of illness, and a fever....
MRI and magnetic resonance cholangiopancreatography (MRCP) are used for diagnosis and can show masse...
She died on the island on Condobolin Road near Forbes....
In chronic thromboembolic pulmonary hypertension (WHO Group IV), the blood vessels are blocked or na...

--- Processing batch:
Each square in the graticule is known as a -LRB- major's''''''''''''''''''''''''''''''''''''''''''''...
Although the stroke does not cause direct brain damage, it can cause damage to the brain and lead to...
Some of the food waste produced by processing can be difficult to reduce without affecting the quali...
Under Yuri Temerkanov, the Opera Company continued to show innovative productions of both modern and...

--- Processing batch:
It was an anthology of short spoke stories, including by Edgar Allan Poe, linked together by the adv...
The Quokka is a small mammal....
Our goal is to always put the child at the centre of our social work practice and to design and prov...
You must specify when you wish to open your business, which activities you wish to hold at your prem...

--- Processing batch:
Schizanthus, `` common names butterfly flower '' is a species of plant....
The common distance of the points of a circle from its center is called its radius....
The appendix is located near the junction of the small intestine and the large intestine....
Matteo Paro -LRB- born 17 March 1983 -RRB- is an Italian football player. He plays for Vicena....

--- Processing batch:
He also played a lot of music, including the screams for a man being bitten by an alligator....
Sheffield Hallam University’s Department of Art and Design was originally a school of design....
Texas A&M University, often referred to as A&M or TAMU, is a coeducational public research universit...
When returning a stolen vehicle, which had been held for an investigation or prosecution, the owner ...

--- Processing batch:
An independent survey carried out in 2006-07 found that over 75% of the city’s street trees were mat...
People with severe swelling of the joints are often very hot and often have a red or red, painful, s...
It is a part of the country....
We have not yet decided to give customers start dates for the work....

--- Processing batch:
He is not considered inactive, but simply has not been in any shows for a long time....
Symptoms include a flat, red, and red, or a small, yellow or green, or a green or green and white (o...
Fortuna is a goddess of luck....
The Rwanda national football team is called Amavubi -LRB- The Hadhesers -RRB-....

--- Processing batch:
For every additional year you have been a council tenant you will get a further 1% discount (up to a...
In 5 to 50 % of cases, the first symptom is a fever....
Located close to the Tinguirica River -LRB- a tributary of the Rapel -RRB- in a fertile valley, San ...
Design should consider how the internal arrangement can help to avoid excessive energy demands, such...

--- Processing batch:
Collapse It was originally thought that some time in the 7th or 8th centuries, the city was sunk and...
Bersirc is an open source Web Relay Chat client for the Microsoft Windows operating system....
In 8 to 10 % of people who have typhoid fever, symptoms and signs similar to the initial clinical sy...
If your child has achieved a Gold Award (for 100, 200, 300 hours etc), we’ll invite them to attend a...

--- Processing batch:
If you are a large house and feel that you have too much waste to fit in your current black bin you ...
In the 1970s, antibiotic treatments and vaccines for leprosy were developed using armadillos, then g...
Doctors thought the herbs would counter the `` evil '' smells of the plague and stop them becoming i...
In the same way, the Korean people do not use the number 4 when giving Pennington numbers to their s...

--- Processing batch:
The eventual buyer will need to undertake the necessary site investigations....
Adult patients who need parenteral support may benefit from teduglutide (a glucagon-like peptide-2 [...
In a single growing season, it can destroy an entire orchard in a single season....
Many fish use electric fields to detect buried prey....

--- Processing batch:
Located in northeastern Spain, the region is made up of three provinces from north to south : Huesca...
Gorenlitz is a city in the Bundesland of Germany....
The Corporate Parenting Board have developed the 7 strategic priorities in this document and an acti...
However, religious wars continued until the Thirty Years War, Thirty Years War, which was ended in 1...

--- Processing batch:
When you move out you must make sure that all your rent is paid in full and up to date, and that you...
A historian said, `` it was quinine's efficacy that gave colonists new opportunities to swarm into t...
It is found in the region Pays de la Loire in the Sarthe department in the west of France....
We will help you to pay the fees for residential care if we think this is the kind of help you need,...

--- Processing batch:
The Committee promotes and maintains high standards of conduct by Copper Members and Co-opted Member...
The function of T cells and B cells is to recognize specific non-self antigens, during a process kno...
Samovar & Porter -LRB- 1994 -RRB-, p. 84 Syrians did not gather in urban enclades, and many of the i...
Cycloadditions in which 4n electrons participate can also happen via photochemical activation....

--- Processing batch:
Found fossilized fauna were many....
The most common nucleic acids are deoxyribonucleic acid -LRB- DNA -RRB- and ribonucleic acid -RRB-....
All new addresses made through the Street Naming and Numbering (SNN) process are included on our Loc...
Morrell then attempted to take the ship southwards but, reaching thick ice at about 60°S, turned nor...

--- Processing batch:
In long-standing cases, blood vessels may grow in from the limpus (corneal neovascularization)....
People may have a dry cough or a mild, mildly irritable cough....
It is generally accepted that there are three mechanisms responsible for (apples) random behavior in...
Lipscomb resided in Cambridge, Massachusetts until his death in 2011 from pneumonia....

--- Processing batch:
Mobile traders must make sure that they do not have to stop at any other road, or are not blocking t...
The glans penis is the extended part of the corpus spongiosum....
We wish to thank the Boardman Tasker Trust for their generous donations as every year the Alan Rower...
The person may feel tightness in the chest when they are exposed to the same exposure....

--- Processing batch:
Robert Cade, Dana Shires, Harry James Freedom, and Alejandro de Quesaf, were the medical researchers...
The eventual buyer will need to undertake the necessary site investigations....
If your child has achieved a Gold Award (for 100, 200, 300 hours etc), we’ll invite them to attend a...
Fitz-Hugh-Curtis syndrome is gonococci (or chlamydial) perihepatitis that occurs most commonly in wo...

--- Processing batch:
For example, if someone alternates looking at a red horizontal grating and a green vertical grating ...
Railway Gazette International is a monthly business journal covering the railway, metro, light rail ...
If you do not wish to change your settings you can continue to report your problem and skip the map ...
As soon as an interim authority notice is given within the 28 day period, the business may carry on ...

--- Processing batch:
In the terminal stages, progressive jaundice and hepatic encephalopathy are present....
The lake is between the provinces of East Azarbaijan and West Azarbaijan, west of the southern porti...
She could, apparently, recall random dot patterns with such fidelity as to combine two patterns into...
The primary symptoms are caused by tetanopsasmin, a neurotoxin produced by the Gram-positive, rod-sh...

--- Processing batch:
People with Down syndrome have a lower risk of hardening of the arteries....
By understanding how landscapes have evolved we can manage future change and preserve land features ...
We are going to move the bus stop on which is currently situated just below Richmond Park Road to a ...
You can also book out Hector's House or two other separate outdoor education spaces, which all have ...

--- Processing batch:
The report concludes by saying that we can take this approach forward over the next 12 months....
By signing the registration form you agree to obey the search room rules which are designed to prote...
Gastrointestinal tract (sandworm) is a type of bacteria that can be found in the stomach....
The potential energy and hence also the electric potential is only defined up to an additive constan...

--- Processing batch:
This could include requesting that the person is sent to jail for unspent criminal convictions at ou...
There are about 2,600 cases of bacterial meningitis per year in the United States, and on average 33...
It has both housing and shopping areas, with many people and bicycles....
It is found in the region Aquitaine in the Gironde department in the southwest of France....

--- Processing batch:
We may also share this information with organisations responsible for auditing or giving money to pu...
In the late 1800s, people were given to the elderly, infirm, sick and lunatic....
In public saunas, men and women go to the sauna separately, although people of both sexes may occasi...
Endotracheal intubation is a technique that involves placing a tube in the mouth and venturing into ...

--- Processing batch:
A common finding during physical examination is a symmetry or a dominant mass âa mass distinctly d...
If your child has achieved a Gold Award (for 100, 200, 300 hours etc), we’ll invite them to attend a...
Sheffield city centre is in the middle of the Sheffield-Rotherham Don Valley area....
The Action Plan aims to deal with the problems in the centre at the same time as protecting the stre...

--- Processing batch:
Epidural hematoma (EDH) is a rapidly accumulating hematoma between the dera mater and the cranium....
Pulmonary hypertension (PH or PHTN) is a condition of increased blood pressure inside the arteries o...
Some of these diseases, however, may decrease the risk....
No cure for the common cold is available, but the symptoms can be treated....

--- Processing batch:
When you move out you must make sure that all your rent is paid in full and up to date, and that you...
A long certificate gives this information, but also gives name and surname, address and job of adopt...
Brands associated with teddy bears that enjoyed strong popularity in the 1980s and 1990s are Toddy R...
If the reason for the protection no longer applies, a reasonable time has elapsed, and there is no c...

--- Processing batch:
Despite heavy bomb damage the area has important historical importance including Lady’s Bridge, the ...
Carl Dingo 10 years leader of the Reichmen, he was replaced by Raader....
The United States has repeatedly said that Arab countries are a major source of illicit transport of...
We’re responsible for giving out house numbers and street names to new developments and to renovated...

--- Processing batch:
By signing the registration form you agree to obey the search room rules which are designed to prote...
Kellner served as chief judge inspector and administrator of the Laubach courthouse until 1948....
Regardless of the process followed, all bids are considered based on clear, pre-published criteria b...
Valea Moldovei is a commune. It is found in the region Suceava County in the United Kingdom....

--- Processing batch:
Simon LeVay's (1991) examination at autopsy of 18 homosexual men, 1 bisexual man, 16 likely to be ma...
Hepatitis E causes different histologies....
Symptoms include a sense of fullness, heavyness, aches, pain, tiredness, and a faint, painful, painf...
The matching service is intended as an additional form of advertising and we request that you keep u...

--- Processing batch:
An independent survey carried out in 2006-07 found that over 75% of the city’s street trees were mat...
One of these is known as familial hemiplegic migraine, a type of migraine with aura....
These bound tablets were then usually placed beneath the ground : either buried in graves or tombs, ...
The same disease, such as some forms of cancer, may be caused by an inherited genetic condition in s...

--- Processing batch:
A forced marriage is defined as ‘ a marriage conducted without the valid consent of one or both part...
Carteret County is a member of the regional Eastern Carolina Council of Governments....
The Successful Centres strategy for the area highlighted the importance of improving the appearance ...
Body dysmorphic disorder (BDD, or the BDCs) is a chronic mental illness....

--- Processing batch:
Mydriasia and diaphoresis are visible, and heart rate and BP are increased....
Subcortical vascular dementia caused by small vessels ischemic damage (which includes multiple lacun...
After his apprenticeship he worked as retail salesman in his father's draper's shop....
However, in some ways, in what is sometimes called the Post-Vulgate Merlin, Excalibur was given to A...

--- Processing batch:
Most viruses are viruses....
His theory says that animals react to threats with a general discharge of the synaptic nervous syste...
A measles epidemic and food shortages during 1900 reduced the population of the area by one-third....
Sean Hannity -LRB- born 30, December, 1961 -RRB- is an American radio and television host, author, a...

--- Processing batch:
The revised scheme would be funding from the Better Bus Area Funding (a government grant to the Shef...
The Great Barrier Reef can be seen from outer space and is the world's largest single structure made...
The evaluation had shown a north to south aligned ditch, which may have been a boundary ditch to the...
Should a collector wish to use a site, they will need to obtain a site licence from the relevant loc...

--- Processing batch:
A reorganisation of carbon and carbon bonds is a part of this cyclic arrangement. Specifically, chel...
An anal cancer is usually an abnormal cancer that is found near the squamolar junction....
If you do not wish to change your settings you can continue to report your problem and skip the map ...
The aim of the LEZ would be to help our partners and us to follow European Union Union Air Quality s...

--- Processing batch:
The Frisians are an ethnic group of the Germanic people living in coastal parts of The Netherlands, ...
A tightness in the chest or abdomen, weakness, tingling, numbness of the feet and legs, and difficul...
Hip dysplasia is a problem for the breed, with 63.8 % of pigs being affected according to a survey c...
In the early 20th century, cinema became a popular form of entertainment....

--- Processing batch:
The Tribes of Judah and Benjamin stayed loyal to Rehoboam, and revived the Kingdom of Judah....
By Topic Religion January 11 -- Pope Miltiades'reign ends....
In 1977, Haller used the term `` metabolic syndrome '' for connections between obesity, diabetes mel...
In an infected organism, bacteria may cause bone pain and bone pain may be accompanied by a fever....

--- Processing batch:
People may have fever, night sweats, and a dry, painful, painful, painful, painful, painful, painful...
It is named after John Hilton Davis, who first described the syndrome in 1960....
Myocardial fibrosis, left ventricle hypertrophy, and cardiomyopathy can develop....
You can report a repair and make an appointment online, you need to have registered for this service...

--- Processing batch:
Hungarians, who are a sizeable minority in Transylvania, constitute a majority in the countries of H...
Should a collector wish to use a site, they will need to obtain a site licence from the relevant loc...
The group's original lineup was Curt Kirkwood -LRB- guitar/vocals -RRB-, his brother Cris Kirkwood -...
We will manage the housing benefit application and give them free support, to help them make their p...

--- Processing batch:
Caffeine has pressor and mild diuretic effects when given to people who are not used to it, but regu...
Afterwards Sparks moved it on heavy cotton material, then asked his wife Grace and her sister Blaine...
From 1987 to 2010 he served as Member of Parliament for Banff and Hughbard in the United Kingdom's H...
Through our successful Step Up to Social Work training programme you’ll get intensive, hands-on expe...

--- Processing batch:
If an application is proposing to use a Planning Oblitation, it is recommended that either a draft U...
Sylvain Gonier -LRB- born 36 March 1977 -RRB- is a former Canadian wrestler, who is best known for h...
Richard A. Peddie -LRB- born 1947, 1947 -RRB- is the President and CEO of Maple Leafs Sports and Ent...
In some cases, the teacher may allow a child to leave for a performance or sporting event....

--- Processing batch:
Mufasa then tells Simba about the stars, saying that they represent all the great kings of the past ...
We have not yet decided to give customers start dates for the work....
In some cases, however, some people are not counted when working out the number of occupiers so ther...
The risk, however, depends on the extent of hyperuricemia....

--- Processing batch:
We operate a metrological calibration facility that is available on request for the calibration of m...
The highest grades of matcha have more intense sweetness and deep flavour than the standard or coars...
Clara Josephine Wicker was born in Leipzig on 13 September 1819....
Sheffield city centre is in the middle of the Sheffield-Rotherham Don Valley area....

--- Processing batch:
He continued making music under the Girl Talk alias while studying biomedical engineering at Case We...
Small feedings reduce the osmotic load....
Mouthwash and gels containing Sodium Nitrate are used in treatment of dentine hypersensitivity....
Excretion is the process by which waste products of metabolism and other non-useful products are rem...

--- Processing batch:
The summit of the Khyber Pass is in Pakistan at Landi Kotal. It cuts through the northeastern part o...
Abberlin worked on various TV spots, and played Lady Alderby on Mister Rogers'Neighborhood....
We appropriately, fairly and lawfully collect, store and process personal information so that we can...
By signing the registration form you agree to obey the search room rules which are designed to prote...

--- Processing batch:
On October 12, 2013, Oscar hijoupe fell of a heart attack while playing tennis in Manhattan and neve...
Organisations that advertise debt solutions such as Debt Management Plans (DMP) and Individual Volum...
The matching service is intended as an additional form of advertising and we request that you keep u...
The ant will die of exhaustion....

--- Processing batch:
The Peninsula is a part of Newfoundland....
Inflammation (pau d'orange) may develop in the breast....
People may have difficulty speaking, difficulty controlling eye movements, and difficulty controllin...
Before 1949, only around 1% of moorland in the Peak District was open to the public and there were o...

--- Processing batch:
In the water, weighting is the most accurate method for measuring percentage of body fat....
If sites have a significant local ecological impact, the application will be required to submit a Bi...
Therefore, it is best to give only details that you are happy to be published and viewed by other pa...
Prunk is a member of Institute of European History in Mainz, and a senior member of the Center for E...

--- Processing batch:
Robinson also said that the segregated hotels and restaurants that served the Dorothy team were not ...
Sometimes more than one bacterial species is involved in a single infection....
We also make sure our partners that they are supported by our supply chain....
We (and interested parties) just want information that properly explains the key planning issues, so...

--- Processing batch:
Attempting to hurt the ganglion by hitting it with a hard object is risky, but it is not possible to...
After a brief period of recovery in February 1377, the king died of a stroke at Sheen on 21 June....
Once we have received your application, we will make sure you follow the requirements and your appli...
It will be a city-wide and a city-wide business area, benefiting from well-designed and well-integra...

--- Processing batch:
Binges, often over several days, lead to an exhaustion or `` washed out '' syndrome, which involves ...
Mede is a commune. It is found in the region Pavia in the Italian region Lombardy....
Since then, several other high-resolution structures have been found by electron crystallography, in...
Before 1949, only around 1% of moorland in the Peak District was open to the public and there were o...

--- Processing batch:
The eventual buyer will need to undertake the necessary site investigations....
In the late 1800s, people were given to the elderly, infirm, sick and lunatic....
In September 1926, Dempsey fought Irish-American former U.S. Marine Gene Turner in Philadelphia....
Its remnants moved across southern Spain, giving the desert a wet and wet year....

--- Processing batch:
Despite heavy bomb damage the area has significant historic importance including Lady’s Bridge, the ...
A form is required to make an application....
Although he still plays for Spain, he currently resides in Latavia....
Sometimes bruises can be serious, leading to other more life-threatening forms of hematoma, such as ...

--- Processing batch:
In telecommunications, a Hamming code is a linear error-correcting code named after its creator, Ric...
Encyclopaedia Britannica is an American company. It is a company....
Asclepias incarnata, with common names such as : Swamp Milkweed, Rose Milkweed, Swamp Silicone Milkw...
If your complaint is about an academy and you feel it has not been fixed by the academy’s governors ...

--- Processing batch:
If there is serious and persistent anti-social behaviour or disorder, we and South Yorkshire Police ...
In the United States, the number of people who have HIV is 100,000....
Landlords can change the model agreement to suit the particular tenancy, but any additional clauses ...
This allows us and utility companies to work with the aim of minimizing disruption and ensuring publ...

--- Processing batch:
Buildings in early Gaborone include Assembly buildings, government offices, a power station, a hospi...
Schizophrenia affects about 0.3-0.7 % of people at some point in their life, or 24 million people wo...
In addition, Jews were not allowed to use any public transport, except for the ferry, and were able ...
Lifestyle changes have been shown to be effective in reducing (and in the case of diet, reversing) c...

--- Processing batch:
It can be distinguished from other members of the genus by the number of claws on the fore and hind ...
An independent survey carried out in 2006-07 found that over 75% of the city’s street trees were mat...
BookCrossing.com users can ` go hunting ', where a member will go to the website to view a list of b...
People may have fever, painful joint pain, and a limited ability to move....

--- Processing batch:
The second device can then be designed and used in less stringent environments....
It features two large square glass-cased fountains, Yorkshire stone paving and seating areas around ...
His fiction works are considered part of the Romantic movement....
Since the 1990s, significant money has been spent on measures that minimise fire risk....

--- Processing batch:
The testes have two main functions....
It is found in the region Basse-Normandie in the Calvados department in the northwest of France....
After she suffered from bronchopneumonia as a child, her parents were advised it would help her reco...
The matching service is intended as an additional form of advertising and we request that you keep u...

--- Processing batch:
Symptoms of sinuses are usually given by the doctor....
Broda was born in Brandon, Manitoba....
Properties that have been built or modified for use for manufacturing, repairing or adapting goods o...
Bleeding can occur inside the body, where blood leaks from blood vessels inside the body....

--- Processing batch:
Sheffield Hallam University’s Department of Art and Design was originally a school of design....
Michael Hordy -LRB- born 10 October, 1956, in Thunder Bay, Ontario -RRB- is a former Canadian profes...
People who have diarrhea after meals should take antidiarrheals (e.g., loperamide) 1 h before eating...
Documents on this page relate to the new Sheffield plan, you can find studies, consultations, report...

--- Processing batch:
Tonsils may become infected with a viral virus....
If we do have a valid consultation exercise, we will give some weight to the results from a meaningf...
You can also book out Hector's House or two other separate outdoor education spaces, which all have ...
Naiad was found somewhere before mid-September, 1989 from the images taken by the Voyager 2 probe....

--- Processing batch:
The diagnosis of abdominal migraines is a matter of debate....
We’ll need to have meaningful pre-application discussions with you, with enough time allowed for pre...
Symptoms and signs of food allergies vary by allergen, mechanism, and patient age....
Neuroses are a class of mental disorders that are chronic and not confined to a specific condition....

--- Processing batch:
We have developed a toolkit with 5 tools to help people and organisations in making the learning fro...
UTIs may develop....
Occasionally the embryo plots into the Fallopian tube instead of the uterus, creating an ectopic pre...
Predictions saved to output/models/Ministral-3b-instruct-NoFluff_hq-FKGL-token_explanation-20250520-185136/output.json
