
CondaError: Run 'conda init' before 'conda activate'

[nltk_data] Downloading package punkt to /home/hhubar/nltk_data...
[nltk_data]   Package punkt is already up-to-date!
We will use 90% of the memory on device 0 for storing the model, and 10% for the buffer to avoid OOM. You can set `max_memory` in to a higher value to use more memory (at your own risk).
Loading checkpoint shards:   0%|          | 0/4 [00:00<?, ?it/s]Loading checkpoint shards:  25%|██▌       | 1/4 [00:07<00:21,  7.12s/it]Loading checkpoint shards:  50%|█████     | 2/4 [00:14<00:14,  7.11s/it]Loading checkpoint shards:  75%|███████▌  | 3/4 [00:21<00:07,  7.06s/it]Loading checkpoint shards: 100%|██████████| 4/4 [00:22<00:00,  4.96s/it]Loading checkpoint shards: 100%|██████████| 4/4 [00:22<00:00,  5.74s/it]
Some parameters are on the meta device because they were offloaded to the cpu.
The new embeddings will be initialized from a multivariate normal distribution that has old embeddings' mean and covariance. As described in this article: https://nlp.stanford.edu/~johnhew/vocab-expansion.html. To disable this, use `mean_resizing=False`
Traceback (most recent call last):
  File "/scratch/hhubar/keep-it-simple/src/sft_inference.py", line 369, in <module>
    main()
  File "/scratch/hhubar/keep-it-simple/src/sft_inference.py", line 311, in main
    model, tokenizer = load_and_prepare_model(
                       ^^^^^^^^^^^^^^^^^^^^^^^
  File "/scratch/hhubar/keep-it-simple/src/sft_inference.py", line 48, in load_and_prepare_model
    base_model.resize_token_embeddings(len(tokenizer))
  File "/home/hhubar/data/conda/envs/sft/lib/python3.12/site-packages/transformers/modeling_utils.py", line 2656, in resize_token_embeddings
    model_embeds = self._resize_token_embeddings(new_num_tokens, pad_to_multiple_of, mean_resizing)
                   ^^^^^^^^^^^^^^^^^^^^^^^^^^^^^^^^^^^^^^^^^^^^^^^^^^^^^^^^^^^^^^^^^^^^^^^^^^^^^^^^
  File "/home/hhubar/data/conda/envs/sft/lib/python3.12/site-packages/transformers/modeling_utils.py", line 2679, in _resize_token_embeddings
    new_embeddings = self._get_resized_embeddings(
                     ^^^^^^^^^^^^^^^^^^^^^^^^^^^^^
  File "/home/hhubar/data/conda/envs/sft/lib/python3.12/site-packages/transformers/modeling_utils.py", line 2830, in _get_resized_embeddings
    self._init_added_embeddings_weights_with_mean(
  File "/home/hhubar/data/conda/envs/sft/lib/python3.12/site-packages/transformers/modeling_utils.py", line 2992, in _init_added_embeddings_weights_with_mean
    old_embeddings_weight = old_embeddings.weight.data.to(torch.float32)
                            ^^^^^^^^^^^^^^^^^^^^^^^^^^^^^^^^^^^^^^^^^^^^
torch.OutOfMemoryError: CUDA out of memory. Tried to allocate 1.96 GiB. GPU 0 has a total capacity of 14.57 GiB of which 1.53 GiB is free. Including non-PyTorch memory, this process has 13.03 GiB memory in use. Of the allocated memory 12.93 GiB is allocated by PyTorch, and 5.57 MiB is reserved by PyTorch but unallocated. If reserved but unallocated memory is large try setting PYTORCH_CUDA_ALLOC_CONF=expandable_segments:True to avoid fragmentation.  See documentation for Memory Management  (https://pytorch.org/docs/stable/notes/cuda.html#environment-variables)
