
CondaError: Run 'conda init' before 'conda activate'

  File "/scratch/hhubar/keep-it-simple/src/sft_inference.py", line 102
    def load_and_prepare_test_set(args, dataset_name, tokenizer, max_length, control_tokens, system_prompts, user_prompts, metric_mapping, args, user_prompt_id, model_family, slice_test=None, source_based_metric=False, compression_metric=False):
                                                                                                                                           ^^^^
SyntaxError: duplicate argument 'args' in function definition
  File "/scratch/hhubar/keep-it-simple/src/sft_inference.py", line 102
    def load_and_prepare_test_set(args, dataset_name, tokenizer, max_length, control_tokens, system_prompts, user_prompts, metric_mapping, args, user_prompt_id, model_family, slice_test=None, source_based_metric=False, compression_metric=False):
                                                                                                                                           ^^^^
SyntaxError: duplicate argument 'args' in function definition
  File "/scratch/hhubar/keep-it-simple/src/sft_inference.py", line 102
    def load_and_prepare_test_set(args, dataset_name, tokenizer, max_length, control_tokens, system_prompts, user_prompts, metric_mapping, args, user_prompt_id, model_family, slice_test=None, source_based_metric=False, compression_metric=False):
                                                                                                                                           ^^^^
SyntaxError: duplicate argument 'args' in function definition
  File "/scratch/hhubar/keep-it-simple/src/sft_inference.py", line 102
    def load_and_prepare_test_set(args, dataset_name, tokenizer, max_length, control_tokens, system_prompts, user_prompts, metric_mapping, args, user_prompt_id, model_family, slice_test=None, source_based_metric=False, compression_metric=False):
                                                                                                                                           ^^^^
SyntaxError: duplicate argument 'args' in function definition
  File "/scratch/hhubar/keep-it-simple/src/sft_inference.py", line 102
    def load_and_prepare_test_set(args, dataset_name, tokenizer, max_length, control_tokens, system_prompts, user_prompts, metric_mapping, args, user_prompt_id, model_family, slice_test=None, source_based_metric=False, compression_metric=False):
                                                                                                                                           ^^^^
SyntaxError: duplicate argument 'args' in function definition
