
CondaError: Run 'conda init' before 'conda activate'

wandb: Using wandb-core as the SDK backend.  Please refer to https://wandb.me/wandb-core for more information.
wandb: Appending key for api.wandb.ai to your netrc file: /home/hhubar/.netrc
wandb: Currently logged in as: hanna-hubarava (shtosti) to https://api.wandb.ai. Use `wandb login --relogin` to force relogin
wandb: Tracking run with wandb version 0.19.9
wandb: Run data is saved locally in /scratch/hhubar/keep-it-simple/wandb/run-20250515_163041-i0t0dyq9
wandb: Run `wandb offline` to turn off syncing.
wandb: Syncing run morning-water-49
wandb: ⭐️ View project at https://wandb.ai/shtosti/ATS_with_control_tokens
wandb: 🚀 View run at https://wandb.ai/shtosti/ATS_with_control_tokens/runs/i0t0dyq9
Loading checkpoint shards:   0%|          | 0/4 [00:00<?, ?it/s]Loading checkpoint shards:  25%|██▌       | 1/4 [00:08<00:24,  8.14s/it]Loading checkpoint shards:  50%|█████     | 2/4 [00:17<00:17,  8.70s/it]Loading checkpoint shards:  75%|███████▌  | 3/4 [00:25<00:08,  8.42s/it]Loading checkpoint shards: 100%|██████████| 4/4 [00:26<00:00,  5.61s/it]Loading checkpoint shards: 100%|██████████| 4/4 [00:26<00:00,  6.66s/it]
Some parameters are on the meta device because they were offloaded to the cpu.
The token has not been saved to the git credentials helper. Pass `add_to_git_credential=True` in this function directly or `--add-to-git-credential` if using via `huggingface-cli` if you want to set the git credential as well.
Token is valid (permission: write).
The token `mine` has been saved to /home/hhubar/data/.cache/huggingface/stored_tokens
Your token has been saved to /home/hhubar/data/.cache/huggingface/token
Login successful.
Note: Environment variable`HF_TOKEN` is set and is the current active token independently from the token you've just configured.
The token has not been saved to the git credentials helper. Pass `add_to_git_credential=True` in this function directly or `--add-to-git-credential` if using via `huggingface-cli` if you want to set the git credential as well.
Token is valid (permission: write).
The token `mine` has been saved to /home/hhubar/data/.cache/huggingface/stored_tokens
Your token has been saved to /home/hhubar/data/.cache/huggingface/token
Login successful.
Note: Environment variable`HF_TOKEN` is set and is the current active token independently from the token you've just configured.
Map:   0%|          | 0/50 [00:00<?, ? examples/s]Map: 100%|██████████| 50/50 [00:00<00:00, 556.06 examples/s]
Map:   0%|          | 0/50 [00:00<?, ? examples/s]Map: 100%|██████████| 50/50 [00:00<00:00, 646.56 examples/s]
Map:   0%|          | 0/50 [00:00<?, ? examples/s]Map: 100%|██████████| 50/50 [00:00<00:00, 474.09 examples/s]Map: 100%|██████████| 50/50 [00:00<00:00, 347.18 examples/s]
Map:   0%|          | 0/50 [00:00<?, ? examples/s]Map: 100%|██████████| 50/50 [00:00<00:00, 735.84 examples/s]
Traceback (most recent call last):
  File "/scratch/hhubar/keep-it-simple/src/sft_finetune.py", line 419, in <module>
    main()
  File "/scratch/hhubar/keep-it-simple/src/sft_finetune.py", line 400, in main
    print("--- decoded input_ids:\n", tokenizer.decode(example["input_ids"], skip_special_tokens=False))
                                      ^^^^^^^^^^^^^^^^^^^^^^^^^^^^^^^^^^^^^^^^^^^^^^^^^^^^^^^^^^^^^^^^^
  File "/home/hhubar/data/conda/envs/sft/lib/python3.12/site-packages/transformers/tokenization_utils_base.py", line 3870, in decode
    return self._decode(
           ^^^^^^^^^^^^^
  File "/home/hhubar/data/conda/envs/sft/lib/python3.12/site-packages/transformers/tokenization_utils_fast.py", line 668, in _decode
    text = self._tokenizer.decode(token_ids, skip_special_tokens=skip_special_tokens)
           ^^^^^^^^^^^^^^^^^^^^^^^^^^^^^^^^^^^^^^^^^^^^^^^^^^^^^^^^^^^^^^^^^^^^^^^^^^
TypeError: argument 'ids': 'NoneType' object cannot be interpreted as an integer
Traceback (most recent call last):
  File "/scratch/hhubar/keep-it-simple/src/sft_finetune.py", line 419, in <module>
    main()
  File "/scratch/hhubar/keep-it-simple/src/sft_finetune.py", line 400, in main
    print("--- decoded input_ids:\n", tokenizer.decode(example["input_ids"], skip_special_tokens=False))
                                      ^^^^^^^^^^^^^^^^^^^^^^^^^^^^^^^^^^^^^^^^^^^^^^^^^^^^^^^^^^^^^^^^^
  File "/home/hhubar/data/conda/envs/sft/lib/python3.12/site-packages/transformers/tokenization_utils_base.py", line 3870, in decode
    return self._decode(
           ^^^^^^^^^^^^^
  File "/home/hhubar/data/conda/envs/sft/lib/python3.12/site-packages/transformers/tokenization_utils_fast.py", line 668, in _decode
    text = self._tokenizer.decode(token_ids, skip_special_tokens=skip_special_tokens)
           ^^^^^^^^^^^^^^^^^^^^^^^^^^^^^^^^^^^^^^^^^^^^^^^^^^^^^^^^^^^^^^^^^^^^^^^^^^
TypeError: argument 'ids': 'NoneType' object cannot be interpreted as an integer
