
CondaError: Run 'conda init' before 'conda activate'

wandb: Using wandb-core as the SDK backend.  Please refer to https://wandb.me/wandb-core for more information.
wandb: Appending key for api.wandb.ai to your netrc file: /home/hhubar/.netrc
wandb: Currently logged in as: hanna-hubarava (shtosti) to https://api.wandb.ai. Use `wandb login --relogin` to force relogin
wandb: Tracking run with wandb version 0.19.9
wandb: Run data is saved locally in /scratch/hhubar/keep-it-simple/wandb/run-20250415_174410-l1s5q4yp
wandb: Run `wandb offline` to turn off syncing.
wandb: Syncing run serene-blaze-67
wandb: ⭐️ View project at https://wandb.ai/shtosti/thesis-SFT
wandb: 🚀 View run at https://wandb.ai/shtosti/thesis-SFT/runs/l1s5q4yp
The new embeddings will be initialized from a multivariate normal distribution that has old embeddings' mean and covariance. As described in this article: https://nlp.stanford.edu/~johnhew/vocab-expansion.html. To disable this, use `mean_resizing=False`
The token has not been saved to the git credentials helper. Pass `add_to_git_credential=True` in this function directly or `--add-to-git-credential` if using via `huggingface-cli` if you want to set the git credential as well.
Token is valid (permission: write).
The token `mine` has been saved to /home/hhubar/data/.cache/huggingface/stored_tokens
Your token has been saved to /home/hhubar/data/.cache/huggingface/token
Login successful.
Note: Environment variable`HF_TOKEN` is set and is the current active token independently from the token you've just configured.
The token has not been saved to the git credentials helper. Pass `add_to_git_credential=True` in this function directly or `--add-to-git-credential` if using via `huggingface-cli` if you want to set the git credential as well.
Token is valid (permission: write).
The token `mine` has been saved to /home/hhubar/data/.cache/huggingface/stored_tokens
Your token has been saved to /home/hhubar/data/.cache/huggingface/token
Login successful.
Note: Environment variable`HF_TOKEN` is set and is the current active token independently from the token you've just configured.
Map:   0%|          | 0/1411 [00:00<?, ? examples/s]Map:   9%|▉         | 132/1411 [00:00<00:00, 1286.65 examples/s]Map:  21%|██▏       | 302/1411 [00:00<00:00, 1125.89 examples/s]Map:  34%|███▎      | 476/1411 [00:00<00:00, 1140.75 examples/s]Map:  46%|████▌     | 643/1411 [00:00<00:00, 932.66 examples/s] Map:  57%|█████▋    | 804/1411 [00:00<00:00, 976.87 examples/s]Map:  68%|██████▊   | 963/1411 [00:01<00:00, 875.53 examples/s]Map:  76%|███████▌  | 1068/1411 [00:01<00:00, 551.41 examples/s]Map:  81%|████████  | 1145/1411 [00:01<00:00, 546.57 examples/s]Map:  86%|████████▋ | 1219/1411 [00:01<00:00, 551.50 examples/s]Map:  92%|█████████▏| 1295/1411 [00:01<00:00, 576.38 examples/s]Map: 100%|█████████▉| 1410/1411 [00:01<00:00, 694.12 examples/s]Map: 100%|██████████| 1411/1411 [00:02<00:00, 649.82 examples/s]
Map:   0%|          | 0/174 [00:00<?, ? examples/s]Map:  87%|████████▋ | 152/174 [00:00<00:00, 1491.15 examples/s]Map: 100%|██████████| 174/174 [00:00<00:00, 673.62 examples/s] 
Traceback (most recent call last):
  File "/scratch/hhubar/keep-it-simple/src/WANDB_finetune_parameterized.py", line 360, in <module>
    main()
  File "/scratch/hhubar/keep-it-simple/src/WANDB_finetune_parameterized.py", line 351, in main
    print("--- decoded labels:\n", tokenizer.decode(example["labels"], skip_special_tokens=True))
                                   ^^^^^^^^^^^^^^^^^^^^^^^^^^^^^^^^^^^^^^^^^^^^^^^^^^^^^^^^^^^^^
  File "/home/hhubar/data/conda/envs/sft/lib/python3.12/site-packages/transformers/tokenization_utils_base.py", line 3870, in decode
    return self._decode(
           ^^^^^^^^^^^^^
  File "/home/hhubar/data/conda/envs/sft/lib/python3.12/site-packages/transformers/tokenization_utils_fast.py", line 668, in _decode
    text = self._tokenizer.decode(token_ids, skip_special_tokens=skip_special_tokens)
           ^^^^^^^^^^^^^^^^^^^^^^^^^^^^^^^^^^^^^^^^^^^^^^^^^^^^^^^^^^^^^^^^^^^^^^^^^^
OverflowError: out of range integral type conversion attempted
Traceback (most recent call last):
  File "/scratch/hhubar/keep-it-simple/src/WANDB_finetune_parameterized.py", line 360, in <module>
    main()
  File "/scratch/hhubar/keep-it-simple/src/WANDB_finetune_parameterized.py", line 351, in main
    print("--- decoded labels:\n", tokenizer.decode(example["labels"], skip_special_tokens=True))
                                   ^^^^^^^^^^^^^^^^^^^^^^^^^^^^^^^^^^^^^^^^^^^^^^^^^^^^^^^^^^^^^
  File "/home/hhubar/data/conda/envs/sft/lib/python3.12/site-packages/transformers/tokenization_utils_base.py", line 3870, in decode
    return self._decode(
           ^^^^^^^^^^^^^
  File "/home/hhubar/data/conda/envs/sft/lib/python3.12/site-packages/transformers/tokenization_utils_fast.py", line 668, in _decode
    text = self._tokenizer.decode(token_ids, skip_special_tokens=skip_special_tokens)
           ^^^^^^^^^^^^^^^^^^^^^^^^^^^^^^^^^^^^^^^^^^^^^^^^^^^^^^^^^^^^^^^^^^^^^^^^^^
OverflowError: out of range integral type conversion attempted
