
CondaError: Run 'conda init' before 'conda activate'

wandb: Using wandb-core as the SDK backend.  Please refer to https://wandb.me/wandb-core for more information.
wandb: Appending key for api.wandb.ai to your netrc file: /home/hhubar/.netrc
wandb: Currently logged in as: hanna-hubarava (shtosti) to https://api.wandb.ai. Use `wandb login --relogin` to force relogin
wandb: Tracking run with wandb version 0.19.9
wandb: Run data is saved locally in /scratch/hhubar/keep-it-simple/wandb/run-20250415_172344-sgvl5qzm
wandb: Run `wandb offline` to turn off syncing.
wandb: Syncing run quiet-morning-62
wandb: ⭐️ View project at https://wandb.ai/shtosti/thesis-SFT
wandb: 🚀 View run at https://wandb.ai/shtosti/thesis-SFT/runs/sgvl5qzm
The new embeddings will be initialized from a multivariate normal distribution that has old embeddings' mean and covariance. As described in this article: https://nlp.stanford.edu/~johnhew/vocab-expansion.html. To disable this, use `mean_resizing=False`
The token has not been saved to the git credentials helper. Pass `add_to_git_credential=True` in this function directly or `--add-to-git-credential` if using via `huggingface-cli` if you want to set the git credential as well.
Token is valid (permission: write).
The token `mine` has been saved to /home/hhubar/data/.cache/huggingface/stored_tokens
Your token has been saved to /home/hhubar/data/.cache/huggingface/token
Login successful.
Note: Environment variable`HF_TOKEN` is set and is the current active token independently from the token you've just configured.
The token has not been saved to the git credentials helper. Pass `add_to_git_credential=True` in this function directly or `--add-to-git-credential` if using via `huggingface-cli` if you want to set the git credential as well.
Token is valid (permission: write).
The token `mine` has been saved to /home/hhubar/data/.cache/huggingface/stored_tokens
Your token has been saved to /home/hhubar/data/.cache/huggingface/token
Login successful.
Note: Environment variable`HF_TOKEN` is set and is the current active token independently from the token you've just configured.
Map:   0%|          | 0/1411 [00:00<?, ? examples/s]Map:  10%|█         | 145/1411 [00:00<00:00, 1411.36 examples/s]Map:  24%|██▍       | 345/1411 [00:00<00:00, 1356.30 examples/s]Map:  39%|███▉      | 547/1411 [00:00<00:00, 1347.13 examples/s]Map:  52%|█████▏    | 738/1411 [00:00<00:00, 1313.86 examples/s]Map:  66%|██████▌   | 933/1411 [00:00<00:00, 1303.58 examples/s]Map:  80%|███████▉  | 1124/1411 [00:01<00:00, 794.93 examples/s]Map:  91%|█████████ | 1279/1411 [00:01<00:00, 849.27 examples/s]Map:  99%|█████████▊| 1391/1411 [00:01<00:00, 897.76 examples/s]Map: 100%|██████████| 1411/1411 [00:01<00:00, 909.65 examples/s]
Map:   0%|          | 0/174 [00:00<?, ? examples/s]Map:  76%|███████▋  | 133/174 [00:00<00:00, 1300.83 examples/s]Map: 100%|██████████| 174/174 [00:00<00:00, 590.15 examples/s] 
Traceback (most recent call last):
  File "/scratch/hhubar/keep-it-simple/src/WANDB_finetune_parameterized.py", line 316, in <module>
    main()
  File "/scratch/hhubar/keep-it-simple/src/WANDB_finetune_parameterized.py", line 307, in main
    print("--- decoded labels:\n", tokenizer.decode(example["labels"], skip_special_tokens=False))
                                   ^^^^^^^^^^^^^^^^^^^^^^^^^^^^^^^^^^^^^^^^^^^^^^^^^^^^^^^^^^^^^^
  File "/home/hhubar/data/conda/envs/sft/lib/python3.12/site-packages/transformers/tokenization_utils_base.py", line 3870, in decode
    return self._decode(
           ^^^^^^^^^^^^^
  File "/home/hhubar/data/conda/envs/sft/lib/python3.12/site-packages/transformers/tokenization_utils_fast.py", line 668, in _decode
    text = self._tokenizer.decode(token_ids, skip_special_tokens=skip_special_tokens)
           ^^^^^^^^^^^^^^^^^^^^^^^^^^^^^^^^^^^^^^^^^^^^^^^^^^^^^^^^^^^^^^^^^^^^^^^^^^
OverflowError: out of range integral type conversion attempted
Traceback (most recent call last):
  File "/scratch/hhubar/keep-it-simple/src/WANDB_finetune_parameterized.py", line 316, in <module>
    main()
  File "/scratch/hhubar/keep-it-simple/src/WANDB_finetune_parameterized.py", line 307, in main
    print("--- decoded labels:\n", tokenizer.decode(example["labels"], skip_special_tokens=False))
                                   ^^^^^^^^^^^^^^^^^^^^^^^^^^^^^^^^^^^^^^^^^^^^^^^^^^^^^^^^^^^^^^
  File "/home/hhubar/data/conda/envs/sft/lib/python3.12/site-packages/transformers/tokenization_utils_base.py", line 3870, in decode
    return self._decode(
           ^^^^^^^^^^^^^
  File "/home/hhubar/data/conda/envs/sft/lib/python3.12/site-packages/transformers/tokenization_utils_fast.py", line 668, in _decode
    text = self._tokenizer.decode(token_ids, skip_special_tokens=skip_special_tokens)
           ^^^^^^^^^^^^^^^^^^^^^^^^^^^^^^^^^^^^^^^^^^^^^^^^^^^^^^^^^^^^^^^^^^^^^^^^^^
OverflowError: out of range integral type conversion attempted
