
CondaError: Run 'conda init' before 'conda activate'

wandb: Using wandb-core as the SDK backend.  Please refer to https://wandb.me/wandb-core for more information.
wandb: Appending key for api.wandb.ai to your netrc file: /home/hhubar/.netrc
wandb: Currently logged in as: hanna-hubarava (shtosti) to https://api.wandb.ai. Use `wandb login --relogin` to force relogin
wandb: Tracking run with wandb version 0.19.9
wandb: Run data is saved locally in /scratch/hhubar/keep-it-simple/wandb/run-20250414_153622-edp1lsjv
wandb: Run `wandb offline` to turn off syncing.
wandb: Syncing run ethereal-glade-40
wandb: ⭐️ View project at https://wandb.ai/shtosti/thesis-SFT
wandb: 🚀 View run at https://wandb.ai/shtosti/thesis-SFT/runs/edp1lsjv
The new embeddings will be initialized from a multivariate normal distribution that has old embeddings' mean and covariance. As described in this article: https://nlp.stanford.edu/~johnhew/vocab-expansion.html. To disable this, use `mean_resizing=False`
The token has not been saved to the git credentials helper. Pass `add_to_git_credential=True` in this function directly or `--add-to-git-credential` if using via `huggingface-cli` if you want to set the git credential as well.
Token is valid (permission: write).
The token `mine` has been saved to /home/hhubar/data/.cache/huggingface/stored_tokens
Your token has been saved to /home/hhubar/data/.cache/huggingface/token
Login successful.
Note: Environment variable`HF_TOKEN` is set and is the current active token independently from the token you've just configured.
The token has not been saved to the git credentials helper. Pass `add_to_git_credential=True` in this function directly or `--add-to-git-credential` if using via `huggingface-cli` if you want to set the git credential as well.
Token is valid (permission: write).
The token `mine` has been saved to /home/hhubar/data/.cache/huggingface/stored_tokens
Your token has been saved to /home/hhubar/data/.cache/huggingface/token
Login successful.
Note: Environment variable`HF_TOKEN` is set and is the current active token independently from the token you've just configured.
Map:   0%|          | 0/1410 [00:00<?, ? examples/s]Map:  44%|████▍     | 618/1410 [00:00<00:00, 6061.18 examples/s]Map: 100%|██████████| 1410/1410 [00:00<00:00, 5694.69 examples/s]Map: 100%|██████████| 1410/1410 [00:00<00:00, 5225.92 examples/s]
Map:   0%|          | 0/174 [00:00<?, ? examples/s]Map: 100%|██████████| 174/174 [00:00<00:00, 4807.73 examples/s]
Map:   0%|          | 0/1410 [00:00<?, ? examples/s]./run_WANDB_finetune_parameterized.sh: line 47: 568648 Killed                  python src/WANDB_finetune_parameterized.py --model_name "$MODEL_NAME" --dataset_name "$DATASET_NAME" --slice_train "$SLICE_TRAIN" --slice_val "$SLICE_VAL" --batch_size "$BATCH_SIZE" --learning_rate "$LR" --weight_decay "$WEIGHT_DECAY" --logging_steps "$LOGGING_STEPS" --epochs "$EPOCHS" --wandb_project_name "$WANDB_PROJECT_NAME" --wandb_entity "$WANDB_ENTITY" --prompting_type "$PROMPTING_TYPE" --user_prompt_id "$USER_PROMPT_ID" --metric_name "$METRIC_NAME" --control_tokens "data/prompts/control_tokens.json" --system_prompts "data/prompts/system_prompts.json" --user_prompts "data/prompts/user_prompts.json"
slurmstepd: error: Detected 1 oom_kill event in StepId=20991611.batch. Some of the step tasks have been OOM Killed.
