
CondaError: Run 'conda init' before 'conda activate'

wandb: Using wandb-core as the SDK backend.  Please refer to https://wandb.me/wandb-core for more information.
wandb: Appending key for api.wandb.ai to your netrc file: /home/hhubar/.netrc
wandb: Currently logged in as: hanna-hubarava (shtosti) to https://api.wandb.ai. Use `wandb login --relogin` to force relogin
wandb: Tracking run with wandb version 0.19.9
wandb: Run data is saved locally in /scratch/hhubar/keep-it-simple/wandb/run-20250409_135847-bgsntovb
wandb: Run `wandb offline` to turn off syncing.
wandb: Syncing run rosy-shadow-34
wandb: ⭐️ View project at https://wandb.ai/shtosti/thesis-SFT
wandb: 🚀 View run at https://wandb.ai/shtosti/thesis-SFT/runs/bgsntovb
The new embeddings will be initialized from a multivariate normal distribution that has old embeddings' mean and covariance. As described in this article: https://nlp.stanford.edu/~johnhew/vocab-expansion.html. To disable this, use `mean_resizing=False`
The token has not been saved to the git credentials helper. Pass `add_to_git_credential=True` in this function directly or `--add-to-git-credential` if using via `huggingface-cli` if you want to set the git credential as well.
Token is valid (permission: write).
The token `mine` has been saved to /home/hhubar/data/.cache/huggingface/stored_tokens
Your token has been saved to /home/hhubar/data/.cache/huggingface/token
Login successful.
Note: Environment variable`HF_TOKEN` is set and is the current active token independently from the token you've just configured.
The token has not been saved to the git credentials helper. Pass `add_to_git_credential=True` in this function directly or `--add-to-git-credential` if using via `huggingface-cli` if you want to set the git credential as well.
Token is valid (permission: write).
The token `mine` has been saved to /home/hhubar/data/.cache/huggingface/stored_tokens
Your token has been saved to /home/hhubar/data/.cache/huggingface/token
Login successful.
Note: Environment variable`HF_TOKEN` is set and is the current active token independently from the token you've just configured.
Map:   0%|          | 0/1410 [00:00<?, ? examples/s]Map:   0%|          | 1/1410 [00:00<03:55,  5.99 examples/s]Map:  54%|█████▍    | 768/1410 [00:00<00:00, 3538.45 examples/s]Map:  98%|█████████▊| 1387/1410 [00:00<00:00, 4186.70 examples/s]Map: 100%|██████████| 1410/1410 [00:00<00:00, 2037.18 examples/s]
Map:   0%|          | 0/174 [00:00<?, ? examples/s]Map: 100%|██████████| 174/174 [00:00<00:00, 913.43 examples/s]
Map:   0%|          | 0/1410 [00:00<?, ? examples/s]Map:  71%|███████   | 1000/1410 [00:00<00:00, 1478.56 examples/s]Map: 100%|██████████| 1410/1410 [00:00<00:00, 1397.63 examples/s]Map: 100%|██████████| 1410/1410 [00:01<00:00, 888.42 examples/s] 
Map:   0%|          | 0/174 [00:00<?, ? examples/s]Map: 100%|██████████| 174/174 [00:00<00:00, 1134.13 examples/s]Map: 100%|██████████| 174/174 [00:00<00:00, 770.98 examples/s] 
wandb:                                                                                
wandb: 🚀 View run rosy-shadow-34 at: https://wandb.ai/shtosti/thesis-SFT/runs/bgsntovb
wandb: ⭐️ View project at: https://wandb.ai/shtosti/thesis-SFT
wandb: Synced 5 W&B file(s), 0 media file(s), 0 artifact file(s) and 0 other file(s)
wandb: Find logs at: ./wandb/run-20250409_135847-bgsntovb/logs
