
CondaError: Run 'conda init' before 'conda activate'

wandb: Using wandb-core as the SDK backend.  Please refer to https://wandb.me/wandb-core for more information.
wandb: Appending key for api.wandb.ai to your netrc file: /home/hhubar/.netrc
wandb: Currently logged in as: hanna-hubarava (shtosti) to https://api.wandb.ai. Use `wandb login --relogin` to force relogin
wandb: Tracking run with wandb version 0.19.9
wandb: Run data is saved locally in /scratch/hhubar/keep-it-simple/wandb/run-20250416_115934-6ekn8y7t
wandb: Run `wandb offline` to turn off syncing.
wandb: Syncing run worthy-vortex-150
wandb: ⭐️ View project at https://wandb.ai/shtosti/thesis-SFT
wandb: 🚀 View run at https://wandb.ai/shtosti/thesis-SFT/runs/6ekn8y7t
The new embeddings will be initialized from a multivariate normal distribution that has old embeddings' mean and covariance. As described in this article: https://nlp.stanford.edu/~johnhew/vocab-expansion.html. To disable this, use `mean_resizing=False`
The token has not been saved to the git credentials helper. Pass `add_to_git_credential=True` in this function directly or `--add-to-git-credential` if using via `huggingface-cli` if you want to set the git credential as well.
Token is valid (permission: write).
The token `mine` has been saved to /home/hhubar/data/.cache/huggingface/stored_tokens
Your token has been saved to /home/hhubar/data/.cache/huggingface/token
Login successful.
Note: Environment variable`HF_TOKEN` is set and is the current active token independently from the token you've just configured.
The token has not been saved to the git credentials helper. Pass `add_to_git_credential=True` in this function directly or `--add-to-git-credential` if using via `huggingface-cli` if you want to set the git credential as well.
Token is valid (permission: write).
The token `mine` has been saved to /home/hhubar/data/.cache/huggingface/stored_tokens
Your token has been saved to /home/hhubar/data/.cache/huggingface/token
Login successful.
Note: Environment variable`HF_TOKEN` is set and is the current active token independently from the token you've just configured.
Map:   0%|          | 0/100 [00:00<?, ? examples/s]Map: 100%|██████████| 100/100 [00:00<00:00, 991.44 examples/s]Map: 100%|██████████| 100/100 [00:00<00:00, 494.11 examples/s]
Map:   0%|          | 0/100 [00:00<?, ? examples/s]Map: 100%|██████████| 100/100 [00:00<00:00, 3690.41 examples/s]
Map:   0%|          | 0/100 [00:00<?, ? examples/s]Map: 100%|██████████| 100/100 [00:00<00:00, 775.17 examples/s]
Map:   0%|          | 0/100 [00:00<?, ? examples/s]Map: 100%|██████████| 100/100 [00:00<00:00, 943.36 examples/s]Map: 100%|██████████| 100/100 [00:00<00:00, 696.54 examples/s]
/scratch/hhubar/keep-it-simple/src/WANDB_finetune_parameterized.py:204: FutureWarning: `tokenizer` is deprecated and will be removed in version 5.0.0 for `Trainer.__init__`. Use `processing_class` instead.
  trainer = Trainer(
wandb: WARNING The `run_name` is currently set to the same value as `TrainingArguments.output_dir`. If this was not intended, please specify a different run name by setting the `TrainingArguments.run_name` parameter.
  0%|          | 0/12 [00:00<?, ?it/s]  8%|▊         | 1/12 [00:04<00:52,  4.81s/it] 17%|█▋        | 2/12 [00:08<00:43,  4.35s/it] 25%|██▌       | 3/12 [00:12<00:37,  4.21s/it]A decoder-only architecture is being used, but right-padding was detected! For correct generation results, please set `padding_side='left'` when initializing the tokenizer.
../aten/src/ATen/native/cuda/TensorCompare.cu:110: _assert_async_cuda_kernel: block: [0,0,0], thread: [0,0,0] Assertion `probability tensor contains either `inf`, `nan` or element < 0` failed.
 33%|███▎      | 4/12 [00:17<00:33,  4.25s/it]Traceback (most recent call last):
  File "/scratch/hhubar/keep-it-simple/src/WANDB_finetune_parameterized.py", line 296, in <module>
    main()
  File "/scratch/hhubar/keep-it-simple/src/WANDB_finetune_parameterized.py", line 290, in main
    train_model(model, tokenizer, train_dataset, val_dataset, args, output_dir)
  File "/scratch/hhubar/keep-it-simple/src/WANDB_finetune_parameterized.py", line 213, in train_model
    trainer.train()
  File "/home/hhubar/data/conda/envs/sft/lib/python3.12/site-packages/transformers/trainer.py", line 2245, in train
    return inner_training_loop(
           ^^^^^^^^^^^^^^^^^^^^
  File "/home/hhubar/data/conda/envs/sft/lib/python3.12/site-packages/transformers/trainer.py", line 2627, in _inner_training_loop
    self._maybe_log_save_evaluate(
  File "/home/hhubar/data/conda/envs/sft/lib/python3.12/site-packages/transformers/trainer.py", line 3075, in _maybe_log_save_evaluate
    tr_loss_scalar = self._nested_gather(tr_loss).mean().item()
                     ^^^^^^^^^^^^^^^^^^^^^^^^^^^^^^^^^^^
RuntimeError: CUDA error: device-side assert triggered
Compile with `TORCH_USE_CUDA_DSA` to enable device-side assertions.

Traceback (most recent call last):
  File "/scratch/hhubar/keep-it-simple/src/WANDB_finetune_parameterized.py", line 296, in <module>
    main()
  File "/scratch/hhubar/keep-it-simple/src/WANDB_finetune_parameterized.py", line 290, in main
    train_model(model, tokenizer, train_dataset, val_dataset, args, output_dir)
  File "/scratch/hhubar/keep-it-simple/src/WANDB_finetune_parameterized.py", line 213, in train_model
    trainer.train()
  File "/home/hhubar/data/conda/envs/sft/lib/python3.12/site-packages/transformers/trainer.py", line 2245, in train
    return inner_training_loop(
           ^^^^^^^^^^^^^^^^^^^^
  File "/home/hhubar/data/conda/envs/sft/lib/python3.12/site-packages/transformers/trainer.py", line 2627, in _inner_training_loop
    self._maybe_log_save_evaluate(
  File "/home/hhubar/data/conda/envs/sft/lib/python3.12/site-packages/transformers/trainer.py", line 3075, in _maybe_log_save_evaluate
    tr_loss_scalar = self._nested_gather(tr_loss).mean().item()
                     ^^^^^^^^^^^^^^^^^^^^^^^^^^^^^^^^^^^
RuntimeError: CUDA error: device-side assert triggered
Compile with `TORCH_USE_CUDA_DSA` to enable device-side assertions.

