
CondaError: Run 'conda init' before 'conda activate'

wandb: Using wandb-core as the SDK backend.  Please refer to https://wandb.me/wandb-core for more information.
wandb: Appending key for api.wandb.ai to your netrc file: /home/hhubar/.netrc
wandb: Currently logged in as: hanna-hubarava (shtosti) to https://api.wandb.ai. Use `wandb login --relogin` to force relogin
wandb: Tracking run with wandb version 0.19.9
wandb: Run data is saved locally in /scratch/hhubar/keep-it-simple/wandb/run-20250416_115108-sluexx00
wandb: Run `wandb offline` to turn off syncing.
wandb: Syncing run lunar-blaze-147
wandb: ⭐️ View project at https://wandb.ai/shtosti/thesis-SFT
wandb: 🚀 View run at https://wandb.ai/shtosti/thesis-SFT/runs/sluexx00
The new embeddings will be initialized from a multivariate normal distribution that has old embeddings' mean and covariance. As described in this article: https://nlp.stanford.edu/~johnhew/vocab-expansion.html. To disable this, use `mean_resizing=False`
The token has not been saved to the git credentials helper. Pass `add_to_git_credential=True` in this function directly or `--add-to-git-credential` if using via `huggingface-cli` if you want to set the git credential as well.
Token is valid (permission: write).
The token `mine` has been saved to /home/hhubar/data/.cache/huggingface/stored_tokens
Your token has been saved to /home/hhubar/data/.cache/huggingface/token
Login successful.
Note: Environment variable`HF_TOKEN` is set and is the current active token independently from the token you've just configured.
The token has not been saved to the git credentials helper. Pass `add_to_git_credential=True` in this function directly or `--add-to-git-credential` if using via `huggingface-cli` if you want to set the git credential as well.
Token is valid (permission: write).
The token `mine` has been saved to /home/hhubar/data/.cache/huggingface/stored_tokens
Your token has been saved to /home/hhubar/data/.cache/huggingface/token
Login successful.
Note: Environment variable`HF_TOKEN` is set and is the current active token independently from the token you've just configured.
/scratch/hhubar/keep-it-simple/src/WANDB_finetune_parameterized.py:204: FutureWarning: `tokenizer` is deprecated and will be removed in version 5.0.0 for `Trainer.__init__`. Use `processing_class` instead.
  trainer = Trainer(
wandb: WARNING The `run_name` is currently set to the same value as `TrainingArguments.output_dir`. If this was not intended, please specify a different run name by setting the `TrainingArguments.run_name` parameter.
  0%|          | 0/176 [00:00<?, ?it/s]Traceback (most recent call last):
  File "/scratch/hhubar/keep-it-simple/src/WANDB_finetune_parameterized.py", line 292, in <module>
    main()
  File "/scratch/hhubar/keep-it-simple/src/WANDB_finetune_parameterized.py", line 286, in main
    train_model(model, tokenizer, train_dataset, val_dataset, args, output_dir)
  File "/scratch/hhubar/keep-it-simple/src/WANDB_finetune_parameterized.py", line 213, in train_model
    trainer.train()
  File "/home/hhubar/data/conda/envs/sft/lib/python3.12/site-packages/transformers/trainer.py", line 2245, in train
    return inner_training_loop(
           ^^^^^^^^^^^^^^^^^^^^
  File "/home/hhubar/data/conda/envs/sft/lib/python3.12/site-packages/transformers/trainer.py", line 2593, in _inner_training_loop
    _grad_norm = self.accelerator.clip_grad_norm_(
                 ^^^^^^^^^^^^^^^^^^^^^^^^^^^^^^^^^
  File "/home/hhubar/data/conda/envs/sft/lib/python3.12/site-packages/accelerate/accelerator.py", line 2509, in clip_grad_norm_
    self.unscale_gradients()
  File "/home/hhubar/data/conda/envs/sft/lib/python3.12/site-packages/accelerate/accelerator.py", line 2453, in unscale_gradients
    self.scaler.unscale_(opt)
  File "/home/hhubar/data/conda/envs/sft/lib/python3.12/site-packages/torch/amp/grad_scaler.py", line 338, in unscale_
    optimizer_state["found_inf_per_device"] = self._unscale_grads_(
                                              ^^^^^^^^^^^^^^^^^^^^^
  File "/home/hhubar/data/conda/envs/sft/lib/python3.12/site-packages/torch/amp/grad_scaler.py", line 260, in _unscale_grads_
    raise ValueError("Attempting to unscale FP16 gradients.")
ValueError: Attempting to unscale FP16 gradients.
Traceback (most recent call last):
  File "/scratch/hhubar/keep-it-simple/src/WANDB_finetune_parameterized.py", line 292, in <module>
    main()
  File "/scratch/hhubar/keep-it-simple/src/WANDB_finetune_parameterized.py", line 286, in main
    train_model(model, tokenizer, train_dataset, val_dataset, args, output_dir)
  File "/scratch/hhubar/keep-it-simple/src/WANDB_finetune_parameterized.py", line 213, in train_model
    trainer.train()
  File "/home/hhubar/data/conda/envs/sft/lib/python3.12/site-packages/transformers/trainer.py", line 2245, in train
    return inner_training_loop(
           ^^^^^^^^^^^^^^^^^^^^
  File "/home/hhubar/data/conda/envs/sft/lib/python3.12/site-packages/transformers/trainer.py", line 2593, in _inner_training_loop
    _grad_norm = self.accelerator.clip_grad_norm_(
                 ^^^^^^^^^^^^^^^^^^^^^^^^^^^^^^^^^
  File "/home/hhubar/data/conda/envs/sft/lib/python3.12/site-packages/accelerate/accelerator.py", line 2509, in clip_grad_norm_
    self.unscale_gradients()
  File "/home/hhubar/data/conda/envs/sft/lib/python3.12/site-packages/accelerate/accelerator.py", line 2453, in unscale_gradients
    self.scaler.unscale_(opt)
  File "/home/hhubar/data/conda/envs/sft/lib/python3.12/site-packages/torch/amp/grad_scaler.py", line 338, in unscale_
    optimizer_state["found_inf_per_device"] = self._unscale_grads_(
                                              ^^^^^^^^^^^^^^^^^^^^^
  File "/home/hhubar/data/conda/envs/sft/lib/python3.12/site-packages/torch/amp/grad_scaler.py", line 260, in _unscale_grads_
    raise ValueError("Attempting to unscale FP16 gradients.")
ValueError: Attempting to unscale FP16 gradients.
